03-27 20:05:58.032 W/BroadcastQueue( 1565): Background execution not allowed: receiving Intent { act=android.intent.action.PACKAGE_REMOVED dat=package:com.nfclab.e_leap_project flg=0x4000010 (has extras) } to com.facebook.services/com.facebook.oxygen.services.fbns.RegisteredMqttSystemBroadcastReceiver
03-27 20:05:58.032 W/BroadcastQueue( 1565): Background execution not allowed: receiving Intent { act=android.intent.action.PACKAGE_REMOVED dat=package:com.nfclab.e_leap_project flg=0x4000010 (has extras) } to com.google.android.apps.maps/com.google.android.libraries.social.peoplekit.thirdparty.viewcontrollers.ThirdPartyReceiver
03-27 20:05:58.032 W/BroadcastQueue( 1565): Background execution not allowed: receiving Intent { act=android.intent.action.PACKAGE_REMOVED dat=package:com.nfclab.e_leap_project flg=0x4000010 (has extras) } to com.google.android.gms/.games.chimera.GamesSystemBroadcastReceiverProxy
03-27 20:05:58.033 W/BroadcastQueue( 1565): Background execution not allowed: receiving Intent { act=android.intent.action.PACKAGE_REMOVED dat=package:com.nfclab.e_leap_project flg=0x4000010 (has extras) } to com.google.android.gms/.chimera.GmsIntentOperationService$PersistentTrustedReceiver
03-27 20:05:58.033 W/BroadcastQueue( 1565): Background execution not allowed: receiving Intent { act=android.intent.action.PACKAGE_REMOVED dat=package:com.nfclab.e_leap_project flg=0x4000010 (has extras) } to com.google.android.googlequicksearchbox/com.google.android.apps.gsa.googlequicksearchbox.GelStubAppWatcher
03-27 20:05:58.033 W/BroadcastQueue( 1565): Background execution not allowed: receiving Intent { act=android.intent.action.PACKAGE_REMOVED dat=package:com.nfclab.e_leap_project flg=0x4000010 (has extras) } to com.miui.audioeffect/com.android.musicfx.Compatibility$Receiver
03-27 20:05:58.033 W/BroadcastQueue( 1565): Background execution not allowed: receiving Intent { act=android.intent.action.PACKAGE_REMOVED dat=package:com.nfclab.e_leap_project flg=0x4000010 (has extras) } to com.xiaomi.discover/com.xiaomi.market.data.MyPackageMonitor
03-27 20:05:58.056 D/Zygote  (  652): Forked child process 19513
03-27 20:05:58.056 I/Finsky  (18160): [16075] vfn.accept(41): SCH: Scheduling phonesky job Id: 12-1, CT: 1679943957811, Constraints: [{ L: 15000, D: 86400000, C: 1, I: 1, N: 1 }]
03-27 20:05:58.058 D/Boost   ( 1565): hostingType=broadcast, hostingName={com.xiaomi.misettings/com.xiaomi.misettings.usagestats.AppTimerReceiver}, callerPackage=null, isSystem=true, isBoostNeeded=false.
03-27 20:05:58.063 E/SELinux (  536): avc:  denied  { find } for interface=vendor.qti.hardware.servicetracker::IServicetracker sid=u:r:system_server:s0 pid=1565 scontext=u:r:system_server:s0 tcontext=u:object_r:default_android_hwservice:s0 tclass=hwservice_manager permissive=0
03-27 20:05:58.064 I/Finsky  (18160): [16065] xir.apply(9): SCH: Scheduling 1 system job(s)
03-27 20:05:58.065 I/Finsky  (18160): [16065] xwb.d(4): SCH: Scheduling system job Id: 9441, L: 14747, D: 71911445, C: false, I: false, N: 1
03-27 20:05:58.069 D/CompatibilityInfo( 1565): mCompatibilityFlags - 0
03-27 20:05:58.069 D/CompatibilityInfo( 1565): applicationDensity - 480
03-27 20:05:58.069 D/CompatibilityInfo( 1565): applicationScale - 1.0
03-27 20:05:58.071 E/SELinux (  536): avc:  denied  { find } for interface=vendor.qti.hardware.servicetracker::IServicetracker sid=u:r:system_server:s0 pid=1565 scontext=u:r:system_server:s0 tcontext=u:object_r:default_android_hwservice:s0 tclass=hwservice_manager permissive=0
03-27 20:05:58.073 W/aomi.misetting(19513): Using default instruction set features for ARM CPU variant (cortex-a9) using conservative defaults
03-27 20:05:58.076 D/BoundBrokerSvc(25371): onBind: Intent { act=com.google.android.gms.icing.LIGHTWEIGHT_INDEX_SERVICE dat=chimera-action: cmp=com.google.android.gms/.chimera.PersistentApiService }
03-27 20:05:58.076 D/BoundBrokerSvc(25371): Loading bound service for intent: Intent { act=com.google.android.gms.icing.LIGHTWEIGHT_INDEX_SERVICE dat=chimera-action: cmp=com.google.android.gms/.chimera.PersistentApiService }
03-27 20:05:58.085 E/aomi.misetting(19513): Not starting debugger since process cannot load the jdwp agent.
03-27 20:05:58.087 D/InternationalCompat(19394): in international, to init onetrack sdk, isOpenExperience:true
03-27 20:05:58.094 D/OemNetd (  650): setPidForPackage: packageName=com.xiaomi.misettings, pid=19513, pid=1000
03-27 20:05:58.094 I/ActivityManager( 1565): Start proc 19513:com.xiaomi.misettings/1000 for broadcast {com.xiaomi.misettings/com.xiaomi.misettings.usagestats.AppTimerReceiver} caller=null
03-27 20:05:58.097 I/MiuiNetworkPolicy( 1565): updateUidState uid = 10066, uidState = 6
03-27 20:05:58.098 I/MiuiNetworkPolicy( 1565): updateMLUid uid:10066,old:5,new:6
03-27 20:05:58.098 I/MiuiNetworkPolicy( 1565): isMLEnabled state:5,uid:10066,connect:DISCONNECTED
03-27 20:05:58.098 I/MiuiNetworkPolicy( 1565): isMLEnabled state:6,uid:10066,connect:DISCONNECTED
03-27 20:05:58.098 I/BtGatt.ScanManager( 9935): msg.what = 6
03-27 20:05:58.100 E/SELinux (  536): avc:  denied  { find } for interface=vendor.qti.hardware.servicetracker::IServicetracker sid=u:r:system_server:s0 pid=1565 scontext=u:r:system_server:s0 tcontext=u:object_r:default_android_hwservice:s0 tclass=hwservice_manager permissive=0
03-27 20:05:58.103 E/SELinux (  536): avc:  denied  { find } for interface=vendor.qti.hardware.servicetracker::IServicetracker sid=u:r:system_server:s0 pid=1565 scontext=u:r:system_server:s0 tcontext=u:object_r:default_android_hwservice:s0 tclass=hwservice_manager permissive=0
03-27 20:05:58.104 D/OneTrackSdk(19394): log on: false, quick upload on: false
03-27 20:05:58.108 E/SELinux (  536): avc:  denied  { find } for interface=vendor.qti.hardware.servicetracker::IServicetracker sid=u:r:system_server:s0 pid=1565 scontext=u:r:system_server:s0 tcontext=u:object_r:default_android_hwservice:s0 tclass=hwservice_manager permissive=0
03-27 20:05:58.114 I/chatty  (  536): uid=1000(system) hwservicemanage identical 1 line
03-27 20:05:58.121 E/SELinux (  536): avc:  denied  { find } for interface=vendor.qti.hardware.servicetracker::IServicetracker sid=u:r:system_server:s0 pid=1565 scontext=u:r:system_server:s0 tcontext=u:object_r:default_android_hwservice:s0 tclass=hwservice_manager permissive=0
03-27 20:05:58.123 I/Icing   (25204): Usage reports ok 0, Failed Usage reports 0, indexed 0, rejected 0
03-27 20:05:58.131 D/OneTrackImp(19394): OneTrackImp init : Configuration{appId='31*******48', pluginId='null', channel='xiaomi', international=false, region='null', overrideMiuiRegionSetting=false, mode=APP, GAIDEnable=true, IMSIEnable=true, IMEIEnable=true, ExceptionCatcherEnable=false}
03-27 20:05:58.131 D/CompatibilityInfo( 1565): mCompatibilityFlags - 0
03-27 20:05:58.131 D/CompatibilityInfo( 1565): applicationDensity - 480
03-27 20:05:58.131 D/CompatibilityInfo( 1565): applicationScale - 1.0
03-27 20:05:58.141 D/CompatibilityInfo( 1565): mCompatibilityFlags - 0
03-27 20:05:58.141 D/CompatibilityInfo( 1565): applicationDensity - 480
03-27 20:05:58.141 D/CompatibilityInfo( 1565): applicationScale - 1.0
03-27 20:05:58.147 D/Settings:international:cloud:Utils(19394): network changed type:1
03-27 20:05:58.152 E/SELinux (  536): avc:  denied  { find } for interface=vendor.qti.hardware.servicetracker::IServicetracker sid=u:r:system_server:s0 pid=1565 scontext=u:r:system_server:s0 tcontext=u:object_r:default_android_hwservice:s0 tclass=hwservice_manager permissive=0
03-27 20:05:58.152 D/Settings:international:cloud:Utils(19394): network changed type:1
03-27 20:05:58.173 E/SELinux (  536): avc:  denied  { find } for interface=vendor.qti.hardware.servicetracker::IServicetracker sid=u:r:system_server:s0 pid=1565 scontext=u:r:system_server:s0 tcontext=u:object_r:default_android_hwservice:s0 tclass=hwservice_manager permissive=0
03-27 20:05:58.182 D/NetworkSecurityConfig(19394): No Network Security Config specified, using platform default
03-27 20:05:58.187 I/Icing   (25204): IndexChimeraService.getServiceInterface callingPackage=com.google.android.gms componentName=null serviceId=30
03-27 20:05:58.199 E/ResolverController(  650): No valid NAT64 prefix (109, <unspecified>/0)
03-27 20:05:58.241 D/RecommendHelper(19394): Load end, total time78ms
03-27 20:05:58.261 I/GmsCoreXrpcWrapper(25204): Returning a channel provider with trafficStatsTag=12803 trafficStatsUid=-1
03-27 20:05:58.277 I/Icing   (25204): Usage reports ok 0, Failed Usage reports 0, indexed 0, rejected 0
03-27 20:05:58.279 D/AlarmManagerServiceInjector( 1565): adjustAlarmLocked, alarm is not restricted!
03-27 20:05:58.281 I/chatty  ( 1565): uid=1000(system) Binder:1565_9 identical 98 lines
03-27 20:05:58.281 D/AlarmManagerServiceInjector( 1565): adjustAlarmLocked, alarm is not restricted!
03-27 20:05:58.281 D/AlarmManagerServiceInjector( 1565): adjustAlarmLocked, is pending alarm: com.android.providers.calendar, tag: *walarm*:com.android.providers.calendar.intent.CalendarProvider2, whenElapsed: 369333763, now: 110133763
03-27 20:05:58.281 D/AlarmManagerServiceInjector( 1565): adjustAlarmLocked, is pending alarm: com.android.providers.calendar, tag: *walarm*:com.android.providers.calendar.intent.CalendarProvider2, whenElapsed: 369333763, now: 110133763
03-27 20:05:58.281 D/AlarmManagerServiceInjector( 1565): adjustAlarmLocked, is pending alarm: com.instagram.android, tag: *walarm*:action_batch_upload, whenElapsed: 369333763, now: 110133763
03-27 20:05:58.281 D/AlarmManagerServiceInjector( 1565): adjustAlarmLocked, is pending alarm: android, tag: *walarm*:*job.deadline*, whenElapsed: 369921521, now: 110133763
03-27 20:05:58.281 D/AlarmManagerServiceInjector( 1565): adjustAlarmLocked, is pending alarm: com.google.android.googlequicksearchbox, tag: *alarm*:com.google.android.libraries.notifications.SYSTEM_TRAY_EVENT, whenElapsed: 376372482, now: 110133763
03-27 20:05:58.281 D/AlarmManagerServiceInjector( 1565): adjustAlarmLocked, is pending alarm: com.google.android.apps.maps, tag: *alarm*:com.google.android.apps.gmm.plugins.serverrecovery.SCHEDULED_CHECK, whenElapsed: 382862820, now: 110133763
03-27 20:05:58.281 D/AlarmManagerServiceInjector( 1565): adjustAlarmLocked, is pending alarm: com.google.android.calendar, tag: *alarm*:com.google.android.calendar.intent.action.MIDNIGHT, whenElapsed: 383845346, now: 110133763
03-27 20:05:58.281 D/AlarmManagerServiceInjector( 1565): adjustAlarmLocked, is pending alarm: com.lenovo.anyshare.gps, tag: *walarm*:com.ushareit.adcs.action.ADCS_ALARM, whenElapsed: 401516200, now: 110133763
03-27 20:05:58.281 D/AlarmManagerServiceInjector( 1565): adjustAlarmLocked, is pending alarm: com.google.android.googlequicksearchbox, tag: *alarm*:com.google.android.libraries.notifications.SYSTEM_TRAY_EVENT, whenElapsed: 444097482, now: 110133763
03-27 20:05:58.281 D/AlarmManagerServiceInjector( 1565): adjustAlarmLocked, is pending alarm: com.facebook.orca, tag: *alarm*:com.facebook.intent.action.prod.FOR_DELAYED_WORKER_SERVICE, whenElapsed: 448914602, now: 110133763
03-27 20:05:58.281 D/AlarmManagerServiceInjector( 1565): adjustAlarmLocked, is pending alarm: com.facebook.appmanager, tag: *alarm*:com.facebook.oxygen.appmanager.periodicwork.GUARD_BATTERY_CALLBACK, whenElapsed: 608013472, now: 110133763
03-27 20:05:58.281 D/AlarmManagerServiceInjector( 1565): adjustAlarmLocked, is pending alarm: com.facebook.appmanager, tag: *alarm*:backupJobSchedulerCheck, whenElapsed: 627866517, now: 110133763
03-27 20:05:58.281 D/AlarmManagerServiceInjector( 1565): adjustAlarmLocked, alarm is not restricted!
03-27 20:05:58.282 I/chatty  ( 1565): uid=1000(system) Binder:1565_9 identical 74 lines
03-27 20:05:58.282 D/AlarmManagerServiceInjector( 1565): adjustAlarmLocked, alarm is not restricted!
03-27 20:05:58.282 D/AlarmManagerServiceInjector( 1565): adjustAlarmLocked, is pending alarm: android, tag: *walarm*:*job.delay*, whenElapsed: 369348323, now: 110133764
03-27 20:05:58.284 I/Icing   (25204): Indexing com.google.android.gms-apps from com.google.android.gms
03-27 20:05:58.287 W/BpBinder(18160): Slow Binder: BpBinder transact took 220 ms, interface=android.app.job.IJobScheduler, code=1 oneway=false
03-27 20:05:58.291 I/Perf    (19513): Connecting to perf service.
03-27 20:05:58.299 I/Finsky  (18160): [16059] jrb.acg(13): [ContentSync] finished, scheduled=true
03-27 20:05:58.305 I/Icing   (25204): Indexing done com.google.android.gms-apps
03-27 20:05:58.321 E/SELinux (  536): avc:  denied  { find } for interface=vendor.qti.hardware.servicetracker::IServicetracker sid=u:r:system_server:s0 pid=1565 scontext=u:r:system_server:s0 tcontext=u:object_r:default_android_hwservice:s0 tclass=hwservice_manager permissive=0
03-27 20:05:58.324 W/SuperWallpaperReceiver( 2941): task run 
03-27 20:05:58.330 I/DozeHost( 2941): updateWallpaperSupportsAmbientModeState: wallpaperInfo == null
03-27 20:05:58.330 I/MiuiAod.Utils( 2941): setUsingSuperWallpaperStyleState: false
03-27 20:05:58.346 E/libc    (19513): Access denied finding property "ro.vendor.display.type"
03-27 20:05:58.348 I/A       (26186): (REDACTED) soft deleting data for %s
03-27 20:05:58.350 W/Looper  ( 1565): Slow dispatch took 948ms main h=android.app.ActivityThread$H c=android.app.-$$Lambda$LoadedApk$ReceiverDispatcher$Args$_BumDX2UKsnxLVrE6UJsJZkotuA@92d2593 m=0
03-27 20:05:58.350 W/Looper  ( 1565): Slow delivery took 1033ms main h=android.app.ActivityThread$H c=android.app.-$$Lambda$LoadedApk$ReceiverDispatcher$Args$_BumDX2UKsnxLVrE6UJsJZkotuA@c5df9d0 m=0
03-27 20:05:58.357 D/miuisdk (19513): current sdk level is 24
03-27 20:05:58.358 I/miuisdk (19513): initialize without hook
03-27 20:05:58.373 I/A       (26186): Scheduling deletion propagation for Geller data.
03-27 20:05:58.373 I/DeviceAppInfoWork(26186): refreshDeviceAppInfoForAccount done.
03-27 20:05:58.373 I/DeviceAppInfoWork(26186): refreshDeviceAppInfoForAccount done.
03-27 20:05:58.374 I/A       (26186): Scheduling deletion propagation for Geller data.
03-27 20:05:58.374 I/A       (26186): Scheduling deletion propagation for Geller data.
03-27 20:05:58.374 I/DeviceAppInfoWork(26186): refreshDeviceAppInfoForAccount done.
03-27 20:05:58.376 I/A       (26186): Performing deletion propagation for Geller data.
03-27 20:05:58.377 I/A       (26186): Performing deletion propagation for Geller data.
03-27 20:05:58.379 I/A       (26186): Performing deletion propagation for Geller data.
03-27 20:05:58.386 E/RequestUtils(19394): parseContent exception
03-27 20:05:58.386 E/RequestUtils(19394): org.json.JSONException: No value for sample_ratio
03-27 20:05:58.386 E/RequestUtils(19394): 	at org.json.JSONObject.get(JSONObject.java:399)
03-27 20:05:58.386 E/RequestUtils(19394): 	at org.json.JSONObject.getInt(JSONObject.java:488)
03-27 20:05:58.386 E/RequestUtils(19394): 	at com.android.settings.cloud.q.jb(RequestUtils.java:7)
03-27 20:05:58.386 E/RequestUtils(19394): 	at com.android.settings.cloud.p.run(RequestThread.java:3)
03-27 20:05:58.386 E/Settings::RequestThread(19394): request error, operation: 100 , thread: Thread[Thread-3,5,main]
03-27 20:05:58.386 I/RequestUtils(19394): RequestUtils setValidRatioAnalytics: true
03-27 20:05:58.386 I/RequestUtils(19394): RequestUtils isValidRatioAnalytics: true
03-27 20:05:58.401 E/SELinux (  536): avc:  denied  { find } for interface=vendor.qti.hardware.servicetracker::IServicetracker sid=u:r:system_server:s0 pid=1565 scontext=u:r:system_server:s0 tcontext=u:object_r:default_android_hwservice:s0 tclass=hwservice_manager permissive=0
03-27 20:05:58.424 W/Linkify.v16(19513): reflect applyLink failed: 
03-27 20:05:58.424 W/Linkify.v16(19513): miui.reflect.NoSuchMethodException: Couldn't find method android/text/util/Linkify.applyLink(Ljava/lang/String;IILandroid/text/Spannable;)V
03-27 20:05:58.424 W/Linkify.v16(19513): 	at com.miui.internal.os.Native.getMethod(Native Method)
03-27 20:05:58.424 W/Linkify.v16(19513): 	at miui.reflect.Method.of(Method.java:35)
03-27 20:05:58.424 W/Linkify.v16(19513): 	at com.miui.internal.variable.v16.Android_Text_Util_Linkify_class.<clinit>(Android_Text_Util_Linkify_class.java:70)
03-27 20:05:58.424 W/Linkify.v16(19513): 	at java.lang.Class.classForName(Native Method)
03-27 20:05:58.424 W/Linkify.v16(19513): 	at java.lang.Class.forName(Class.java:454)
03-27 20:05:58.424 W/Linkify.v16(19513): 	at java.lang.Class.forName(Class.java:379)
03-27 20:05:58.424 W/Linkify.v16(19513): 	at com.miui.internal.variable.AbsClassFactory.create(AbsClassFactory.java:24)
03-27 20:05:58.424 W/Linkify.v16(19513): 	at com.miui.internal.variable.Android_Text_Util_Linkify_class$Factory.<init>(Android_Text_Util_Linkify_class.java:40)
03-27 20:05:58.424 W/Linkify.v16(19513): 	at com.miui.internal.variable.Android_Text_Util_Linkify_class$Factory.<init>(Android_Text_Util_Linkify_class.java:26)
03-27 20:05:58.424 W/Linkify.v16(19513): 	at com.miui.internal.variable.Android_Text_Util_Linkify_class$Factory$1.createInstance(Android_Text_Util_Linkify_class.java:32)
03-27 20:05:58.424 W/Linkify.v16(19513): 	at com.miui.internal.variable.Android_Text_Util_Linkify_class$Factory$1.createInstance(Android_Text_Util_Linkify_class.java:29)
03-27 20:05:58.424 W/Linkify.v16(19513): 	at miui.util.SoftReferenceSingleton.get(SoftReferenceSingleton.java:25)
03-27 20:05:58.424 W/Linkify.v16(19513): 	at com.miui.internal.variable.Android_Text_Util_Linkify_class$Factory.getInstance(Android_Text_Util_Linkify_class.java:44)
03-27 20:05:58.424 W/Linkify.v16(19513): 	at com.miui.internal.initialization.OverrideHelper.doInitialize(OverrideHelper.java:37)
03-27 20:05:58.424 W/Linkify.v16(19513): 	at miui.core.SdkManager.initialize(SdkManager.java:99)
03-27 20:05:58.424 W/Linkify.v16(19513): 	at java.lang.reflect.Method.invoke(Native Method)
03-27 20:05:58.424 W/Linkify.v16(19513): 	at miui.external.Application.e(Application.java:4)
03-27 20:05:58.424 W/Linkify.v16(19513): 	at miui.external.Application.<init>(Application.java:3)
03-27 20:05:58.424 W/Linkify.v16(19513): 	at com.xiaomi.misettings.Application.<init>(Application.java:1)
03-27 20:05:58.424 W/Linkify.v16(19513): 	at java.lang.Class.newInstance(Native Method)
03-27 20:05:58.424 W/Linkify.v16(19513): 	at android.app.AppComponentFactory.instantiateApplication(AppComponentFactory.java:76)
03-27 20:05:58.424 W/Linkify.v16(19513): 	at androidx.core.app.CoreComponentFactory.instantiateApplication(CoreComponentFactory.java:1)
03-27 20:05:58.424 W/Linkify.v16(19513): 	at android.app.Instrumentation.newApplication(Instrumentation.java:1156)
03-27 20:05:58.424 W/Linkify.v16(19513): 	at android.app.LoadedApk.makeApplication(LoadedApk.java:1222)
03-27 20:05:58.424 W/Linkify.v16(19513): 	at android.app.ActivityThread.handleBindApplication(ActivityThread.java:6553)
03-27 20:05:58.424 W/Linkify.v16(19513): 	at android.app.ActivityThread.access$1400(ActivityThread.java:224)
03-27 20:05:58.424 W/Linkify.v16(19513): 	at android.app.ActivityThread$H.handleMessage(ActivityThread.java:1887)
03-27 20:05:58.424 W/Linkify.v16(19513): 	at android.os.Handler.dispatchMessage(Handler.java:107)
03-27 20:05:58.424 W/Linkify.v16(19513): 	at android.os.Looper.loop(Looper.java:224)
03-27 20:05:58.424 W/Linkify.v16(19513): 	at android.app.ActivityThread.main(ActivityThread.java:7562)
03-27 20:05:58.424 W/Linkify.v16(19513): 	at java.lang.reflect.Method.invoke(Native Method)
03-27 20:05:58.424 W/Linkify.v16(19513): 	at com.android.internal.os.RuntimeInit$MethodAndArgsCaller.run(RuntimeInit.java:539)
03-27 20:05:58.424 W/Linkify.v16(19513): 	at com.android.internal.os.ZygoteInit.main(ZygoteInit.java:950)
03-27 20:05:58.421 W/health@2.0-serv(  775): type=1400 audit(0.0:61051): avc: denied { read } for name="type" dev="sysfs" ino=58539 scontext=u:r:hal_health_default:s0 tcontext=u:object_r:sysfs:s0 tclass=file permissive=0
03-27 20:05:58.500 I/FeatureParser(19513): can't find grus.xml in assets/device_features/,it may be in /system/etc/device_features
03-27 20:05:58.511 W/aomi.misettings(19513): type=1400 audit(0.0:61052): avc: denied { read } for name="u:object_r:vendor_displayfeature_prop:s0" dev="tmpfs" ino=20246 scontext=u:r:system_app:s0 tcontext=u:object_r:vendor_displayfeature_prop:s0 tclass=file permissive=0
03-27 20:05:58.526 E/libc    (19513): Access denied finding property "ro.vendor.df.effect.conflict"
03-27 20:05:58.530 W/LR-CommonUtils(19513): ensureRegisterPreLoadYesterdayAlarm: start register
03-27 20:05:58.535 W/LR-CommonUtils(19513): ensureRegisterPreLoadYesterdayAlarm: today has register
03-27 20:05:58.536 D/Niel-LQuickAppDelegate(19513): --- init() .... START
03-27 20:05:58.538 D/Niel-LQuickAppDelegate(19513): --- init() .... END
03-27 20:05:58.539 D/MiStatInterfaceUtils(19513): ensureHasFinishProvisioned: hasFinishProvisioned=true
03-27 20:05:58.549 D/MiStatInterfaceUtils(19513): ensureHasFinishProvisioned: hasFinishProvisioned=true
03-27 20:05:58.560 D/AndroidRuntime(19500): >>>>>> START com.android.internal.os.RuntimeInit uid 2000 <<<<<<
03-27 20:05:58.585 E/libc    (19500): Access denied finding property "persist.device_config.runtime_native_boot.enable_apex_image"
03-27 20:05:58.585 I/AndroidRuntime(19500): Using default boot image
03-27 20:05:58.585 E/libc    (19500): Access denied finding property "persist.device_config.runtime_native_boot.disable_lock_profiling"
03-27 20:05:58.585 I/AndroidRuntime(19500): Leaving lock profiling enabled
03-27 20:05:58.585 E/libc    (19500): Access denied finding property "persist.device_config.runtime_native_boot.enable_generational_cc"
03-27 20:05:58.571 W/app_process(19500): type=1400 audit(0.0:61053): avc: denied { read } for name="u:object_r:device_config_runtime_native_boot_prop:s0" dev="tmpfs" ino=20130 scontext=u:r:shell:s0 tcontext=u:object_r:device_config_runtime_native_boot_prop:s0 tclass=file permissive=0
03-27 20:05:58.590 I/hwservicemanager(  536): getTransport: Cannot find entry vendor.qti.hardware.iop@2.0::IIop/default in either framework or device manifest.
03-27 20:05:58.592 I/AppTimerReceiver(19513): onReceive: action=android.intent.action.PACKAGE_REMOVED
03-27 20:05:58.593 W/BroadcastQueue( 1565): Background execution not allowed: receiving Intent { act=android.intent.action.PACKAGE_REMOVED dat=package:com.nfclab.e_leap_project flg=0x4000010 (has extras) } to de.telekom.tsc/com.communology.dte.enabler.receiver.PackageChangedReceiver
03-27 20:05:58.593 E/Perf    (19513): Fail to get file list lib
03-27 20:05:58.595 E/Perf    (19513): getFolderSize() : Exception_1 = java.lang.NullPointerException: Attempt to get length of null array
03-27 20:05:58.598 W/BroadcastQueue( 1565): Background execution not allowed: receiving Intent { act=android.intent.action.PACKAGE_REMOVED dat=package:com.nfclab.e_leap_project flg=0x4000010 (has extras) } to com.facebook.katana/com.facebook.feed.platformads.AppInstallReceiver
03-27 20:05:58.598 W/BroadcastQueue( 1565): Background execution not allowed: receiving Intent { act=android.intent.action.PACKAGE_REMOVED dat=package:com.nfclab.e_leap_project flg=0x4000010 (has extras) } to com.google.android.apps.photos/com.google.android.libraries.social.peoplekit.thirdparty.viewcontrollers.ThirdPartyReceiver
03-27 20:05:58.598 W/BroadcastQueue( 1565): Background execution not allowed: receiving Intent { act=android.intent.action.PACKAGE_REMOVED dat=package:com.nfclab.e_leap_project flg=0x4000010 (has extras) } to com.microsoft.office.excel/com.microsoft.android.crosssell.PackageStateReceiver
03-27 20:05:58.598 W/BroadcastQueue( 1565): Background execution not allowed: receiving Intent { act=android.intent.action.PACKAGE_REMOVED dat=package:com.nfclab.e_leap_project flg=0x4000010 (has extras) } to com.p1.mobile.putong/cn.jpush.android.service.PushReceiver
03-27 20:05:58.599 E/Perf    (19513): Fail to get file list com.xiaomi.misettings
03-27 20:05:58.600 E/Perf    (19513): getFolderSize() : Exception_1 = java.lang.NullPointerException: Attempt to get length of null array
03-27 20:05:58.601 D/CompatibilityInfo( 1565): mCompatibilityFlags - 0
03-27 20:05:58.601 D/CompatibilityInfo( 1565): applicationDensity - 480
03-27 20:05:58.601 D/CompatibilityInfo( 1565): applicationScale - 1.0
03-27 20:05:58.601 I/MiuiNetworkPolicy( 1565): updateUidState uid = 90002, uidState = 12
03-27 20:05:58.601 I/MiuiNetworkPolicy( 1565): updateMLUid uid:90002,old:18,new:12
03-27 20:05:58.601 I/MiuiNetworkPolicy( 1565): updateUidState uid = 10135, uidState = 12
03-27 20:05:58.601 I/MiuiNetworkPolicy( 1565): updateMLUid uid:10135,old:18,new:12
03-27 20:05:58.601 I/MiuiNetworkPolicy( 1565): isMLEnabled state:18,uid:10135,connect:DISCONNECTED
03-27 20:05:58.601 I/MiuiNetworkPolicy( 1565): isMLEnabled state:12,uid:10135,connect:DISCONNECTED
03-27 20:05:58.601 I/MiuiNetworkPolicy( 1565): updateUidState uid = 10090, uidState = 12
03-27 20:05:58.601 I/MiuiNetworkPolicy( 1565): updateMLUid uid:10090,old:17,new:12
03-27 20:05:58.601 I/MiuiNetworkPolicy( 1565): isMLEnabled state:17,uid:10090,connect:DISCONNECTED
03-27 20:05:58.601 I/MiuiNetworkPolicy( 1565): isMLEnabled state:12,uid:10090,connect:DISCONNECTED
03-27 20:05:58.634 I/MiuiNetworkPolicy( 1565): updateUidState uid = 90002, uidState = 18
03-27 20:05:58.634 I/MiuiNetworkPolicy( 1565): updateMLUid uid:90002,old:12,new:18
03-27 20:05:58.634 I/MiuiNetworkPolicy( 1565): updateUidState uid = 10135, uidState = 18
03-27 20:05:58.634 I/MiuiNetworkPolicy( 1565): updateMLUid uid:10135,old:12,new:18
03-27 20:05:58.634 I/MiuiNetworkPolicy( 1565): isMLEnabled state:12,uid:10135,connect:DISCONNECTED
03-27 20:05:58.634 I/MiuiNetworkPolicy( 1565): isMLEnabled state:18,uid:10135,connect:DISCONNECTED
03-27 20:05:58.634 I/MiuiNetworkPolicy( 1565): updateUidState uid = 10090, uidState = 17
03-27 20:05:58.634 I/MiuiNetworkPolicy( 1565): updateMLUid uid:10090,old:12,new:17
03-27 20:05:58.634 I/MiuiNetworkPolicy( 1565): isMLEnabled state:12,uid:10090,connect:DISCONNECTED
03-27 20:05:58.634 I/MiuiNetworkPolicy( 1565): isMLEnabled state:17,uid:10090,connect:DISCONNECTED
03-27 20:05:58.634 I/MiuiNetworkPolicy( 1565): updateUidState uid = 10059, uidState = 20
03-27 20:05:58.647 D/Zygote  (  651): Forked child process 19568
03-27 20:05:58.649 D/Boost   ( 1565): hostingType=broadcast, hostingName={com.android.providers.media/com.android.providers.media.MediaReceiver}, callerPackage=null, isSystem=true, isBoostNeeded=false.
03-27 20:05:58.649 D/OemNetd (  650): setPidForPackage: packageName=com.android.providers.media, pid=19568, pid=10059
03-27 20:05:58.649 I/ActivityManager( 1565): Start proc 19568:android.process.media/u0a59 for broadcast {com.android.providers.media/com.android.providers.media.MediaReceiver} caller=null
03-27 20:05:58.663 E/d.process.medi(19568): Not starting debugger since process cannot load the jdwp agent.
03-27 20:05:58.676 D/CompatibilityInfo( 1565): mCompatibilityFlags - 0
03-27 20:05:58.676 D/CompatibilityInfo( 1565): applicationDensity - 480
03-27 20:05:58.676 D/CompatibilityInfo( 1565): applicationScale - 1.0
03-27 20:05:58.682 D/CompatibilityInfo( 1565): mCompatibilityFlags - 0
03-27 20:05:58.682 D/CompatibilityInfo( 1565): applicationDensity - 480
03-27 20:05:58.682 D/CompatibilityInfo( 1565): applicationScale - 1.0
03-27 20:05:58.683 I/MiuiNetworkPolicy( 1565): updateUidState uid = 10059, uidState = 12
03-27 20:05:58.683 I/MiuiNetworkPolicy( 1565): updateMLUid uid:10059,old:20,new:12
03-27 20:05:58.683 I/MiuiNetworkPolicy( 1565): isMLEnabled state:20,uid:10059,connect:DISCONNECTED
03-27 20:05:58.683 I/MiuiNetworkPolicy( 1565): isMLEnabled state:12,uid:10059,connect:DISCONNECTED
03-27 20:05:58.734 I/Perf    (19568): Connecting to perf service.
03-27 20:05:58.743 E/SELinux (  536): avc:  denied  { find } for interface=vendor.qti.hardware.perf::IPerf sid=u:r:mediaprovider:s0:c512,c768 pid=19568 scontext=u:r:mediaprovider:s0:c512,c768 tcontext=u:object_r:hal_perf_hwservice:s0 tclass=hwservice_manager permissive=0
03-27 20:05:58.745 E/libc    (19568): Access denied finding property "vendor.debug.trace.perf"
03-27 20:05:58.745 E/SELinux (  536): avc:  denied  { find } for interface=vendor.qti.hardware.perf::IPerf sid=u:r:mediaprovider:s0:c512,c768 pid=19568 scontext=u:r:mediaprovider:s0:c512,c768 tcontext=u:object_r:hal_perf_hwservice:s0 tclass=hwservice_manager permissive=0
03-27 20:05:58.746 E/libc    (19568): Access denied finding property "vendor.debug.trace.perf"
03-27 20:05:58.772 I/FeatureParser(19568): can't find grus.xml in assets/device_features/,it may be in /system/etc/device_features
03-27 20:05:58.775 E/libc    (19568): Access denied finding property "ro.vendor.df.effect.conflict"
03-27 20:05:58.898 W/Looper  ( 1565): Slow dispatch took 548ms main h=android.app.ActivityThread$H c=android.app.-$$Lambda$LoadedApk$ReceiverDispatcher$Args$_BumDX2UKsnxLVrE6UJsJZkotuA@caea6f2 m=0
03-27 20:05:58.901 D/WifiConfigManager( 1565): Remove all networks for app ApplicationInfo{e670143 com.nfclab.e_leap_project}
03-27 20:05:58.907 W/ZenModeHelper( 1565): No component found for automatic rule: condition://com.android.systemui/forever
03-27 20:05:58.907 I/ConditionProviders( 1565): Disallowing condition provider com.nfclab.e_leap_project
03-27 20:05:58.919 W/Looper  ( 1565): Drained
03-27 20:05:58.919 W/ZenModeHelper( 1565): No component found for automatic rule: condition://com.android.systemui/forever
03-27 20:05:58.924 D/KeyguardUpdateMonitor( 2147): received broadcast android.intent.action.BATTERY_CHANGED
03-27 20:05:58.925 D/NfcService( 4032): Received android.intent.action.BATTERY_CHANGED
03-27 20:05:58.925 I/BatteryInfoReceiver( 4567): ACTION_BATTERY_CHANGED
03-27 20:05:58.927 D/PowerCheckerService( 6431): onBatteryChanged, mBatteryLevel = 99, status = 2, level = 99, plug = 2, scale = 100
03-27 20:05:58.928 I/PowerNoticeUI( 4567): handleBatteryChanged oldPlugType 2 mPlugType 2 oldBatteryLevel 99 mBatteryLevel 99 temperature 300
03-27 20:05:58.932 D/AF::TrackHandle(  876): OpPlayAudio: track:1184 usage:1 not muted
03-27 20:05:58.932 D/AF::TrackHandle(  876): OpPlayAudio: track:1180 usage:1 not muted
03-27 20:05:58.932 D/AF::TrackHandle(  876): OpPlayAudio: track:100 usage:13 not muted
03-27 20:05:58.932 D/AF::TrackHandle(  876): OpPlayAudio: track:1201 usage:13 not muted
03-27 20:05:58.932 D/AF::TrackHandle(  876): OpPlayAudio: track:1184 usage:1 not muted
03-27 20:05:58.933 D/AF::TrackHandle(  876): OpPlayAudio: track:100 usage:13 not muted
03-27 20:05:58.933 D/AF::TrackHandle(  876): OpPlayAudio: track:1180 usage:1 not muted
03-27 20:05:58.933 D/AF::TrackHandle(  876): OpPlayAudio: track:1201 usage:13 not muted
03-27 20:05:58.940 D/AF::TrackHandle(  876): OpPlayAudio: track:1196 usage:1 not muted
03-27 20:05:58.941 D/AF::TrackHandle(  876): OpPlayAudio: track:1196 usage:1 not muted
03-27 20:05:58.942 D/AF::TrackHandle(  876): OpPlayAudio: track:100 usage:13 not muted
03-27 20:05:58.942 D/AF::TrackHandle(  876): OpPlayAudio: track:1180 usage:1 not muted
03-27 20:05:58.943 D/AF::TrackHandle(  876): OpPlayAudio: track:1201 usage:13 not muted
03-27 20:05:58.943 D/AF::TrackHandle(  876): OpPlayAudio: track:1184 usage:1 not muted
03-27 20:05:58.943 D/AF::TrackHandle(  876): OpPlayAudio: track:100 usage:13 not muted
03-27 20:05:58.944 D/AF::TrackHandle(  876): OpPlayAudio: track:1184 usage:1 not muted
03-27 20:05:58.944 D/AF::TrackHandle(  876): OpPlayAudio: track:1180 usage:1 not muted
03-27 20:05:58.944 D/AF::TrackHandle(  876): OpPlayAudio: track:1201 usage:13 not muted
03-27 20:05:58.944 D/AF::TrackHandle(  876): OpPlayAudio: track:1201 usage:13 not muted
03-27 20:05:58.944 D/AF::TrackHandle(  876): OpPlayAudio: track:1184 usage:1 not muted
03-27 20:05:58.945 D/AF::TrackHandle(  876): OpPlayAudio: track:1201 usage:13 not muted
03-27 20:05:58.945 D/AF::TrackHandle(  876): OpPlayAudio: track:1180 usage:1 not muted
03-27 20:05:58.945 D/AF::TrackHandle(  876): OpPlayAudio: track:1180 usage:1 not muted
03-27 20:05:58.945 D/AF::TrackHandle(  876): OpPlayAudio: track:1184 usage:1 not muted
03-27 20:05:58.945 D/AF::TrackHandle(  876): OpPlayAudio: track:100 usage:13 not muted
03-27 20:05:58.946 D/AF::TrackHandle(  876): OpPlayAudio: track:1196 usage:1 not muted
03-27 20:05:58.946 D/AF::TrackHandle(  876): OpPlayAudio: track:100 usage:13 not muted
03-27 20:05:58.946 D/AF::TrackHandle(  876): OpPlayAudio: track:1180 usage:1 not muted
03-27 20:05:58.946 D/AF::TrackHandle(  876): OpPlayAudio: track:1201 usage:13 not muted
03-27 20:05:58.947 D/AF::TrackHandle(  876): OpPlayAudio: track:1184 usage:1 not muted
03-27 20:05:58.947 D/AF::TrackHandle(  876): OpPlayAudio: track:100 usage:13 not muted
03-27 20:05:58.947 D/AF::TrackHandle(  876): OpPlayAudio: track:1180 usage:1 not muted
03-27 20:05:58.947 D/AF::TrackHandle(  876): OpPlayAudio: track:1201 usage:13 not muted
03-27 20:05:58.947 D/AF::TrackHandle(  876): OpPlayAudio: track:1184 usage:1 not muted
03-27 20:05:58.947 D/AF::TrackHandle(  876): OpPlayAudio: track:1180 usage:1 not muted
03-27 20:05:58.947 D/AF::TrackHandle(  876): OpPlayAudio: track:100 usage:13 not muted
03-27 20:05:58.947 D/AF::TrackHandle(  876): OpPlayAudio: track:1196 usage:1 not muted
03-27 20:05:58.948 D/AF::TrackHandle(  876): OpPlayAudio: track:1201 usage:13 not muted
03-27 20:05:58.948 D/AF::TrackHandle(  876): OpPlayAudio: track:1196 usage:1 not muted
03-27 20:05:58.948 D/AF::TrackHandle(  876): OpPlayAudio: track:1180 usage:1 not muted
03-27 20:05:58.948 D/AF::TrackHandle(  876): OpPlayAudio: track:1201 usage:13 not muted
03-27 20:05:58.948 D/AF::TrackHandle(  876): OpPlayAudio: track:1184 usage:1 not muted
03-27 20:05:58.948 D/AF::TrackHandle(  876): OpPlayAudio: track:1196 usage:1 not muted
03-27 20:05:58.948 D/AF::TrackHandle(  876): OpPlayAudio: track:100 usage:13 not muted
03-27 20:05:58.949 D/AF::TrackHandle(  876): OpPlayAudio: track:1201 usage:13 not muted
03-27 20:05:58.949 D/AF::TrackHandle(  876): OpPlayAudio: track:1196 usage:1 not muted
03-27 20:05:58.949 D/AF::TrackHandle(  876): OpPlayAudio: track:1180 usage:1 not muted
03-27 20:05:58.949 D/AF::TrackHandle(  876): OpPlayAudio: track:1184 usage:1 not muted
03-27 20:05:58.949 D/AF::TrackHandle(  876): OpPlayAudio: track:1180 usage:1 not muted
03-27 20:05:58.949 D/AF::TrackHandle(  876): OpPlayAudio: track:100 usage:13 not muted
03-27 20:05:58.949 D/AF::TrackHandle(  876): OpPlayAudio: track:1196 usage:1 not muted
03-27 20:05:58.949 D/AF::TrackHandle(  876): OpPlayAudio: track:1201 usage:13 not muted
03-27 20:05:58.949 D/AF::TrackHandle(  876): OpPlayAudio: track:1180 usage:1 not muted
03-27 20:05:58.950 D/AF::TrackHandle(  876): OpPlayAudio: track:100 usage:13 not muted
03-27 20:05:58.950 D/AF::TrackHandle(  876): OpPlayAudio: track:1196 usage:1 not muted
03-27 20:05:58.950 D/AF::TrackHandle(  876): OpPlayAudio: track:1184 usage:1 not muted
03-27 20:05:58.950 D/AF::TrackHandle(  876): OpPlayAudio: track:100 usage:13 not muted
03-27 20:05:58.950 D/AF::TrackHandle(  876): OpPlayAudio: track:1201 usage:13 not muted
03-27 20:05:58.950 D/AF::TrackHandle(  876): OpPlayAudio: track:1196 usage:1 not muted
03-27 20:05:58.951 D/AF::TrackHandle(  876): OpPlayAudio: track:1180 usage:1 not muted
03-27 20:05:58.951 D/AF::TrackHandle(  876): OpPlayAudio: track:1201 usage:13 not muted
03-27 20:05:58.951 D/AF::TrackHandle(  876): OpPlayAudio: track:100 usage:13 not muted
03-27 20:05:58.951 D/AF::TrackHandle(  876): OpPlayAudio: track:1196 usage:1 not muted
03-27 20:05:58.951 D/AF::TrackHandle(  876): OpPlayAudio: track:1180 usage:1 not muted
03-27 20:05:58.951 D/AF::TrackHandle(  876): OpPlayAudio: track:100 usage:13 not muted
03-27 20:05:58.952 D/AF::TrackHandle(  876): OpPlayAudio: track:1201 usage:13 not muted
03-27 20:05:58.952 D/AF::TrackHandle(  876): OpPlayAudio: track:1196 usage:1 not muted
03-27 20:05:58.952 D/AF::TrackHandle(  876): OpPlayAudio: track:100 usage:13 not muted
03-27 20:05:58.952 D/AF::TrackHandle(  876): OpPlayAudio: track:1184 usage:1 not muted
03-27 20:05:58.952 D/AF::TrackHandle(  876): OpPlayAudio: track:100 usage:13 not muted
03-27 20:05:58.952 D/AF::TrackHandle(  876): OpPlayAudio: track:1196 usage:1 not muted
03-27 20:05:58.952 D/AF::TrackHandle(  876): OpPlayAudio: track:1184 usage:1 not muted
03-27 20:05:58.953 D/AF::TrackHandle(  876): OpPlayAudio: track:1196 usage:1 not muted
03-27 20:05:58.953 D/AF::TrackHandle(  876): OpPlayAudio: track:1196 usage:1 not muted
03-27 20:05:58.953 D/AF::TrackHandle(  876): OpPlayAudio: track:1184 usage:1 not muted
03-27 20:05:58.953 D/AF::TrackHandle(  876): OpPlayAudio: track:1196 usage:1 not muted
03-27 20:05:58.953 D/AF::TrackHandle(  876): OpPlayAudio: track:1184 usage:1 not muted
03-27 20:05:58.954 D/AF::TrackHandle(  876): OpPlayAudio: track:1184 usage:1 not muted
03-27 20:05:58.956 D/AF::TrackHandle(  876): OpPlayAudio: track:1201 usage:13 not muted
03-27 20:05:58.956 D/AF::TrackHandle(  876): OpPlayAudio: track:1180 usage:1 not muted
03-27 20:05:58.958 D/ICU     (19500): Time zone APEX file found: /apex/com.android.tzdata/etc/icu/icu_tzdata.dat
03-27 20:05:58.979 D/Launcher.Model( 2394): LauncherAppsCallback onPackageRemoved|com.nfclab.e_leap_project|UserHandle{0}
03-27 20:05:58.979 W/XSpaceManagerService( 1565): update XSpace App: packageName:com.nfclab.e_leap_project, user:UserHandle{0}, action:android.intent.action.PACKAGE_REMOVED
03-27 20:05:58.980 D/Launcher.Model( 2394): Got broadcast:Intent { act=android.intent.action.PACKAGE_REMOVED dat=package:com.nfclab.e_leap_project (has extras) }
03-27 20:05:58.996 I/RoleUserState( 1565): Wrote roles.xml successfully
03-27 20:05:58.999 D/Launcher.LauncherUtils( 2394): isPackageDisableAsUser
03-27 20:05:58.999 D/Launcher.LauncherUtils( 2394): android.content.pm.PackageManager$NameNotFoundException: com.nfclab.e_leap_project
03-27 20:05:58.999 D/Launcher.LauncherUtils( 2394): 	at android.app.ApplicationPackageManager.getPackageInfoAsUser(ApplicationPackageManager.java:194)
03-27 20:05:58.999 D/Launcher.LauncherUtils( 2394): 	at com.miui.launcher.utils.LauncherUtils.isPackageDisableAsUser(LauncherUtils.java:243)
03-27 20:05:58.999 D/Launcher.LauncherUtils( 2394): 	at com.miui.launcher.utils.LauncherUtils.isAppBackupRunning(LauncherUtils.java:315)
03-27 20:05:58.999 D/Launcher.LauncherUtils( 2394): 	at com.miui.home.launcher.AllAppsList.removePackage(AllAppsList.java:404)
03-27 20:05:58.999 D/Launcher.LauncherUtils( 2394): 	at com.miui.home.launcher.LauncherModel.onReceiveBackground(LauncherModel.java:969)
03-27 20:05:58.999 D/Launcher.LauncherUtils( 2394): 	at com.miui.home.launcher.LauncherModel$LauncherAppsCallback$2.run(LauncherModel.java:336)
03-27 20:05:58.999 D/Launcher.LauncherUtils( 2394): 	at com.miui.home.launcher.LauncherModel$8.run(LauncherModel.java:882)
03-27 20:05:58.999 D/Launcher.LauncherUtils( 2394): 	at android.os.Handler.handleCallback(Handler.java:883)
03-27 20:05:58.999 D/Launcher.LauncherUtils( 2394): 	at android.os.Handler.dispatchMessage(Handler.java:100)
03-27 20:05:58.999 D/Launcher.LauncherUtils( 2394): 	at android.os.Looper.loop(Looper.java:224)
03-27 20:05:58.999 D/Launcher.LauncherUtils( 2394): 	at android.os.HandlerThread.run(HandlerThread.java:67)
03-27 20:05:58.999 D/Launcher.LauncherUtils( 2394): app(com.nfclab.e_leap_project|UserHandle{0}) isDisable=false, backupProcessingPkg=null
03-27 20:05:59.001 D/Launcher.LauncherUtils( 2394): isPackageDisableAsUser
03-27 20:05:59.001 D/Launcher.LauncherUtils( 2394): android.content.pm.PackageManager$NameNotFoundException: com.nfclab.e_leap_project
03-27 20:05:59.001 D/Launcher.LauncherUtils( 2394): 	at android.app.ApplicationPackageManager.getPackageInfoAsUser(ApplicationPackageManager.java:194)
03-27 20:05:59.001 D/Launcher.LauncherUtils( 2394): 	at com.miui.launcher.utils.LauncherUtils.isPackageDisableAsUser(LauncherUtils.java:243)
03-27 20:05:59.001 D/Launcher.LauncherUtils( 2394): 	at com.miui.home.launcher.AllAppsList.onAppRemoved(AllAppsList.java:513)
03-27 20:05:59.001 D/Launcher.LauncherUtils( 2394): 	at com.miui.home.launcher.AllAppsList.removePackage(AllAppsList.java:405)
03-27 20:05:59.001 D/Launcher.LauncherUtils( 2394): 	at com.miui.home.launcher.LauncherModel.onReceiveBackground(LauncherModel.java:969)
03-27 20:05:59.001 D/Launcher.LauncherUtils( 2394): 	at com.miui.home.launcher.LauncherModel$LauncherAppsCallback$2.run(LauncherModel.java:336)
03-27 20:05:59.001 D/Launcher.LauncherUtils( 2394): 	at com.miui.home.launcher.LauncherModel$8.run(LauncherModel.java:882)
03-27 20:05:59.001 D/Launcher.LauncherUtils( 2394): 	at android.os.Handler.handleCallback(Handler.java:883)
03-27 20:05:59.001 D/Launcher.LauncherUtils( 2394): 	at android.os.Handler.dispatchMessage(Handler.java:100)
03-27 20:05:59.001 D/Launcher.LauncherUtils( 2394): 	at android.os.Looper.loop(Looper.java:224)
03-27 20:05:59.001 D/Launcher.LauncherUtils( 2394): 	at android.os.HandlerThread.run(HandlerThread.java:67)
03-27 20:05:59.006 D/Launcher.LauncherUtils( 2394): isPackageDisableAsUser
03-27 20:05:59.006 D/Launcher.LauncherUtils( 2394): android.content.pm.PackageManager$NameNotFoundException: com.nfclab.e_leap_project
03-27 20:05:59.006 D/Launcher.LauncherUtils( 2394): 	at android.app.ApplicationPackageManager.getPackageInfoAsUser(ApplicationPackageManager.java:194)
03-27 20:05:59.006 D/Launcher.LauncherUtils( 2394): 	at com.miui.launcher.utils.LauncherUtils.isPackageDisableAsUser(LauncherUtils.java:243)
03-27 20:05:59.006 D/Launcher.LauncherUtils( 2394): 	at com.miui.launcher.utils.LauncherUtils.isAppBackupRunning(LauncherUtils.java:315)
03-27 20:05:59.006 D/Launcher.LauncherUtils( 2394): 	at com.miui.home.launcher.AllAppsList.removePackage(AllAppsList.java:404)
03-27 20:05:59.006 D/Launcher.LauncherUtils( 2394): 	at com.miui.home.launcher.LauncherModel.onReceiveBackground(LauncherModel.java:969)
03-27 20:05:59.006 D/Launcher.LauncherUtils( 2394): 	at com.miui.home.launcher.LauncherModel$LauncherAppsCallback$2.run(LauncherModel.java:336)
03-27 20:05:59.006 D/Launcher.LauncherUtils( 2394): 	at com.miui.home.launcher.LauncherModel$8.run(LauncherModel.java:882)
03-27 20:05:59.006 D/Launcher.LauncherUtils( 2394): 	at android.os.Handler.handleCallback(Handler.java:883)
03-27 20:05:59.006 D/Launcher.LauncherUtils( 2394): 	at android.os.Handler.dispatchMessage(Handler.java:100)
03-27 20:05:59.006 D/Launcher.LauncherUtils( 2394): 	at android.os.Looper.loop(Looper.java:224)
03-27 20:05:59.006 D/Launcher.LauncherUtils( 2394): 	at android.os.HandlerThread.run(HandlerThread.java:67)
03-27 20:05:59.006 D/Launcher.LauncherUtils( 2394): app(com.nfclab.e_leap_project|UserHandle{0}) isDisable=false, backupProcessingPkg=null
03-27 20:05:59.007 D/Launcher.LauncherUtils( 2394): isPackageDisableAsUser
03-27 20:05:59.007 D/Launcher.LauncherUtils( 2394): android.content.pm.PackageManager$NameNotFoundException: com.nfclab.e_leap_project
03-27 20:05:59.007 D/Launcher.LauncherUtils( 2394): 	at android.app.ApplicationPackageManager.getPackageInfoAsUser(ApplicationPackageManager.java:194)
03-27 20:05:59.007 D/Launcher.LauncherUtils( 2394): 	at com.miui.launcher.utils.LauncherUtils.isPackageDisableAsUser(LauncherUtils.java:243)
03-27 20:05:59.007 D/Launcher.LauncherUtils( 2394): 	at com.miui.home.launcher.AllAppsList.onAppRemoved(AllAppsList.java:513)
03-27 20:05:59.007 D/Launcher.LauncherUtils( 2394): 	at com.miui.home.launcher.AllAppsList.removePackage(AllAppsList.java:405)
03-27 20:05:59.007 D/Launcher.LauncherUtils( 2394): 	at com.miui.home.launcher.LauncherModel.onReceiveBackground(LauncherModel.java:969)
03-27 20:05:59.007 D/Launcher.LauncherUtils( 2394): 	at com.miui.home.launcher.LauncherModel$LauncherAppsCallback$2.run(LauncherModel.java:336)
03-27 20:05:59.007 D/Launcher.LauncherUtils( 2394): 	at com.miui.home.launcher.LauncherModel$8.run(LauncherModel.java:882)
03-27 20:05:59.007 D/Launcher.LauncherUtils( 2394): 	at android.os.Handler.handleCallback(Handler.java:883)
03-27 20:05:59.007 D/Launcher.LauncherUtils( 2394): 	at android.os.Handler.dispatchMessage(Handler.java:100)
03-27 20:05:59.007 D/Launcher.LauncherUtils( 2394): 	at android.os.Looper.loop(Looper.java:224)
03-27 20:05:59.007 D/Launcher.LauncherUtils( 2394): 	at android.os.HandlerThread.run(HandlerThread.java:67)
03-27 20:05:59.007 D/AutoInstallsParser( 2394): isPAIPackageName: com.nfclab.e_leap_project
03-27 20:05:59.014 D/WifiConfigStore( 1565): Writing to stores completed in 90 ms.
03-27 20:05:59.014 E/PasspointManager( 1565): No app ops listener found for com.nfclab.e_leap_project
03-27 20:05:59.020 E/AutoInstallsParser( 2394): Layout definition not found in package: android.autoinstalls.config.Xiaomi.grus
03-27 20:05:59.020 D/StatusBar( 2147): onNotificationPosted key=0|com.google.android.gms|2131362205|null|10066 isUpdate=false
03-27 20:05:59.023 I/NotificationController( 2941): onNotificationPosted: mSmartTravelNotificationMap 0
03-27 20:05:59.026 D/Launcher.Model( 2394): onReceiveBackground, mAllAppsList=add=[], remove=[(0, AppInfo, id=-1, itemType=0, user=UserHandle{0}, mIconType=0, pkgName=com.nfclab.e_leap_project, className=com.nfclab.e_leap_project.MainActivity, screenId=-1, container=-1, cellX=-1, cellY=-1, spanX=1, spanY=1, isLandscapePos=false)(1, AppInfo, id=-1, itemType=0, user=UserHandle{0}, mIconType=0, pkgName=com.nfclab.e_leap_project, className=com.nfclab.e_leap_project.Register, screenId=-1, container=-1, cellX=-1, cellY=-1, spanX=1, spanY=1, isLandscapePos=false)], modified=[]
03-27 20:05:59.027 D/Launcher( 2394): remove icon when bind apps removed:ShortcutInfo, id=490, itemType=0, user=UserHandle{0}, mIconType=0, pkgName=com.nfclab.e_leap_project, className=com.nfclab.e_leap_project.MainActivity, screenId=4, container=-100, cellX=2, cellY=5, spanX=1, spanY=1, isLandscapePos=false
03-27 20:05:59.027 D/Launcher( 2394): removeShortcutIcon, remove icon from CellLayout, info=ShortcutInfo, id=490, itemType=0, user=UserHandle{0}, mIconType=0, pkgName=com.nfclab.e_leap_project, className=com.nfclab.e_leap_project.MainActivity, screenId=4, container=-100, cellX=2, cellY=5, spanX=1, spanY=1, isLandscapePos=false
03-27 20:05:59.027 D/Launcher.CellLayout( 2394): remove icon for ShortcutInfo, id=490, itemType=0, user=UserHandle{0}, mIconType=0, pkgName=com.nfclab.e_leap_project, className=com.nfclab.e_leap_project.MainActivity, screenId=4, container=-100, cellX=2, cellY=5, spanX=1, spanY=1, isLandscapePos=false
03-27 20:05:59.027 D/Launcher.CellLayout( 2394): updateCellOccupiedMarks, remove, ShortcutInfo, id=490, itemType=0, user=UserHandle{0}, mIconType=0, pkgName=com.nfclab.e_leap_project, className=com.nfclab.e_leap_project.MainActivity, screenId=4, container=-100, cellX=2, cellY=5, spanX=1, spanY=1, isLandscapePos=false
03-27 20:05:59.027 D/EventBus( 2394): No subscribers registered for event class com.miui.home.launcher.common.messages.CellLayoutMessage
03-27 20:05:59.028 D/EventBus( 2394): No subscribers registered for event class org.greenrobot.eventbus.NoSubscriberEvent
03-27 20:05:59.029 D/Launcher( 2394): removeShortcutIcon, info=(ShortcutInfo, id=490, itemType=0, user=UserHandle{0}, mIconType=0, pkgName=com.nfclab.e_leap_project, className=com.nfclab.e_leap_project.MainActivity, screenId=4, container=-100, cellX=2, cellY=5, spanX=1, spanY=1, isLandscapePos=false), addedLater=false, removeFromDB=true
03-27 20:05:59.030 D/Launcher.Model( 2394): Deleting item from database (2, 5) of screen 4
03-27 20:05:59.030 D/Launcher.Model( 2394): deleteItemFromDatabase, item=ShortcutInfo, id=490, itemType=0, user=UserHandle{0}, mIconType=0, pkgName=com.nfclab.e_leap_project, className=com.nfclab.e_leap_project.MainActivity, screenId=4, container=-100, cellX=2, cellY=5, spanX=1, spanY=1, isLandscapePos=false
03-27 20:05:59.030 D/Launcher( 2394): Start filling empty cell
03-27 20:05:59.030 D/Launcher( 2394): remove icon when bind apps removed:ShortcutInfo, id=489, itemType=0, user=UserHandle{0}, mIconType=0, pkgName=com.nfclab.e_leap_project, className=com.nfclab.e_leap_project.Register, screenId=4, container=-100, cellX=1, cellY=5, spanX=1, spanY=1, isLandscapePos=false
03-27 20:05:59.030 W/PushService( 6636): [Tid:2] this sbn is not at my space
03-27 20:05:59.030 D/Launcher( 2394): removeShortcutIcon, remove icon from CellLayout, info=ShortcutInfo, id=489, itemType=0, user=UserHandle{0}, mIconType=0, pkgName=com.nfclab.e_leap_project, className=com.nfclab.e_leap_project.Register, screenId=4, container=-100, cellX=1, cellY=5, spanX=1, spanY=1, isLandscapePos=false
03-27 20:05:59.030 D/Launcher.CellLayout( 2394): remove icon for ShortcutInfo, id=489, itemType=0, user=UserHandle{0}, mIconType=0, pkgName=com.nfclab.e_leap_project, className=com.nfclab.e_leap_project.Register, screenId=4, container=-100, cellX=1, cellY=5, spanX=1, spanY=1, isLandscapePos=false
03-27 20:05:59.030 D/Launcher.CellLayout( 2394): updateCellOccupiedMarks, remove, ShortcutInfo, id=489, itemType=0, user=UserHandle{0}, mIconType=0, pkgName=com.nfclab.e_leap_project, className=com.nfclab.e_leap_project.Register, screenId=4, container=-100, cellX=1, cellY=5, spanX=1, spanY=1, isLandscapePos=false
03-27 20:05:59.030 D/EventBus( 2394): No subscribers registered for event class com.miui.home.launcher.common.messages.CellLayoutMessage
03-27 20:05:59.030 D/EventBus( 2394): No subscribers registered for event class org.greenrobot.eventbus.NoSubscriberEvent
03-27 20:05:59.031 D/Launcher( 2394): removeShortcutIcon, info=(ShortcutInfo, id=489, itemType=0, user=UserHandle{0}, mIconType=0, pkgName=com.nfclab.e_leap_project, className=com.nfclab.e_leap_project.Register, screenId=4, container=-100, cellX=1, cellY=5, spanX=1, spanY=1, isLandscapePos=false), addedLater=false, removeFromDB=true
03-27 20:05:59.031 D/Launcher.Model( 2394): Deleting item from database (1, 5) of screen 4
03-27 20:05:59.031 D/Launcher.Model( 2394): deleteItemFromDatabase, item=ShortcutInfo, id=489, itemType=0, user=UserHandle{0}, mIconType=0, pkgName=com.nfclab.e_leap_project, className=com.nfclab.e_leap_project.Register, screenId=4, container=-100, cellX=1, cellY=5, spanX=1, spanY=1, isLandscapePos=false
03-27 20:05:59.031 D/Launcher( 2394): Start filling empty cell
