03-27 20:05:57.456 E/SELinux (  536): avc:  denied  { find } for interface=vendor.qti.hardware.servicetracker::IServicetracker sid=u:r:system_server:s0 pid=1565 scontext=u:r:system_server:s0 tcontext=u:object_r:default_android_hwservice:s0 tclass=hwservice_manager permissive=0
03-27 20:05:57.462 D/AlarmManagerServiceInjector( 1565): adjustAlarmLocked, alarm is not restricted!
03-27 20:05:57.462 I/Finsky  (18160): [2] uyb.s(5): Package no longer installed: com.nfclab.e_leap_project
03-27 20:05:57.465 D/Zygote  (  651): Forked child process 19417
03-27 20:05:57.469 D/Boost   ( 1565): hostingType=service, hostingName={com.android.keychain/com.android.keychain.KeyChainService}, callerPackage=android, isSystem=true, isBoostNeeded=false.
03-27 20:05:57.472 D/NfcService( 4032): updatePermittedPackageCache Entering...
03-27 20:05:57.476 D/NtpTrustedTime( 1565): currentTimeMillis() cache hit
03-27 20:05:57.478 I/NotificationService(14945): onStartCommand: com.miui.cleanmaster.GARBAGE_PKG_REMOVED
03-27 20:05:57.485 I/InputReader( 1565): Reconfiguring input devices.  changes=0x00000010
03-27 20:05:57.494 E/ndroid.keychai(19417): Not starting debugger since process cannot load the jdwp agent.
03-27 20:05:57.496 I/NotificationService(14945): checkApk: time interval not enough!!!
03-27 20:05:57.509 I/Finsky  (18160): [16137] ndw.run(3): Frosting DB delete succeeded: true
03-27 20:05:57.513 W/ActivityManager( 1565): Slow operation: 112ms so far, now at startProcess: done updating battery stats
03-27 20:05:57.520 D/NfcService( 4032): updatePermittedPackageCache Exit
03-27 20:05:57.521 D/RegisteredServicesCache( 4032): Intent action: android.intent.action.PACKAGE_REMOVED
03-27 20:05:57.521 D/PackageManagerServiceInjector( 1565): MIUILOG- permission　denied android.permission.GRANT_RUNTIME_PERMISSIONS
03-27 20:05:57.521 D/OemNetd (  650): setPidForPackage: packageName=com.android.keychain, pid=19417, pid=1000
03-27 20:05:57.522 W/ActivityManager( 1565): Slow operation: 121ms so far, now at startProcess: building log message
03-27 20:05:57.522 I/ActivityManager( 1565): Start proc 19417:com.android.keychain/1000 for service {com.android.keychain/com.android.keychain.KeyChainService} caller=android
03-27 20:05:57.522 W/ActivityManager( 1565): Slow operation: 121ms so far, now at startProcess: starting to update pids map
03-27 20:05:57.522 W/ActivityManager( 1565): Slow operation: 121ms so far, now at startProcess: done updating pids map
03-27 20:05:57.524 D/RegisteredNxpServicesCache( 4032): uninstall packageName:com.nfclab.e_leap_project
03-27 20:05:57.525 E/OverviewComponentObserver( 2394): updateOverviewTargets: defaultHome=ComponentInfo{com.miui.home/com.miui.home.launcher.Launcher}
03-27 20:05:57.525 W/RecentsImpl( 2394): setIsUseMiuiHomeAsDefaultHome    isUseMiuiHomeAsDefaultHome=true   mIsUseMiuiHomeAsDefaultHome=true
03-27 20:05:57.527 D/CompatibilityInfo( 1565): mCompatibilityFlags - 0
03-27 20:05:57.527 D/CompatibilityInfo( 1565): applicationDensity - 480
03-27 20:05:57.527 D/CompatibilityInfo( 1565): applicationScale - 1.0
03-27 20:05:57.534 D/CompatibilityInfo( 1565): mCompatibilityFlags - 0
03-27 20:05:57.534 D/CompatibilityInfo( 1565): applicationDensity - 480
03-27 20:05:57.534 D/CompatibilityInfo( 1565): applicationScale - 1.0
03-27 20:05:57.538 D/CompatibilityInfo( 1565): mCompatibilityFlags - 0
03-27 20:05:57.538 D/CompatibilityInfo( 1565): applicationDensity - 480
03-27 20:05:57.538 D/CompatibilityInfo( 1565): applicationScale - 1.0
03-27 20:05:57.541 D/RegisteredServicesCache( 4032): Adding service: ComponentInfo{com.google.android.gms/com.google.android.gms.nearby.mediums.nearfieldcommunication.NfcAdvertisingService} AIDs: [F00000FE2C]
03-27 20:05:57.542 D/RegisteredServicesCache( 4032): Adding service: ComponentInfo{com.google.android.gms/com.google.android.gms.pay.hce.service.PayHceService} AIDs: []
03-27 20:05:57.542 D/RegisteredServicesCache( 4032): Adding service: ComponentInfo{com.google.android.gms/com.google.android.gms.tapandpay.hce.service.TpHceService} AIDs: [325041592E5359532E4444463031, A0000000041010, A0000000042203, A0000000043060, A0000000031010, A0000000980840, A0000000032010, A0000000032020, A00000000307010001, A0000003241010, A0000001523010, A0000001524010, A00000002501, A000000025011001, A000000025021001, A0000002771010, A00000038410, A00000038420, A0000004941010, A0000004942010, A0000000049101, A0000007800006, A0000006581010]
03-27 20:05:57.542 D/RegisteredServicesCache( 4032):  Reading service state data always from file
03-27 20:05:57.542 D/CompatibilityInfo( 1565): mCompatibilityFlags - 0
03-27 20:05:57.542 D/CompatibilityInfo( 1565): applicationDensity - 480
03-27 20:05:57.542 D/CompatibilityInfo( 1565): applicationScale - 1.0
03-27 20:05:57.543 E/SELinux (  536): avc:  denied  { find } for interface=vendor.qti.hardware.servicetracker::IServicetracker sid=u:r:system_server:s0 pid=1565 scontext=u:r:system_server:s0 tcontext=u:object_r:default_android_hwservice:s0 tclass=hwservice_manager permissive=0
03-27 20:05:57.544 D/RegisteredServicesCache( 4032): ServiceStateFileVersion=1.0
03-27 20:05:57.544 E/RegisteredServicesCache( 4032): Next Tag=services
03-27 20:05:57.544 D/RegisteredServicesCache( 4032):  curr component com.google.android.gms/com.google.android.gms.nearby.mediums.nearfieldcommunication.NfcAdvertisingService
03-27 20:05:57.544 D/RegisteredServicesCache( 4032):  curr uid 10066
03-27 20:05:57.544 D/RegisteredServicesCache( 4032):  curr state 1
03-27 20:05:57.544 E/RegisteredServicesCache( 4032): installedServices no uidString 
03-27 20:05:57.544 D/RegisteredServicesCache( 4032):  curr component com.google.android.gms/com.google.android.gms.pay.hce.service.PayHceService
03-27 20:05:57.544 D/RegisteredServicesCache( 4032):  curr uid 10066
03-27 20:05:57.544 D/RegisteredServicesCache( 4032):  curr state 1
03-27 20:05:57.544 E/RegisteredServicesCache( 4032): installedServices contains uidString : 10066
03-27 20:05:57.544 D/RegisteredServicesCache( 4032):  curr component com.google.android.gms/com.google.android.gms.nearby.mediums.nearfieldcommunication.NfcAdvertisingService
03-27 20:05:57.544 D/RegisteredServicesCache( 4032):  curr uid 1110066
03-27 20:05:57.544 D/RegisteredServicesCache( 4032):  curr state 2
03-27 20:05:57.544 E/RegisteredServicesCache( 4032): installedServices no uidString 
03-27 20:05:57.545 E/RegisteredServicesCache( 4032): 1invalidateCache:WriteServiceStateToFile
03-27 20:05:57.545 E/RegisteredServicesCache( 4032):  Writing service state Data Always
03-27 20:05:57.547 D/AlarmManagerServiceInjector( 1565): adjustAlarmLocked, alarm is not restricted!
03-27 20:05:57.547 E/RegisteredServicesCache( 4032): component namecom.google.android.gms/com.google.android.gms.nearby.mediums.nearfieldcommunication.NfcAdvertisingService
03-27 20:05:57.547 E/RegisteredServicesCache( 4032): component namecom.google.android.gms/com.google.android.gms.pay.hce.service.PayHceService
03-27 20:05:57.547 E/RegisteredServicesCache( 4032): component namecom.google.android.gms/com.google.android.gms.nearby.mediums.nearfieldcommunication.NfcAdvertisingService
03-27 20:05:57.550 D/CardEmulationManager( 4032): Current default: ComponentInfo{com.google.android.gms/com.google.android.gms.tapandpay.hce.service.TpHceService}
03-27 20:05:57.550 D/CardEmulationManager( 4032): Default payment service still ok.
03-27 20:05:57.550 D/RegisteredAidCache( 4032): onServicesUpdated
03-27 20:05:57.552 D/RegisteredAidCache( 4032): generateServiceMap component: ComponentInfo{com.google.android.gms/com.google.android.gms.nearby.mediums.nearfieldcommunication.NfcAdvertisingService}
03-27 20:05:57.552 D/RegisteredAidCache( 4032): generateServiceMap component: ComponentInfo{com.google.android.gms/com.google.android.gms.pay.hce.service.PayHceService}
03-27 20:05:57.552 D/RegisteredAidCache( 4032): generateServiceMap component: ComponentInfo{com.google.android.gms/com.google.android.gms.tapandpay.hce.service.TpHceService}
03-27 20:05:57.552 D/RegisteredAidCache( 4032): generateAidCacheLocked: starting with aid 325041592E5359532E4444463031
03-27 20:05:57.552 D/RegisteredAidCache( 4032): Exact AID, resolving.
03-27 20:05:57.552 D/RegisteredAidCache( 4032): resolveAidLocked: DECISION: routing to payment default default ApduService: ComponentInfo{com.google.android.gms/com.google.android.gms.tapandpay.hce.service.TpHceService}, description: Google Pay, Static AID Groups: Category: payment, AIDs:325041592E5359532E4444463031, A0000000041010, A0000000042203, A0000000043060, A0000000031010, A0000000980840, A0000000032010, A0000000032020, A00000000307010001, A0000003241010, A0000001523010, A0000001524010, A00000002501, A000000025011001, A000000025021001, A0000002771010, A00000038410, A00000038420, A0000004941010, A0000004942010, A0000000049101, A0000007800006, A0000006581010, , Dynamic AID Groups: Category: payment, AIDs:325041592E5359532E4444463031, A0000000031010, 
03-27 20:05:57.552 D/RegisteredAidCache( 4032): AIDs: [325041592E5359532E4444463031] were resolved.
03-27 20:05:57.552 D/RegisteredAidCache( 4032): generateAidCacheLocked: starting with aid 4F53452E5641532E3031
03-27 20:05:57.552 D/RegisteredAidCache( 4032): Exact AID, resolving.
03-27 20:05:57.552 D/RegisteredAidCache( 4032): resolveAidLocked: DECISION: making single handling service ComponentInfo{com.google.android.gms/com.google.android.gms.pay.hce.service.PayHceService} default.
03-27 20:05:57.552 D/RegisteredAidCache( 4032): AIDs: [4F53452E5641532E3031] were resolved.
03-27 20:05:57.552 D/RegisteredAidCache( 4032): generateAidCacheLocked: starting with aid A0000000031010
03-27 20:05:57.552 D/RegisteredAidCache( 4032): Exact AID, resolving.
03-27 20:05:57.552 D/RegisteredAidCache( 4032): resolveAidLocked: DECISION: routing to payment default default ApduService: ComponentInfo{com.google.android.gms/com.google.android.gms.tapandpay.hce.service.TpHceService}, description: Google Pay, Static AID Groups: Category: payment, AIDs:325041592E5359532E4444463031, A0000000041010, A0000000042203, A0000000043060, A0000000031010, A0000000980840, A0000000032010, A0000000032020, A00000000307010001, A0000003241010, A0000001523010, A0000001524010, A00000002501, A000000025011001, A000000025021001, A0000002771010, A00000038410, A00000038420, A0000004941010, A0000004942010, A0000000049101, A0000007800006, A0000006581010, , Dynamic AID Groups: Category: payment, AIDs:325041592E5359532E4444463031, A0000000031010, 
03-27 20:05:57.552 D/RegisteredAidCache( 4032): AIDs: [A0000000031010] were resolved.
03-27 20:05:57.552 D/RegisteredAidCache( 4032): generateAidCacheLocked: starting with aid A000000476D0000111
03-27 20:05:57.552 D/RegisteredAidCache( 4032): Exact AID, resolving.
03-27 20:05:57.552 D/RegisteredAidCache( 4032): resolveAidLocked: DECISION: making single handling service ComponentInfo{com.google.android.gms/com.google.android.gms.pay.hce.service.PayHceService} default.
03-27 20:05:57.552 D/RegisteredAidCache( 4032): AIDs: [A000000476D0000111] were resolved.
03-27 20:05:57.552 D/RegisteredAidCache( 4032): generateAidCacheLocked: starting with aid F00000FE2C
03-27 20:05:57.552 D/RegisteredAidCache( 4032): Exact AID, resolving.
03-27 20:05:57.552 D/RegisteredAidCache( 4032): resolveAidLocked: DECISION: making single handling service ComponentInfo{com.google.android.gms/com.google.android.gms.nearby.mediums.nearfieldcommunication.NfcAdvertisingService} default.
03-27 20:05:57.552 D/RegisteredAidCache( 4032): AIDs: [F00000FE2C] were resolved.
03-27 20:05:57.552 D/RegisteredAidCache( 4032): Exact or Prefix AID.F00000FE2C
03-27 20:05:57.552 D/RegisteredAidCache( 4032): AIDs: [F00000FE2C] were resolved.
03-27 20:05:57.552 D/RegisteredAidCache( 4032): Exact or Prefix AID.A000000476D0000111
03-27 20:05:57.552 D/RegisteredAidCache( 4032): AIDs: [A000000476D0000111] were resolved.
03-27 20:05:57.552 D/RegisteredAidCache( 4032): Exact or Prefix AID.A0000000031010
03-27 20:05:57.552 D/RegisteredAidCache( 4032): AIDs: [A0000000031010] were resolved.
03-27 20:05:57.552 D/RegisteredAidCache( 4032): Exact or Prefix AID.4F53452E5641532E3031
03-27 20:05:57.552 D/RegisteredAidCache( 4032): AIDs: [4F53452E5641532E3031] were resolved.
03-27 20:05:57.552 D/RegisteredAidCache( 4032): Exact or Prefix AID.325041592E5359532E4444463031
03-27 20:05:57.552 D/RegisteredAidCache( 4032): AIDs: [325041592E5359532E4444463031] were resolved.
03-27 20:05:57.552 D/RegisteredAidCache( 4032):  AID power state before adding screen state1
03-27 20:05:57.552 D/RegisteredAidCache( 4032):  AID power state after17
03-27 20:05:57.552 D/RegisteredAidCache( 4032):  AID power state17
03-27 20:05:57.552 D/RegisteredAidCache( 4032):  AID power state before adding screen state1
03-27 20:05:57.552 D/RegisteredAidCache( 4032):  AID power state after17
03-27 20:05:57.552 D/RegisteredAidCache( 4032):  AID power state17
03-27 20:05:57.552 D/RegisteredAidCache( 4032):  AID power state before adding screen state1
03-27 20:05:57.552 D/RegisteredAidCache( 4032):  AID power state after17
03-27 20:05:57.553 D/RegisteredAidCache( 4032):  AID power state17
03-27 20:05:57.553 D/RegisteredAidCache( 4032):  AID power state before adding screen state1
03-27 20:05:57.553 D/RegisteredAidCache( 4032):  AID power state after17
03-27 20:05:57.553 D/RegisteredAidCache( 4032):  AID power state17
03-27 20:05:57.553 D/RegisteredAidCache( 4032):  AID power state before adding screen state1
03-27 20:05:57.553 D/RegisteredAidCache( 4032):  AID power state after17
03-27 20:05:57.553 D/RegisteredAidCache( 4032):  AID power state17
03-27 20:05:57.553 D/BrcmNfcJni( 4032): nfcManager_getDefaultAidRoute: DEFAULT_AID_ROUTE: 2
03-27 20:05:57.553 D/NxpExtns( 4032): find found DEFAULT_AID_PWR_STATE=(0x19)
03-27 20:05:57.557 I/Finsky  (18160): [16139] phk.accept(6): IQ: handled package removed
03-27 20:05:57.563 D/NfcService( 4032): defaultAidRoute : 537
03-27 20:05:57.563 D/NfcService( 4032): GetDefaultRouteLoc  :2
03-27 20:05:57.563 D/AidRoutingManager( 4032): mAidMatchingPlatform=0x1
03-27 20:05:57.563 I/BrcmNfcNfa( 4032): nfa_ee_api_get_max_aid_config_length
03-27 20:05:57.563 I/BrcmNfcNfa( 4032): nfa_ee_api_get_max_aid_config_length: 800
03-27 20:05:57.563 D/AidRoutingManager( 4032): mDefaultRoute=0x2
03-27 20:05:57.563 D/BrcmNfcJni( 4032): nfcManager_getDefaultAidRoute: DEFAULT_AID_ROUTE: 2
03-27 20:05:57.563 D/NxpExtns( 4032): find found DEFAULT_AID_PWR_STATE=(0x19)
03-27 20:05:57.563 D/NfcService( 4032): defaultAidRoute : 537
03-27 20:05:57.563 D/NfcService( 4032): GetDefaultRouteLoc  :2
03-27 20:05:57.563 D/AidRoutingManager( 4032): #######Routing AID 325041592E5359532E4444463031 to route 0 with power 17
03-27 20:05:57.563 D/AidRoutingManager( 4032): #######Routing AID F00000FE2C to route 0 with power 17
03-27 20:05:57.563 D/AidRoutingManager( 4032): #######Routing AID 4F53452E5641532E3031 to route 0 with power 17
03-27 20:05:57.563 D/AidRoutingManager( 4032): #######Routing AID A0000000031010 to route 0 with power 17
03-27 20:05:57.563 D/AidRoutingManager( 4032): #######Routing AID A000000476D0000111 to route 0 with power 17
03-27 20:05:57.563 D/AidRoutingManager( 4032): Routing table unchanged, but commit the routing
03-27 20:05:57.564 D/NQApduServiceInfo( 4032): updateServiceCommitStatus:Description:Nearby:InternalState:1:commitStatus:true
03-27 20:05:57.564 D/NQApduServiceInfo( 4032): updateServiceCommitStatus:Description:Google Wallet:InternalState:1:commitStatus:true
03-27 20:05:57.564 E/RegisteredServicesCache( 4032): 3updateStatusOfServices:WriteServiceStateToFile
03-27 20:05:57.565 E/RegisteredServicesCache( 4032):  Writing service state Data Always
03-27 20:05:57.565 I/Finsky  (18160): [2] zee.a(8): Clearing split related stale data.
03-27 20:05:57.567 I/abb     (16287): StartCommandInProcess(73657474696e67730067657400656e61 settings.get.ena [truncated])
03-27 20:05:57.568 E/RegisteredServicesCache( 4032): component namecom.google.android.gms/com.google.android.gms.nearby.mediums.nearfieldcommunication.NfcAdvertisingService
03-27 20:05:57.568 E/RegisteredServicesCache( 4032): component namecom.google.android.gms/com.google.android.gms.pay.hce.service.PayHceService
03-27 20:05:57.568 E/RegisteredServicesCache( 4032): component namecom.google.android.gms/com.google.android.gms.nearby.mediums.nearfieldcommunication.NfcAdvertisingService
03-27 20:05:57.574 D/RegisteredServicesCache( 4032): ApduService: ComponentInfo{com.google.android.gms/com.google.android.gms.nearby.mediums.nearfieldcommunication.NfcAdvertisingService}, description: Nearby, Static AID Groups: Category: other, AIDs:F00000FE2C, , Dynamic AID Groups: 
03-27 20:05:57.574 D/RegisteredServicesCache( 4032): ApduService: ComponentInfo{com.google.android.gms/com.google.android.gms.pay.hce.service.PayHceService}, description: Google Wallet, Static AID Groups: , Dynamic AID Groups: Category: other, AIDs:4F53452E5641532E3031, A000000476D0000111, 
03-27 20:05:57.574 D/RegisteredServicesCache( 4032): ApduService: ComponentInfo{com.google.android.gms/com.google.android.gms.tapandpay.hce.service.TpHceService}, description: Google Pay, Static AID Groups: Category: payment, AIDs:325041592E5359532E4444463031, A0000000041010, A0000000042203, A0000000043060, A0000000031010, A0000000980840, A0000000032010, A0000000032020, A00000000307010001, A0000003241010, A0000001523010, A0000001524010, A00000002501, A000000025011001, A000000025021001, A0000002771010, A00000038410, A00000038420, A0000004941010, A0000004942010, A0000000049101, A0000007800006, A0000006581010, , Dynamic AID Groups: Category: payment, AIDs:325041592E5359532E4444463031, A0000000031010, 
03-27 20:05:57.574 I/abb     (16287): StartCommandInProcess(7061636b61676500696e7374616c6c00 package.install. [truncated])
03-27 20:05:57.576 D/RegisteredNfcFServicesCache( 4032): Service unchanged, not updating
03-27 20:05:57.576 E/NfcService( 4032): applyRouting -9
03-27 20:05:57.576 D/NfcService( 4032): Not committing routing because discovery is disabled.
03-27 20:05:57.579 D/CompatibilityInfo( 1565): mCompatibilityFlags - 0
03-27 20:05:57.579 D/CompatibilityInfo( 1565): applicationDensity - 480
03-27 20:05:57.579 D/CompatibilityInfo( 1565): applicationScale - 1.0
03-27 20:05:57.580 D/PackageManagerServiceInjector( 1565): MIUILOG- permission　denied android.permission.INSTALL_GRANT_RUNTIME_PERMISSIONS
03-27 20:05:57.580 E/SELinux (  536): avc:  denied  { find } for interface=vendor.qti.hardware.servicetracker::IServicetracker sid=u:r:system_server:s0 pid=1565 scontext=u:r:system_server:s0 tcontext=u:object_r:default_android_hwservice:s0 tclass=hwservice_manager permissive=0
03-27 20:05:57.593 W/Looper  ( 1565): Slow delivery took 211ms android.fg h=android.os.Handler c=<recycled PooledLambda@4d92dc> m=0
03-27 20:05:57.604 E/SELinux (  536): avc:  denied  { find } for interface=vendor.qti.hardware.servicetracker::IServicetracker sid=u:r:system_server:s0 pid=1565 scontext=u:r:system_server:s0 tcontext=u:object_r:default_android_hwservice:s0 tclass=hwservice_manager permissive=0
03-27 20:05:57.605 I/abb     (16287): StartCommandInProcess(73657474696e67730067657400656e61 settings.get.ena [truncated])
03-27 20:05:57.610 D/CompatibilityInfo( 1565): mCompatibilityFlags - 0
03-27 20:05:57.610 D/CompatibilityInfo( 1565): applicationDensity - 480
03-27 20:05:57.610 D/CompatibilityInfo( 1565): applicationScale - 1.0
03-27 20:05:57.611 E/SELinux (  536): avc:  denied  { find } for interface=vendor.qti.hardware.servicetracker::IServicetracker sid=u:r:system_server:s0 pid=1565 scontext=u:r:system_server:s0 tcontext=u:object_r:default_android_hwservice:s0 tclass=hwservice_manager permissive=0
03-27 20:05:57.613 I/BlockstoreStorage(25204): Setting IsLastInstallationDataPerPackage bit to true for package com.nfclab.e_leap_project [CONTEXT service_id=258 ]
03-27 20:05:57.613 I/Finsky  (18160): [2] ivs.a(1): AIM: AppInfoCacheUpdater -> invalidating apps: [com.nfclab.e_leap_project]
03-27 20:05:57.614 I/Finsky  (18160): [2] iwk.a(1): AIM: AppInfoManager-Perf > Creating AppInfoManager ...
03-27 20:05:57.619 I/abb     (16287): StartCommandInProcess(7061636b61676500696e7374616c6c00 package.install. [truncated])
03-27 20:05:57.621 I/Perf    (19417): Connecting to perf service.
03-27 20:05:57.624 D/PackageManagerServiceInjector( 1565): MIUILOG- permission　denied android.permission.INSTALL_GRANT_RUNTIME_PERMISSIONS
03-27 20:05:57.642 D/CompatibilityInfo( 1565): mCompatibilityFlags - 0
03-27 20:05:57.642 D/CompatibilityInfo( 1565): applicationDensity - 480
03-27 20:05:57.642 D/CompatibilityInfo( 1565): applicationScale - 1.0
03-27 20:05:57.643 E/SELinux (  536): avc:  denied  { find } for interface=vendor.qti.hardware.servicetracker::IServicetracker sid=u:r:system_server:s0 pid=1565 scontext=u:r:system_server:s0 tcontext=u:object_r:default_android_hwservice:s0 tclass=hwservice_manager permissive=0
03-27 20:05:57.649 I/Fitness (25371): FitCleanupIntentOperation received Intent android.intent.action.PACKAGE_REMOVED [CONTEXT service_id=17 ]
03-27 20:05:57.650 I/Fitness (25371): Clearing all cached OAuth tokens for: com.nfclab.e_leap_project [CONTEXT service_id=17 ]
03-27 20:05:57.650 I/Fitness (25371): Removing all subscriptions for: com.nfclab.e_leap_project [CONTEXT service_id=17 ]
03-27 20:05:57.651 I/AlarmManager(25371): set [name: SystemMemoryCache type: 2 triggerAtMillis: 315470133133 windowMillis: -1 intervalMillis: 0]
03-27 20:05:57.657 D/CompatibilityInfo( 1565): mCompatibilityFlags - 0
03-27 20:05:57.658 D/CompatibilityInfo( 1565): applicationDensity - 480
03-27 20:05:57.658 D/CompatibilityInfo( 1565): applicationScale - 1.0
03-27 20:05:57.659 E/SELinux (  536): avc:  denied  { find } for interface=vendor.qti.hardware.servicetracker::IServicetracker sid=u:r:system_server:s0 pid=1565 scontext=u:r:system_server:s0 tcontext=u:object_r:default_android_hwservice:s0 tclass=hwservice_manager permissive=0
03-27 20:05:57.660 I/FeatureParser(19417): can't find grus.xml in assets/device_features/,it may be in /system/etc/device_features
03-27 20:05:57.663 D/AlarmManagerServiceInjector( 1565): adjustAlarmLocked, alarm is not restricted!
03-27 20:05:57.664 I/chatty  ( 1565): uid=1000(system) Binder:1565_14 identical 98 lines
03-27 20:05:57.664 D/AlarmManagerServiceInjector( 1565): adjustAlarmLocked, alarm is not restricted!
03-27 20:05:57.664 D/AlarmManagerServiceInjector( 1565): adjustAlarmLocked, is pending alarm: com.android.providers.calendar, tag: *walarm*:com.android.providers.calendar.intent.CalendarProvider2, whenElapsed: 369333146, now: 110133146
03-27 20:05:57.664 D/AlarmManagerServiceInjector( 1565): adjustAlarmLocked, is pending alarm: com.instagram.android, tag: *walarm*:action_batch_upload, whenElapsed: 369333146, now: 110133146
03-27 20:05:57.664 D/AlarmManagerServiceInjector( 1565): adjustAlarmLocked, is pending alarm: com.android.providers.calendar, tag: *walarm*:com.android.providers.calendar.intent.CalendarProvider2, whenElapsed: 369333146, now: 110133146
03-27 20:05:57.664 D/AlarmManagerServiceInjector( 1565): adjustAlarmLocked, is pending alarm: android, tag: *walarm*:*job.delay*, whenElapsed: 369333146, now: 110133146
03-27 20:05:57.664 D/AlarmManagerServiceInjector( 1565): adjustAlarmLocked, is pending alarm: android, tag: *walarm*:*job.deadline*, whenElapsed: 369921521, now: 110133146
03-27 20:05:57.664 D/AlarmManagerServiceInjector( 1565): adjustAlarmLocked, is pending alarm: com.google.android.googlequicksearchbox, tag: *alarm*:com.google.android.libraries.notifications.SYSTEM_TRAY_EVENT, whenElapsed: 376372482, now: 110133146
03-27 20:05:57.664 D/AlarmManagerServiceInjector( 1565): adjustAlarmLocked, is pending alarm: com.google.android.apps.maps, tag: *alarm*:com.google.android.apps.gmm.plugins.serverrecovery.SCHEDULED_CHECK, whenElapsed: 382862820, now: 110133146
03-27 20:05:57.664 D/AlarmManagerServiceInjector( 1565): adjustAlarmLocked, is pending alarm: com.google.android.calendar, tag: *alarm*:com.google.android.calendar.intent.action.MIDNIGHT, whenElapsed: 383845346, now: 110133146
03-27 20:05:57.664 D/AlarmManagerServiceInjector( 1565): adjustAlarmLocked, is pending alarm: com.lenovo.anyshare.gps, tag: *walarm*:com.ushareit.adcs.action.ADCS_ALARM, whenElapsed: 401516200, now: 110133146
03-27 20:05:57.664 D/AlarmManagerServiceInjector( 1565): adjustAlarmLocked, is pending alarm: com.google.android.googlequicksearchbox, tag: *alarm*:com.google.android.libraries.notifications.SYSTEM_TRAY_EVENT, whenElapsed: 444097482, now: 110133146
03-27 20:05:57.664 D/AlarmManagerServiceInjector( 1565): adjustAlarmLocked, is pending alarm: com.facebook.orca, tag: *alarm*:com.facebook.intent.action.prod.FOR_DELAYED_WORKER_SERVICE, whenElapsed: 448914602, now: 110133146
03-27 20:05:57.664 D/AlarmManagerServiceInjector( 1565): adjustAlarmLocked, is pending alarm: com.facebook.appmanager, tag: *alarm*:com.facebook.oxygen.appmanager.periodicwork.GUARD_BATTERY_CALLBACK, whenElapsed: 608013472, now: 110133146
03-27 20:05:57.664 D/AlarmManagerServiceInjector( 1565): adjustAlarmLocked, is pending alarm: com.facebook.appmanager, tag: *alarm*:backupJobSchedulerCheck, whenElapsed: 627866517, now: 110133146
03-27 20:05:57.664 D/AlarmManagerServiceInjector( 1565): adjustAlarmLocked, alarm is not restricted!
03-27 20:05:57.667 E/libc    (19417): Access denied finding property "ro.vendor.df.effect.conflict"
03-27 20:05:57.671 E/SELinux (  536): avc:  denied  { find } for interface=vendor.qti.hardware.servicetracker::IServicetracker sid=u:r:system_server:s0 pid=1565 scontext=u:r:system_server:s0 tcontext=u:object_r:default_android_hwservice:s0 tclass=hwservice_manager permissive=0
03-27 20:05:57.676 I/ContentMaintenance(25204): Internal cache bytes used: 0; limit: 100000000; download size: 0
03-27 20:05:57.677 I/hwservicemanager(  536): getTransport: Cannot find entry vendor.qti.hardware.iop@2.0::IIop/default in either framework or device manifest.
03-27 20:05:57.677 D/CompatibilityInfo( 1565): mCompatibilityFlags - 0
03-27 20:05:57.678 D/CompatibilityInfo( 1565): applicationDensity - 480
03-27 20:05:57.678 D/CompatibilityInfo( 1565): applicationScale - 1.0
03-27 20:05:57.681 I/Finsky  (18160): [2] iwj.k(1): AIM: AppInfoManager-Perf > getApps > called for 1 apps
03-27 20:05:57.682 E/SELinux (  536): avc:  denied  { find } for interface=vendor.qti.hardware.servicetracker::IServicetracker sid=u:r:system_server:s0 pid=1565 scontext=u:r:system_server:s0 tcontext=u:object_r:default_android_hwservice:s0 tclass=hwservice_manager permissive=0
03-27 20:05:57.687 E/SELinux (  536): avc:  denied  { find } for interface=vendor.qti.hardware.servicetracker::IServicetracker sid=u:r:system_server:s0 pid=1565 scontext=u:r:system_server:s0 tcontext=u:object_r:default_android_hwservice:s0 tclass=hwservice_manager permissive=0
03-27 20:05:57.689 I/Perf    (19394): Connecting to perf service.
03-27 20:05:57.692 E/Perf    (19417): Fail to get file list com.android.keychain
03-27 20:05:57.692 E/Perf    (19417): getFolderSize() : Exception_1 = java.lang.NullPointerException: Attempt to get length of null array
03-27 20:05:57.693 E/Perf    (19417): Fail to get file list com.android.keychain
03-27 20:05:57.693 E/Perf    (19417): getFolderSize() : Exception_1 = java.lang.NullPointerException: Attempt to get length of null array
03-27 20:05:57.694 D/CompatibilityInfo( 1565): mCompatibilityFlags - 0
03-27 20:05:57.694 D/CompatibilityInfo( 1565): applicationDensity - 480
03-27 20:05:57.694 D/CompatibilityInfo( 1565): applicationScale - 1.0
03-27 20:05:57.694 E/SELinux (  536): avc:  denied  { find } for interface=vendor.qti.hardware.servicetracker::IServicetracker sid=u:r:system_server:s0 pid=1565 scontext=u:r:system_server:s0 tcontext=u:object_r:default_android_hwservice:s0 tclass=hwservice_manager permissive=0
03-27 20:05:57.696 I/Icing   (25204): doRemovePackageData com.nfclab.e_leap_project
03-27 20:05:57.697 D/CompatibilityInfo( 1565): mCompatibilityFlags - 0
03-27 20:05:57.698 D/CompatibilityInfo( 1565): applicationDensity - 480
03-27 20:05:57.698 D/CompatibilityInfo( 1565): applicationScale - 1.0
03-27 20:05:57.699 E/SELinux (  536): avc:  denied  { find } for interface=vendor.qti.hardware.servicetracker::IServicetracker sid=u:r:system_server:s0 pid=1565 scontext=u:r:system_server:s0 tcontext=u:object_r:default_android_hwservice:s0 tclass=hwservice_manager permissive=0
03-27 20:05:57.706 I/chatty  (  536): uid=1000(system) hwservicemanage identical 1 line
03-27 20:05:57.709 E/SELinux (  536): avc:  denied  { find } for interface=vendor.qti.hardware.servicetracker::IServicetracker sid=u:r:system_server:s0 pid=1565 scontext=u:r:system_server:s0 tcontext=u:object_r:default_android_hwservice:s0 tclass=hwservice_manager permissive=0
03-27 20:05:57.715 I/Finsky  (18160): [16071] ixr.a(5): AIM: AppInfoManager-Perf > OnDeviceAppInfo > cacheHitCount=0, cacheMissCount=1. Missed  in cache (limit 10) : [com.nfclab.e_leap_project]
03-27 20:05:57.716 D/CompatibilityInfo( 1565): mCompatibilityFlags - 0
03-27 20:05:57.716 D/CompatibilityInfo( 1565): applicationDensity - 480
03-27 20:05:57.716 D/CompatibilityInfo( 1565): applicationScale - 1.0
03-27 20:05:57.717 E/SELinux (  536): avc:  denied  { find } for interface=vendor.qti.hardware.servicetracker::IServicetracker sid=u:r:system_server:s0 pid=1565 scontext=u:r:system_server:s0 tcontext=u:object_r:default_android_hwservice:s0 tclass=hwservice_manager permissive=0
03-27 20:05:57.723 E/libc    (19394): Access denied finding property "ro.vendor.display.type"
03-27 20:05:57.724 I/Finsky  (18160): [16071] ivf.apply(81): AIM: Got app ownership map. App counts: . Unique apps: 0
03-27 20:05:57.734 E/SELinux (  536): avc:  denied  { find } for interface=vendor.qti.hardware.servicetracker::IServicetracker sid=u:r:system_server:s0 pid=1565 scontext=u:r:system_server:s0 tcontext=u:object_r:default_android_hwservice:s0 tclass=hwservice_manager permissive=0
03-27 20:05:57.739 W/ChimeraUtils(25204): Module com.google.android.gms.games_full has empty metadata display_name_string_id
03-27 20:05:57.741 D/miuisdk (19394): current sdk level is 24
03-27 20:05:57.742 I/RealtimeCacheCleanup(25204): Beginning Realtime garbage collection.
03-27 20:05:57.742 I/miuisdk (19394): initialize without hook
03-27 20:05:57.748 I/RealtimeCacheCleanup(25204): Finished Realtime garbage collection.
03-27 20:05:57.759 E/SELinux (  536): avc:  denied  { find } for interface=vendor.qti.hardware.servicetracker::IServicetracker sid=u:r:system_server:s0 pid=1565 scontext=u:r:system_server:s0 tcontext=u:object_r:default_android_hwservice:s0 tclass=hwservice_manager permissive=0
03-27 20:05:57.665 I/chatty  ( 1565): uid=1000(system) Binder:1565_14 identical 74 lines
03-27 20:05:57.665 D/AlarmManagerServiceInjector( 1565): adjustAlarmLocked, alarm is not restricted!
03-27 20:05:57.767 W/Looper  ( 1565): Drained
03-27 20:05:57.764 E/SELinux (  536): avc:  denied  { find } for interface=vendor.qti.hardware.servicetracker::IServicetracker sid=u:r:system_server:s0 pid=1565 scontext=u:r:system_server:s0 tcontext=u:object_r:default_android_hwservice:s0 tclass=hwservice_manager permissive=0
03-27 20:05:57.767 I/MiuiNetworkPolicy( 1565): updateUidState uid = 10066, uidState = 5
03-27 20:05:57.767 I/MiuiNetworkPolicy( 1565): updateMLUid uid:10066,old:6,new:5
03-27 20:05:57.767 I/MiuiNetworkPolicy( 1565): isMLEnabled state:6,uid:10066,connect:DISCONNECTED
03-27 20:05:57.767 I/MiuiNetworkPolicy( 1565): isMLEnabled state:5,uid:10066,connect:DISCONNECTED
03-27 20:05:57.767 I/BtGatt.ScanManager( 9935): msg.what = 6
03-27 20:05:57.768 E/SELinux (  536): avc:  denied  { find } for interface=vendor.qti.hardware.servicetracker::IServicetracker sid=u:r:system_server:s0 pid=1565 scontext=u:r:system_server:s0 tcontext=u:object_r:default_android_hwservice:s0 tclass=hwservice_manager permissive=0
03-27 20:05:57.774 E/SELinux (  536): avc:  denied  { find } for interface=vendor.qti.hardware.servicetracker::IServicetracker sid=u:r:system_server:s0 pid=1565 scontext=u:r:system_server:s0 tcontext=u:object_r:default_android_hwservice:s0 tclass=hwservice_manager permissive=0
03-27 20:05:57.779 I/Finsky  (18160): [2] afns.c(5): Do not start WearSupportService due to Wear service optimization
03-27 20:05:57.779 D/CompatibilityInfo( 1565): mCompatibilityFlags - 0
03-27 20:05:57.779 D/CompatibilityInfo( 1565): applicationDensity - 480
03-27 20:05:57.779 D/CompatibilityInfo( 1565): applicationScale - 1.0
03-27 20:05:57.780 E/SELinux (  536): avc:  denied  { find } for interface=vendor.qti.hardware.servicetracker::IServicetracker sid=u:r:system_server:s0 pid=1565 scontext=u:r:system_server:s0 tcontext=u:object_r:default_android_hwservice:s0 tclass=hwservice_manager permissive=0
03-27 20:05:57.792 I/Finsky  (18160): [2] uyb.s(5): Package no longer installed: com.nfclab.e_leap_project
03-27 20:05:57.808 E/SELinux (  536): avc:  denied  { find } for interface=vendor.qti.hardware.servicetracker::IServicetracker sid=u:r:system_server:s0 pid=1565 scontext=u:r:system_server:s0 tcontext=u:object_r:default_android_hwservice:s0 tclass=hwservice_manager permissive=0
03-27 20:05:57.810 I/Finsky  (18160): [16137] ndw.run(3): Frosting DB delete succeeded: false
03-27 20:05:57.814 I/Finsky  (18160): [16145] as.a(9): Asset module storage cleared for package com.nfclab.e_leap_project.
03-27 20:05:57.817 W/ActivityManager( 1565): Unable to start service Intent { cmp=androidx.test.tools.crawler/.controller.CrawlDriver (has extras) } U=0: not found
03-27 20:05:57.817 E/Finsky  (18160): [16075] trm.accept(31): Failed to update MultiAppNotificationValueStore
03-27 20:05:57.817 E/Finsky  (18160): java.lang.NullPointerException: Attempt to invoke virtual method 'java.lang.Class java.lang.Object.getClass()' on a null object reference
03-27 20:05:57.817 E/Finsky  (18160): 	at anaf.e(PG:3)
03-27 20:05:57.817 E/Finsky  (18160): 	at anah.run(PG:9)
03-27 20:05:57.817 E/Finsky  (18160): 	at java.util.concurrent.ThreadPoolExecutor.runWorker(ThreadPoolExecutor.java:1167)
03-27 20:05:57.817 E/Finsky  (18160): 	at java.util.concurrent.ThreadPoolExecutor$Worker.run(ThreadPoolExecutor.java:641)
03-27 20:05:57.817 E/Finsky  (18160): 	at kkg.run(PG:11)
03-27 20:05:57.817 E/Finsky  (18160): 	at java.lang.Thread.run(Thread.java:919)
03-27 20:05:57.847 E/OverviewComponentObserver( 2394): updateOverviewTargets: defaultHome=ComponentInfo{com.miui.home/com.miui.home.launcher.Launcher}
03-27 20:05:57.847 W/RecentsImpl( 2394): setIsUseMiuiHomeAsDefaultHome    isUseMiuiHomeAsDefaultHome=true   mIsUseMiuiHomeAsDefaultHome=true
03-27 20:05:57.850 E/OverviewComponentObserver( 2394): updateOverviewTargets: defaultHome=ComponentInfo{com.miui.home/com.miui.home.launcher.Launcher}
03-27 20:05:57.850 W/RecentsImpl( 2394): setIsUseMiuiHomeAsDefaultHome    isUseMiuiHomeAsDefaultHome=true   mIsUseMiuiHomeAsDefaultHome=true
03-27 20:05:57.856 I/Icing   (25204): IndexChimeraService.getServiceInterface callingPackage=com.google.android.gms componentName=AppsCorpus serviceId=36
03-27 20:05:57.861 W/Linkify.v16(19394): reflect applyLink failed: 
03-27 20:05:57.861 W/Linkify.v16(19394): miui.reflect.NoSuchMethodException: Couldn't find method android/text/util/Linkify.applyLink(Ljava/lang/String;IILandroid/text/Spannable;)V
03-27 20:05:57.861 W/Linkify.v16(19394): 	at com.miui.internal.os.Native.getMethod(Native Method)
03-27 20:05:57.861 W/Linkify.v16(19394): 	at miui.reflect.Method.of(Method.java:35)
03-27 20:05:57.861 W/Linkify.v16(19394): 	at com.miui.internal.variable.v16.Android_Text_Util_Linkify_class.<clinit>(Android_Text_Util_Linkify_class.java:70)
03-27 20:05:57.861 W/Linkify.v16(19394): 	at java.lang.Class.classForName(Native Method)
03-27 20:05:57.861 W/Linkify.v16(19394): 	at java.lang.Class.forName(Class.java:454)
03-27 20:05:57.861 W/Linkify.v16(19394): 	at java.lang.Class.forName(Class.java:379)
03-27 20:05:57.861 W/Linkify.v16(19394): 	at com.miui.internal.variable.AbsClassFactory.create(AbsClassFactory.java:24)
03-27 20:05:57.861 W/Linkify.v16(19394): 	at com.miui.internal.variable.Android_Text_Util_Linkify_class$Factory.<init>(Android_Text_Util_Linkify_class.java:40)
03-27 20:05:57.861 W/Linkify.v16(19394): 	at com.miui.internal.variable.Android_Text_Util_Linkify_class$Factory.<init>(Android_Text_Util_Linkify_class.java:26)
03-27 20:05:57.861 W/Linkify.v16(19394): 	at com.miui.internal.variable.Android_Text_Util_Linkify_class$Factory$1.createInstance(Android_Text_Util_Linkify_class.java:32)
03-27 20:05:57.861 W/Linkify.v16(19394): 	at com.miui.internal.variable.Android_Text_Util_Linkify_class$Factory$1.createInstance(Android_Text_Util_Linkify_class.java:29)
03-27 20:05:57.861 W/Linkify.v16(19394): 	at miui.util.SoftReferenceSingleton.get(SoftReferenceSingleton.java:25)
03-27 20:05:57.861 W/Linkify.v16(19394): 	at com.miui.internal.variable.Android_Text_Util_Linkify_class$Factory.getInstance(Android_Text_Util_Linkify_class.java:44)
03-27 20:05:57.861 W/Linkify.v16(19394): 	at com.miui.internal.initialization.OverrideHelper.doInitialize(OverrideHelper.java:37)
03-27 20:05:57.861 W/Linkify.v16(19394): 	at miui.core.SdkManager.initialize(SdkManager.java:99)
03-27 20:05:57.861 W/Linkify.v16(19394): 	at java.lang.reflect.Method.invoke(Native Method)
03-27 20:05:57.861 W/Linkify.v16(19394): 	at miui.external.Application.initializeSdk(Application.java:4)
03-27 20:05:57.861 W/Linkify.v16(19394): 	at miui.external.Application.<init>(Application.java:3)
03-27 20:05:57.861 W/Linkify.v16(19394): 	at com.android.settings.Application.<init>(Application.java:1)
03-27 20:05:57.861 W/Linkify.v16(19394): 	at java.lang.Class.newInstance(Native Method)
03-27 20:05:57.861 W/Linkify.v16(19394): 	at android.app.AppComponentFactory.instantiateApplication(AppComponentFactory.java:76)
03-27 20:05:57.861 W/Linkify.v16(19394): 	at androidx.core.app.CoreComponentFactory.instantiateApplication(CoreComponentFactory.java:1)
03-27 20:05:57.861 W/Linkify.v16(19394): 	at android.app.Instrumentation.newApplication(Instrumentation.java:1156)
03-27 20:05:57.861 W/Linkify.v16(19394): 	at android.app.LoadedApk.makeApplication(LoadedApk.java:1222)
03-27 20:05:57.861 W/Linkify.v16(19394): 	at android.app.ActivityThread.handleBindApplication(ActivityThread.java:6553)
03-27 20:05:57.861 W/Linkify.v16(19394): 	at android.app.ActivityThread.access$1400(ActivityThread.java:224)
03-27 20:05:57.861 W/Linkify.v16(19394): 	at android.app.ActivityThread$H.handleMessage(ActivityThread.java:1887)
03-27 20:05:57.861 W/Linkify.v16(19394): 	at android.os.Handler.dispatchMessage(Handler.java:107)
03-27 20:05:57.861 W/Linkify.v16(19394): 	at android.os.Looper.loop(Looper.java:224)
03-27 20:05:57.861 W/Linkify.v16(19394): 	at android.app.ActivityThread.main(ActivityThread.java:7562)
03-27 20:05:57.861 W/Linkify.v16(19394): 	at java.lang.reflect.Method.invoke(Native Method)
03-27 20:05:57.861 W/Linkify.v16(19394): 	at com.android.internal.os.RuntimeInit$MethodAndArgsCaller.run(RuntimeInit.java:539)
03-27 20:05:57.861 W/Linkify.v16(19394): 	at com.android.internal.os.ZygoteInit.main(ZygoteInit.java:950)
03-27 20:05:57.874 D/AlarmManagerServiceInjector( 1565): adjustAlarmLocked, alarm is not restricted!
03-27 20:05:57.874 W/Finsky  (18160): [2] zgx.b(7): STU: Failed to get storage stats for package 'com.nfclab.e_leap_project' (1601: Error getting stats: android.content.pm.PackageManager.NameNotFoundException)
03-27 20:05:57.877 I/chatty  ( 1565): uid=1000(system) miui.fg identical 98 lines
03-27 20:05:57.877 D/AlarmManagerServiceInjector( 1565): adjustAlarmLocked, alarm is not restricted!
03-27 20:05:57.877 D/AlarmManagerServiceInjector( 1565): adjustAlarmLocked, is pending alarm: com.android.providers.calendar, tag: *walarm*:com.android.providers.calendar.intent.CalendarProvider2, whenElapsed: 369333358, now: 110133358
03-27 20:05:57.877 D/AlarmManagerServiceInjector( 1565): adjustAlarmLocked, is pending alarm: com.instagram.android, tag: *walarm*:action_batch_upload, whenElapsed: 369333359, now: 110133359
03-27 20:05:57.877 D/AlarmManagerServiceInjector( 1565): adjustAlarmLocked, is pending alarm: com.android.providers.calendar, tag: *walarm*:com.android.providers.calendar.intent.CalendarProvider2, whenElapsed: 369333359, now: 110133359
03-27 20:05:57.877 D/AlarmManagerServiceInjector( 1565): adjustAlarmLocked, is pending alarm: android, tag: *walarm*:*job.deadline*, whenElapsed: 369921521, now: 110133359
03-27 20:05:57.877 D/AlarmManagerServiceInjector( 1565): adjustAlarmLocked, is pending alarm: com.google.android.googlequicksearchbox, tag: *alarm*:com.google.android.libraries.notifications.SYSTEM_TRAY_EVENT, whenElapsed: 376372482, now: 110133359
03-27 20:05:57.877 D/AlarmManagerServiceInjector( 1565): adjustAlarmLocked, is pending alarm: com.google.android.apps.maps, tag: *alarm*:com.google.android.apps.gmm.plugins.serverrecovery.SCHEDULED_CHECK, whenElapsed: 382862820, now: 110133359
03-27 20:05:57.877 D/AlarmManagerServiceInjector( 1565): adjustAlarmLocked, is pending alarm: com.google.android.calendar, tag: *alarm*:com.google.android.calendar.intent.action.MIDNIGHT, whenElapsed: 383845346, now: 110133359
03-27 20:05:57.877 D/AlarmManagerServiceInjector( 1565): adjustAlarmLocked, is pending alarm: com.lenovo.anyshare.gps, tag: *walarm*:com.ushareit.adcs.action.ADCS_ALARM, whenElapsed: 401516200, now: 110133359
03-27 20:05:57.877 D/AlarmManagerServiceInjector( 1565): adjustAlarmLocked, is pending alarm: com.google.android.googlequicksearchbox, tag: *alarm*:com.google.android.libraries.notifications.SYSTEM_TRAY_EVENT, whenElapsed: 444097482, now: 110133359
03-27 20:05:57.877 D/AlarmManagerServiceInjector( 1565): adjustAlarmLocked, is pending alarm: com.facebook.orca, tag: *alarm*:com.facebook.intent.action.prod.FOR_DELAYED_WORKER_SERVICE, whenElapsed: 448914602, now: 110133359
03-27 20:05:57.877 D/AlarmManagerServiceInjector( 1565): adjustAlarmLocked, is pending alarm: com.facebook.appmanager, tag: *alarm*:com.facebook.oxygen.appmanager.periodicwork.GUARD_BATTERY_CALLBACK, whenElapsed: 608013472, now: 110133359
03-27 20:05:57.877 D/AlarmManagerServiceInjector( 1565): adjustAlarmLocked, is pending alarm: com.facebook.appmanager, tag: *alarm*:backupJobSchedulerCheck, whenElapsed: 627866517, now: 110133359
03-27 20:05:57.877 D/AlarmManagerServiceInjector( 1565): adjustAlarmLocked, alarm is not restricted!
03-27 20:05:57.886 I/chatty  ( 1565): uid=1000(system) miui.fg identical 74 lines
03-27 20:05:57.886 D/AlarmManagerServiceInjector( 1565): adjustAlarmLocked, alarm is not restricted!
03-27 20:05:57.886 D/AlarmManagerServiceInjector( 1565): adjustAlarmLocked, is pending alarm: android, tag: *walarm*:*job.delay*, whenElapsed: 369493123, now: 110133368
03-27 20:05:57.887 E/SELinux (  536): avc:  denied  { find } for interface=vendor.qti.hardware.servicetracker::IServicetracker sid=u:r:system_server:s0 pid=1565 scontext=u:r:system_server:s0 tcontext=u:object_r:default_android_hwservice:s0 tclass=hwservice_manager permissive=0
03-27 20:05:57.890 I/GetServiceValidatorImpl(25204): onGetService() from Client SDK version [231015000], Module version [231015030], PGA version [404700040], Account [Account {name=<<default account>>, type=com.google}], Calling package [com.google.android.gms], Game package [com.google.android.gms] [CONTEXT service_id=1 ]
03-27 20:05:57.891 W/GetGamesServiceReqFacto(25204): Parsing request with ignored arguments. signInOptionsBundle [Bundle[{com.google.android.gms.signin.internal.serverClientId=null, com.google.android.gms.signin.internal.usePromptModeForAuthCode=true, com.google.android.gms.signin.internal.logSessionId=null, com.google.android.gms.signin.internal.hostedDomain=null, com.google.android.gms.signin.internal.offlineAccessRequested=false, com.google.android.gms.signin.internal.waitForAccessTokenRefresh=false, com.google.android.gms.signin.internal.clientRequestedAccount=Account {name=<<default account>>, type=com.google}, com.google.android.gms.signin.internal.idTokenRequested=false, com.google.android.gms.signin.internal.forceCodeForRefreshToken=false}]], isRetryingSignIn [false], skipWelcomePopup [false], requireGooglePlus [false]
03-27 20:05:57.891 I/Finsky  (18160): [16065] ixm.a(11): AIM: AppInfoManager-Perf > ItemModel > CacheSize=82, cacheHitCount=0, cacheMissCount=0, total appsWithNoServerDataCount=1. Missed  in cache (limit 10) : []
03-27 20:05:57.893 I/GetGamesServiceReqFacto(25204): Replacing request for `games` scope with `games_lite`
03-27 20:05:57.905 I/Finsky  (18160): [16065] igs.accept(28): AIM: AppInfoManager-Perf > getApps > data collection finished
03-27 20:05:57.910 I/Finsky  (18160): [16065] ibl.run(13): AIM: AppInfoManager-Perf > maybeDestroyAppInfoManager is called. actives = 0
03-27 20:05:57.917 I/SignInPerformer-5(25204): Handling request [GetGamesServiceRequest{gamePackageName=com.google.android.gms, gameUid=10066, gamePlayServicesClientLibraryVersion=231015000, sdkVariation=1052947, requestedScopes=[https://www.googleapis.com/auth/games_lite], callingIdentity=CallingIdentity{uid=10066, pid=25204, packageName=com.google.android.gms, playServicesClientLibraryVersion=231015000}, requestedAccount=Optional.absent(), forceResolveAccountKey=null, requestedServiceMode=2}], isFirstPartyCaller [true] [CONTEXT service_id=1 ]
03-27 20:05:57.920 I/SignInPerformer-5(25204): Successfully brokered first-party unauthenticated GamesService [CONTEXT service_id=1 ]
03-27 20:05:57.921 I/GetGamesServiceV2Op(25204): Successfully brokered GamesService for request eiu{gamePackageName=com.google.android.gms, gameUid=10066, gamePlayServicesClientLibraryVersion=231015000, sdkVariation=1052947, requestedScopes=[https://www.googleapis.com/auth/games_lite], callingIdentity=CallingIdentity{uid=10066, pid=25204, packageName=com.google.android.gms, playServicesClientLibraryVersion=231015000}, requestedAccount=Optional.absent(), forceResolveAccountKey=null, requestedServiceMode=2} [CONTEXT service_id=1 ]
03-27 20:05:57.936 E/SELinux (  536): avc:  denied  { find } for interface=vendor.qti.hardware.servicetracker::IServicetracker sid=u:r:system_server:s0 pid=1565 scontext=u:r:system_server:s0 tcontext=u:object_r:default_android_hwservice:s0 tclass=hwservice_manager permissive=0
03-27 20:05:57.946 D/CompatibilityInfo( 1565): mCompatibilityFlags - 0
03-27 20:05:57.946 D/CompatibilityInfo( 1565): applicationDensity - 480
03-27 20:05:57.946 D/CompatibilityInfo( 1565): applicationScale - 1.0
03-27 20:05:57.961 E/SELinux (  536): avc:  denied  { find } for interface=vendor.qti.hardware.servicetracker::IServicetracker sid=u:r:system_server:s0 pid=1565 scontext=u:r:system_server:s0 tcontext=u:object_r:default_android_hwservice:s0 tclass=hwservice_manager permissive=0
03-27 20:05:57.969 I/chatty  (  536): uid=1000(system) hwservicemanage identical 1 line
03-27 20:05:57.976 E/SELinux (  536): avc:  denied  { find } for interface=vendor.qti.hardware.servicetracker::IServicetracker sid=u:r:system_server:s0 pid=1565 scontext=u:r:system_server:s0 tcontext=u:object_r:default_android_hwservice:s0 tclass=hwservice_manager permissive=0
03-27 20:05:58.002 I/FeatureParser(19394): can't find grus.xml in assets/device_features/,it may be in /system/etc/device_features
03-27 20:05:58.003 I/system_server( 1565): Background young concurrent copying GC freed 155884(19MB) AllocSpace objects, 27(3536KB) LOS objects, 6% free, 69MB/74MB, paused 815us total 266.080ms
03-27 20:05:58.006 E/libc    (19394): Access denied finding property "ro.vendor.df.effect.conflict"
03-27 20:05:58.019 I/hwservicemanager(  536): getTransport: Cannot find entry vendor.qti.hardware.iop@2.0::IIop/default in either framework or device manifest.
03-27 20:05:58.021 I/GmsCoreXrpcWrapper(25204): Returning a channel provider with trafficStatsTag=12803 trafficStatsUid=-1
03-27 20:05:58.022 E/SELinux (  536): avc:  denied  { find } for interface=vendor.qti.hardware.servicetracker::IServicetracker sid=u:r:system_server:s0 pid=1565 scontext=u:r:system_server:s0 tcontext=u:object_r:default_android_hwservice:s0 tclass=hwservice_manager permissive=0
03-27 20:05:58.023 W/system_server( 1565): Long monitor contention with owner NetworkStats (2047) at void com.android.server.net.NetworkStatsService$4.onReceive(android.content.Context, android.content.Intent)(NetworkStatsService.java:1080) waiters=0 in void com.android.server.net.NetworkStatsService.setUidForeground(int, boolean) for 566ms
03-27 20:05:58.027 W/BroadcastQueue( 1565): Background execution not allowed: receiving Intent { act=android.intent.action.PACKAGE_REMOVED dat=package:com.nfclab.e_leap_project flg=0x4000010 (has extras) } to com.android.vending/com.google.android.finsky.packagemonitor.impl.PackageMonitorReceiverImpl$RegisteredReceiver
03-27 20:05:58.030 E/Perf    (19394): Fail to get file list com.android.settings
03-27 20:05:58.030 E/Perf    (19394): getFolderSize() : Exception_1 = java.lang.NullPointerException: Attempt to get length of null array
03-27 20:05:58.030 E/Perf    (19394): Fail to get file list com.android.settings
03-27 20:05:58.031 E/Perf    (19394): getFolderSize() : Exception_1 = java.lang.NullPointerException: Attempt to get length of null array
03-27 20:05:58.031 W/BroadcastQueue( 1565): Background execution not allowed: receiving Intent { act=android.intent.action.PACKAGE_REMOVED dat=package:com.nfclab.e_leap_project flg=0x4000010 (has extras) } to com.android.vending/com.google.android.finsky.packagemonitor.backgroundimpl.BackgroundPackageMonitorReceiverImpl$RegisteredReceiver
03-27 20:05:58.032 W/BroadcastQueue( 1565): Background execution not allowed: receiving Intent { act=android.intent.action.PACKAGE_REMOVED dat=package:com.nfclab.e_leap_project flg=0x4000010 (has extras) } to com.android.vending/com.google.android.finsky.instantapps.appmanagement.InstantAppRemoveMonitor
