--------- beginning of system
03-27 20:05:54.937 D/PowerKeeper.AppStandby( 6431): enable standby chain
03-27 20:05:56.146 I/ActivityManager( 1565): Force stopping com.nfclab.e_leap_project appid=10565 user=0: from process:19367
03-27 20:05:56.148 I/AutoStartManagerService( 1565): MIUILOG- Reject RestartService packageName :com.nfclab.e_leap_project uid : 10565
03-27 20:05:56.156 I/ActivityManager( 1565): Force stopping com.nfclab.e_leap_project appid=10565 user=11: from process:19367
03-27 20:05:56.157 I/AutoStartManagerService( 1565): MIUILOG- Reject RestartService packageName :com.nfclab.e_leap_project uid : 1110565
--------- beginning of main
03-27 20:05:56.167 D/RegisteredServicesCache( 4032): Intent action: android.intent.action.PACKAGE_RESTARTED
03-27 20:05:56.168 D/AggregateListener(25721): notifyAction action:android.intent.action.PACKAGE_RESTARTED
03-27 20:05:56.185 D/CarrierSvcBindHelper( 2653): No carrier app for: 0
03-27 20:05:56.189 D/CarrierSvcBindHelper( 2653): No carrier app for: 1
03-27 20:05:56.192 D/CarrierSvcBindHelper( 2653): No carrier app for: 0
03-27 20:05:56.195 D/CarrierSvcBindHelper( 2653): No carrier app for: 1
03-27 20:05:56.204 D/AggregateListener(25721): onPackageRestarted packageName:com.nfclab.e_leap_project
03-27 20:05:56.232 D/RegisteredServicesCache( 4032): Adding service: ComponentInfo{com.google.android.gms/com.google.android.gms.nearby.mediums.nearfieldcommunication.NfcAdvertisingService} AIDs: [F00000FE2C]
03-27 20:05:56.232 D/RegisteredServicesCache( 4032): Adding service: ComponentInfo{com.google.android.gms/com.google.android.gms.pay.hce.service.PayHceService} AIDs: []
03-27 20:05:56.232 D/RegisteredServicesCache( 4032): Adding service: ComponentInfo{com.google.android.gms/com.google.android.gms.tapandpay.hce.service.TpHceService} AIDs: [325041592E5359532E4444463031, A0000000041010, A0000000042203, A0000000043060, A0000000031010, A0000000980840, A0000000032010, A0000000032020, A00000000307010001, A0000003241010, A0000001523010, A0000001524010, A00000002501, A000000025011001, A000000025021001, A0000002771010, A00000038410, A00000038420, A0000004941010, A0000004942010, A0000000049101, A0000007800006, A0000006581010]
03-27 20:05:56.232 D/RegisteredServicesCache( 4032):  Reading service state data always from file
03-27 20:05:56.242 D/RegisteredServicesCache( 4032): ServiceStateFileVersion=1.0
03-27 20:05:56.242 E/RegisteredServicesCache( 4032): Next Tag=services
03-27 20:05:56.242 D/RegisteredServicesCache( 4032):  curr component com.google.android.gms/com.google.android.gms.nearby.mediums.nearfieldcommunication.NfcAdvertisingService
03-27 20:05:56.242 D/RegisteredServicesCache( 4032):  curr uid 10066
03-27 20:05:56.242 D/RegisteredServicesCache( 4032):  curr state 1
03-27 20:05:56.242 E/RegisteredServicesCache( 4032): installedServices no uidString 
03-27 20:05:56.242 D/RegisteredServicesCache( 4032):  curr component com.google.android.gms/com.google.android.gms.pay.hce.service.PayHceService
03-27 20:05:56.242 D/RegisteredServicesCache( 4032):  curr uid 10066
03-27 20:05:56.242 D/RegisteredServicesCache( 4032):  curr state 1
03-27 20:05:56.242 E/RegisteredServicesCache( 4032): installedServices contains uidString : 10066
03-27 20:05:56.242 D/RegisteredServicesCache( 4032):  curr component com.google.android.gms/com.google.android.gms.nearby.mediums.nearfieldcommunication.NfcAdvertisingService
03-27 20:05:56.242 D/RegisteredServicesCache( 4032):  curr uid 1110066
03-27 20:05:56.242 D/RegisteredServicesCache( 4032):  curr state 2
03-27 20:05:56.242 E/RegisteredServicesCache( 4032): installedServices no uidString 
03-27 20:05:56.259 E/RegisteredServicesCache( 4032): 1invalidateCache:WriteServiceStateToFile
03-27 20:05:56.259 E/RegisteredServicesCache( 4032):  Writing service state Data Always
03-27 20:05:56.263 E/RegisteredServicesCache( 4032): component namecom.google.android.gms/com.google.android.gms.nearby.mediums.nearfieldcommunication.NfcAdvertisingService
03-27 20:05:56.263 E/RegisteredServicesCache( 4032): component namecom.google.android.gms/com.google.android.gms.pay.hce.service.PayHceService
03-27 20:05:56.263 E/RegisteredServicesCache( 4032): component namecom.google.android.gms/com.google.android.gms.nearby.mediums.nearfieldcommunication.NfcAdvertisingService
03-27 20:05:56.269 D/CardEmulationManager( 4032): Current default: ComponentInfo{com.google.android.gms/com.google.android.gms.tapandpay.hce.service.TpHceService}
03-27 20:05:56.269 D/CardEmulationManager( 4032): Default payment service still ok.
03-27 20:05:56.269 D/RegisteredAidCache( 4032): onServicesUpdated
03-27 20:05:56.270 D/RegisteredAidCache( 4032): generateServiceMap component: ComponentInfo{com.google.android.gms/com.google.android.gms.nearby.mediums.nearfieldcommunication.NfcAdvertisingService}
03-27 20:05:56.271 D/RegisteredAidCache( 4032): generateServiceMap component: ComponentInfo{com.google.android.gms/com.google.android.gms.pay.hce.service.PayHceService}
03-27 20:05:56.271 D/RegisteredAidCache( 4032): generateServiceMap component: ComponentInfo{com.google.android.gms/com.google.android.gms.tapandpay.hce.service.TpHceService}
03-27 20:05:56.271 D/RegisteredAidCache( 4032): generateAidCacheLocked: starting with aid 325041592E5359532E4444463031
03-27 20:05:56.271 D/RegisteredAidCache( 4032): Exact AID, resolving.
03-27 20:05:56.271 D/RegisteredAidCache( 4032): resolveAidLocked: DECISION: routing to payment default default ApduService: ComponentInfo{com.google.android.gms/com.google.android.gms.tapandpay.hce.service.TpHceService}, description: Google Pay, Static AID Groups: Category: payment, AIDs:325041592E5359532E4444463031, A0000000041010, A0000000042203, A0000000043060, A0000000031010, A0000000980840, A0000000032010, A0000000032020, A00000000307010001, A0000003241010, A0000001523010, A0000001524010, A00000002501, A000000025011001, A000000025021001, A0000002771010, A00000038410, A00000038420, A0000004941010, A0000004942010, A0000000049101, A0000007800006, A0000006581010, , Dynamic AID Groups: Category: payment, AIDs:325041592E5359532E4444463031, A0000000031010, 
03-27 20:05:56.271 D/RegisteredAidCache( 4032): AIDs: [325041592E5359532E4444463031] were resolved.
03-27 20:05:56.271 D/RegisteredAidCache( 4032): generateAidCacheLocked: starting with aid 4F53452E5641532E3031
03-27 20:05:56.271 D/RegisteredAidCache( 4032): Exact AID, resolving.
03-27 20:05:56.271 D/RegisteredAidCache( 4032): resolveAidLocked: DECISION: making single handling service ComponentInfo{com.google.android.gms/com.google.android.gms.pay.hce.service.PayHceService} default.
03-27 20:05:56.271 D/RegisteredAidCache( 4032): AIDs: [4F53452E5641532E3031] were resolved.
03-27 20:05:56.271 D/RegisteredAidCache( 4032): generateAidCacheLocked: starting with aid A0000000031010
03-27 20:05:56.271 D/RegisteredAidCache( 4032): Exact AID, resolving.
03-27 20:05:56.271 D/RegisteredAidCache( 4032): resolveAidLocked: DECISION: routing to payment default default ApduService: ComponentInfo{com.google.android.gms/com.google.android.gms.tapandpay.hce.service.TpHceService}, description: Google Pay, Static AID Groups: Category: payment, AIDs:325041592E5359532E4444463031, A0000000041010, A0000000042203, A0000000043060, A0000000031010, A0000000980840, A0000000032010, A0000000032020, A00000000307010001, A0000003241010, A0000001523010, A0000001524010, A00000002501, A000000025011001, A000000025021001, A0000002771010, A00000038410, A00000038420, A0000004941010, A0000004942010, A0000000049101, A0000007800006, A0000006581010, , Dynamic AID Groups: Category: payment, AIDs:325041592E5359532E4444463031, A0000000031010, 
03-27 20:05:56.271 D/RegisteredAidCache( 4032): AIDs: [A0000000031010] were resolved.
03-27 20:05:56.272 D/RegisteredAidCache( 4032): generateAidCacheLocked: starting with aid A000000476D0000111
03-27 20:05:56.272 D/RegisteredAidCache( 4032): Exact AID, resolving.
03-27 20:05:56.272 D/RegisteredAidCache( 4032): resolveAidLocked: DECISION: making single handling service ComponentInfo{com.google.android.gms/com.google.android.gms.pay.hce.service.PayHceService} default.
03-27 20:05:56.272 D/RegisteredAidCache( 4032): AIDs: [A000000476D0000111] were resolved.
03-27 20:05:56.272 D/RegisteredAidCache( 4032): generateAidCacheLocked: starting with aid F00000FE2C
03-27 20:05:56.272 D/RegisteredAidCache( 4032): Exact AID, resolving.
03-27 20:05:56.272 D/RegisteredAidCache( 4032): resolveAidLocked: DECISION: making single handling service ComponentInfo{com.google.android.gms/com.google.android.gms.nearby.mediums.nearfieldcommunication.NfcAdvertisingService} default.
03-27 20:05:56.272 D/RegisteredAidCache( 4032): AIDs: [F00000FE2C] were resolved.
03-27 20:05:56.272 D/RegisteredAidCache( 4032): Exact or Prefix AID.F00000FE2C
03-27 20:05:56.272 D/RegisteredAidCache( 4032): AIDs: [F00000FE2C] were resolved.
03-27 20:05:56.272 D/RegisteredAidCache( 4032): Exact or Prefix AID.A000000476D0000111
03-27 20:05:56.272 D/RegisteredAidCache( 4032): AIDs: [A000000476D0000111] were resolved.
03-27 20:05:56.272 D/RegisteredAidCache( 4032): Exact or Prefix AID.A0000000031010
03-27 20:05:56.272 D/RegisteredAidCache( 4032): AIDs: [A0000000031010] were resolved.
03-27 20:05:56.272 D/RegisteredAidCache( 4032): Exact or Prefix AID.4F53452E5641532E3031
03-27 20:05:56.272 D/RegisteredAidCache( 4032): AIDs: [4F53452E5641532E3031] were resolved.
03-27 20:05:56.272 D/RegisteredAidCache( 4032): Exact or Prefix AID.325041592E5359532E4444463031
03-27 20:05:56.272 D/RegisteredAidCache( 4032): AIDs: [325041592E5359532E4444463031] were resolved.
03-27 20:05:56.272 D/RegisteredAidCache( 4032):  AID power state before adding screen state1
03-27 20:05:56.272 D/RegisteredAidCache( 4032):  AID power state after17
03-27 20:05:56.272 D/RegisteredAidCache( 4032):  AID power state17
03-27 20:05:56.272 D/RegisteredAidCache( 4032):  AID power state before adding screen state1
03-27 20:05:56.272 D/RegisteredAidCache( 4032):  AID power state after17
03-27 20:05:56.272 D/RegisteredAidCache( 4032):  AID power state17
03-27 20:05:56.272 D/RegisteredAidCache( 4032):  AID power state before adding screen state1
03-27 20:05:56.272 D/RegisteredAidCache( 4032):  AID power state after17
03-27 20:05:56.272 D/RegisteredAidCache( 4032):  AID power state17
03-27 20:05:56.272 D/RegisteredAidCache( 4032):  AID power state before adding screen state1
03-27 20:05:56.272 D/RegisteredAidCache( 4032):  AID power state after17
03-27 20:05:56.272 D/RegisteredAidCache( 4032):  AID power state17
03-27 20:05:56.272 D/RegisteredAidCache( 4032):  AID power state before adding screen state1
03-27 20:05:56.272 D/RegisteredAidCache( 4032):  AID power state after17
03-27 20:05:56.272 D/RegisteredAidCache( 4032):  AID power state17
03-27 20:05:56.272 D/BrcmNfcJni( 4032): nfcManager_getDefaultAidRoute: DEFAULT_AID_ROUTE: 2
03-27 20:05:56.272 D/NxpExtns( 4032): find found DEFAULT_AID_PWR_STATE=(0x19)
03-27 20:05:56.272 D/NfcService( 4032): defaultAidRoute : 537
03-27 20:05:56.272 D/NfcService( 4032): GetDefaultRouteLoc  :2
03-27 20:05:56.272 D/AidRoutingManager( 4032): mAidMatchingPlatform=0x1
03-27 20:05:56.272 I/BrcmNfcNfa( 4032): nfa_ee_api_get_max_aid_config_length
03-27 20:05:56.273 I/BrcmNfcNfa( 4032): nfa_ee_api_get_max_aid_config_length: 800
03-27 20:05:56.273 D/AidRoutingManager( 4032): mDefaultRoute=0x2
03-27 20:05:56.273 D/BrcmNfcJni( 4032): nfcManager_getDefaultAidRoute: DEFAULT_AID_ROUTE: 2
03-27 20:05:56.273 D/NxpExtns( 4032): find found DEFAULT_AID_PWR_STATE=(0x19)
03-27 20:05:56.273 D/NfcService( 4032): defaultAidRoute : 537
03-27 20:05:56.273 D/NfcService( 4032): GetDefaultRouteLoc  :2
03-27 20:05:56.273 D/AidRoutingManager( 4032): #######Routing AID 325041592E5359532E4444463031 to route 0 with power 17
03-27 20:05:56.273 D/AidRoutingManager( 4032): #######Routing AID F00000FE2C to route 0 with power 17
03-27 20:05:56.273 D/AidRoutingManager( 4032): #######Routing AID 4F53452E5641532E3031 to route 0 with power 17
03-27 20:05:56.273 D/AidRoutingManager( 4032): #######Routing AID A0000000031010 to route 0 with power 17
03-27 20:05:56.273 D/AidRoutingManager( 4032): #######Routing AID A000000476D0000111 to route 0 with power 17
03-27 20:05:56.273 D/AidRoutingManager( 4032): Routing table unchanged, but commit the routing
03-27 20:05:56.275 D/NQApduServiceInfo( 4032): updateServiceCommitStatus:Description:Nearby:InternalState:1:commitStatus:true
03-27 20:05:56.275 D/NQApduServiceInfo( 4032): updateServiceCommitStatus:Description:Google Wallet:InternalState:1:commitStatus:true
03-27 20:05:56.276 E/RegisteredServicesCache( 4032): 3updateStatusOfServices:WriteServiceStateToFile
03-27 20:05:56.276 E/RegisteredServicesCache( 4032):  Writing service state Data Always
03-27 20:05:56.278 E/RegisteredServicesCache( 4032): component namecom.google.android.gms/com.google.android.gms.nearby.mediums.nearfieldcommunication.NfcAdvertisingService
03-27 20:05:56.278 E/RegisteredServicesCache( 4032): component namecom.google.android.gms/com.google.android.gms.pay.hce.service.PayHceService
03-27 20:05:56.278 E/RegisteredServicesCache( 4032): component namecom.google.android.gms/com.google.android.gms.nearby.mediums.nearfieldcommunication.NfcAdvertisingService
03-27 20:05:56.271 W/health@2.0-serv(  775): type=1400 audit(0.0:61022): avc: denied { read } for name="type" dev="sysfs" ino=58539 scontext=u:r:hal_health_default:s0 tcontext=u:object_r:sysfs:s0 tclass=file permissive=0
03-27 20:05:56.282 D/RegisteredServicesCache( 4032): ApduService: ComponentInfo{com.google.android.gms/com.google.android.gms.nearby.mediums.nearfieldcommunication.NfcAdvertisingService}, description: Nearby, Static AID Groups: Category: other, AIDs:F00000FE2C, , Dynamic AID Groups: 
03-27 20:05:56.283 D/RegisteredServicesCache( 4032): ApduService: ComponentInfo{com.google.android.gms/com.google.android.gms.pay.hce.service.PayHceService}, description: Google Wallet, Static AID Groups: , Dynamic AID Groups: Category: other, AIDs:4F53452E5641532E3031, A000000476D0000111, 
03-27 20:05:56.283 D/RegisteredServicesCache( 4032): ApduService: ComponentInfo{com.google.android.gms/com.google.android.gms.tapandpay.hce.service.TpHceService}, description: Google Pay, Static AID Groups: Category: payment, AIDs:325041592E5359532E4444463031, A0000000041010, A0000000042203, A0000000043060, A0000000031010, A0000000980840, A0000000032010, A0000000032020, A00000000307010001, A0000003241010, A0000001523010, A0000001524010, A00000002501, A000000025011001, A000000025021001, A0000002771010, A00000038410, A00000038420, A0000004941010, A0000004942010, A0000000049101, A0000007800006, A0000006581010, , Dynamic AID Groups: Category: payment, AIDs:325041592E5359532E4444463031, A0000000031010, 
03-27 20:05:56.284 D/RegisteredNfcFServicesCache( 4032): Service unchanged, not updating
03-27 20:05:56.284 D/RegisteredServicesCache( 4032): Intent action: android.intent.action.PACKAGE_RESTARTED
03-27 20:05:56.285 E/NfcService( 4032): applyRouting -9
03-27 20:05:56.285 D/NfcService( 4032): Not committing routing because discovery is disabled.
03-27 20:05:56.286 D/NfcService( 4032): Received android.intent.action.BATTERY_CHANGED
03-27 20:05:56.287 D/KeyguardUpdateMonitor( 2147): received broadcast android.intent.action.BATTERY_CHANGED
03-27 20:05:56.287 I/BatteryInfoReceiver( 4567): ACTION_BATTERY_CHANGED
03-27 20:05:56.288 D/PowerCheckerService( 6431): onBatteryChanged, mBatteryLevel = 99, status = 2, level = 99, plug = 2, scale = 100
03-27 20:05:56.289 I/PowerNoticeUI( 4567): handleBatteryChanged oldPlugType 2 mPlugType 2 oldBatteryLevel 99 mBatteryLevel 99 temperature 300
03-27 20:05:56.486 W/PackageManager( 1565): Not removing non-existent package androidx.test.tools.crawler
03-27 20:05:56.487 I/PackageManagerServiceInjector( 1565): MIUILOG-onPackageDeleted: PackageEvent { mTimeStamp=2023-03-27 20:05:56 mAction=Uninstall mPackageName=androidx.test.tools.crawler mReturnCode=-1 mReturnMsg= mVersionCode=-1 mVersionName=mInstallerPkgName=
03-27 20:05:56.583 I/ActivityManager( 1565): Force stopping com.nfclab.e_leap_project appid=10565 user=-1: deletePackageX
03-27 20:05:56.622 E/        ( 1083): Couldn't opendir /data/user/11/com.nfclab.e_leap_project: No such file or directory
03-27 20:05:56.622 E/installd( 1083): Failed to delete /data/user/11/com.nfclab.e_leap_project: No such file or directory
03-27 20:05:56.622 E/        ( 1083): Couldn't opendir /data/user_de/11/com.nfclab.e_leap_project: No such file or directory
03-27 20:05:56.622 E/installd( 1083): Failed to delete /data/user_de/11/com.nfclab.e_leap_project: No such file or directory
03-27 20:05:56.626 W/PackageManager( 1565): com.android.server.pm.Installer$InstallerException: android.os.ServiceSpecificException: Failed to delete /data/user_de/11/com.nfclab.e_leap_project (code 2)
03-27 20:05:56.627 D/installd( 1083): Found valid user 11
03-27 20:05:56.629 I/PackageManager( 1565): Removing old permission tree: com.nfclab.e_leap_project.DYNAMIC_RECEIVER_NOT_EXPORTED_PERMISSION from package com.nfclab.e_leap_project
03-27 20:05:56.633 I/PackageManager( 1565): Un-granting permission android.permission.MANAGE_DOCUMENTS from package com.google.android.youtube (protectionLevel=262146 flags=0x30dbbec5)
03-27 20:05:56.640 I/PackageManager( 1565): Un-granting permission android.permission.SUBSTITUTE_SHARE_TARGET_APP_NAME_AND_ICON from package com.google.android.googlequicksearchbox (protectionLevel=18 flags=0xa8dbbec5)
03-27 20:05:56.641 I/PackageManager( 1565): Un-granting permission android.permission.REQUEST_INSTALL_PACKAGES from package cn.wps.xiaomi.abroad.lite (protectionLevel=66 flags=0x38d8be44)
03-27 20:05:56.641 I/PackageManager( 1565): Un-granting permission com.google.android.googleapps.permission.GOOGLE_AUTH from package com.android.providers.calendar (protectionLevel=2 flags=0x20883e45)
03-27 20:05:56.641 I/PackageManager( 1565): Un-granting permission com.google.android.googleapps.permission.GOOGLE_AUTH.cl from package com.android.providers.calendar (protectionLevel=2 flags=0x20883e45)
03-27 20:05:56.642 I/PackageManager( 1565): Un-granting permission android.permission.SYSTEM_ALERT_WINDOW from package org.telegram.messenger (protectionLevel=1250 flags=0x209bbe44)
03-27 20:05:56.642 I/PackageManager( 1565): Un-granting permission android.permission.REQUEST_INSTALL_PACKAGES from package org.telegram.messenger (protectionLevel=66 flags=0x209bbe44)
03-27 20:05:56.644 I/PackageManager( 1565): Un-granting permission com.google.android.gm.permission.READ_GMAIL from package com.google.android.apps.docs.editors.docs (protectionLevel=2 flags=0x38dbbe44)
03-27 20:05:56.644 I/PackageManager( 1565): Un-granting permission com.google.android.googleapps.permission.GOOGLE_AUTH from package com.google.android.apps.docs.editors.docs (protectionLevel=2 flags=0x38dbbe44)
03-27 20:05:56.644 I/PackageManager( 1565): Un-granting permission com.google.android.googleapps.permission.GOOGLE_AUTH.OTHER_SERVICES from package com.google.android.apps.docs.editors.docs (protectionLevel=2 flags=0x38dbbe44)
03-27 20:05:56.644 I/PackageManager( 1565): Un-granting permission com.google.android.googleapps.permission.GOOGLE_AUTH.ALL_SERVICES from package com.google.android.apps.docs.editors.docs (protectionLevel=2 flags=0x38dbbe44)
03-27 20:05:56.644 I/PackageManager( 1565): Un-granting permission com.google.android.googleapps.permission.GOOGLE_AUTH.writely from package com.google.android.apps.docs.editors.docs (protectionLevel=2 flags=0x38dbbe44)
03-27 20:05:56.644 I/PackageManager( 1565): Un-granting permission com.google.android.googleapps.permission.GOOGLE_AUTH.wise from package com.google.android.apps.docs.editors.docs (protectionLevel=2 flags=0x38dbbe44)
03-27 20:05:56.647 I/PackageManager( 1565): Un-granting permission android.permission.SYSTEM_ALERT_WINDOW from package com.shazam.android (protectionLevel=1250 flags=0x2089be44)
03-27 20:05:56.650 I/PackageManager( 1565): Un-granting permission android.permission.REQUEST_INSTALL_PACKAGES from package eu.kanade.tachiyomi (protectionLevel=66 flags=0x20d83e44)
03-27 20:05:56.651 I/PackageManager( 1565): Un-granting permission android.permission.REQUEST_INSTALL_PACKAGES from package com.ecosia.android (protectionLevel=66 flags=0xa0c83e44)
03-27 20:05:56.651 I/PackageManager( 1565): Un-granting permission com.google.android.apps.now.CURRENT_ACCOUNT_ACCESS from package com.ecosia.android (protectionLevel=2 flags=0xa0c83e44)
03-27 20:05:56.652 I/PackageManager( 1565): Un-granting permission android.permission.WRITE_SETTINGS from package com.viber.voip (protectionLevel=1218 flags=0x38d9bc44)
03-27 20:05:56.654 I/PackageManager( 1565): Un-granting permission android.permission.REQUEST_INSTALL_PACKAGES from package com.whatsapp (protectionLevel=66 flags=0x30cbbe44)
03-27 20:05:56.655 I/PackageManager( 1565): Un-granting permission com.google.android.gm.permission.READ_GMAIL from package com.google.android.apps.docs.editors.sheets (protectionLevel=2 flags=0x38dbbe44)
03-27 20:05:56.655 I/PackageManager( 1565): Un-granting permission com.google.android.googleapps.permission.GOOGLE_AUTH from package com.google.android.apps.docs.editors.sheets (protectionLevel=2 flags=0x38dbbe44)
03-27 20:05:56.655 I/PackageManager( 1565): Un-granting permission com.google.android.googleapps.permission.GOOGLE_AUTH.OTHER_SERVICES from package com.google.android.apps.docs.editors.sheets (protectionLevel=2 flags=0x38dbbe44)
03-27 20:05:56.655 I/PackageManager( 1565): Un-granting permission com.google.android.googleapps.permission.GOOGLE_AUTH.ALL_SERVICES from package com.google.android.apps.docs.editors.sheets (protectionLevel=2 flags=0x38dbbe44)
03-27 20:05:56.655 I/PackageManager( 1565): Un-granting permission com.google.android.googleapps.permission.GOOGLE_AUTH.writely from package com.google.android.apps.docs.editors.sheets (protectionLevel=2 flags=0x38dbbe44)
03-27 20:05:56.655 I/PackageManager( 1565): Un-granting permission com.google.android.googleapps.permission.GOOGLE_AUTH.wise from package com.google.android.apps.docs.editors.sheets (protectionLevel=2 flags=0x38dbbe44)
03-27 20:05:56.657 I/PackageManager( 1565): Un-granting permission android.permission.INTERACT_ACROSS_USERS from package com.miui.securitycenter (protectionLevel=50 flags=0x30c9bec5)
03-27 20:05:56.657 I/PackageManager( 1565): Un-granting permission android.permission.READ_PRIVILEGED_PHONE_STATE from package com.miui.securitycenter (protectionLevel=18 flags=0x30c9bec5)
03-27 20:05:56.659 I/PackageManager( 1565): Un-granting permission android.permission.CHANGE_CONFIGURATION from package com.paypal.android.p2pmobile (protectionLevel=50 flags=0x20d83e44)
03-27 20:05:56.660 I/PackageManager( 1565): Un-granting permission android.permission.SYSTEM_ALERT_WINDOW from package com.microsoft.office.excel (protectionLevel=1250 flags=0x30d83e44)
03-27 20:05:56.661 I/PackageManager( 1565): Un-granting permission android.permission.START_ACTIVITIES_FROM_BACKGROUND from package com.android.soundrecorder (protectionLevel=49682 flags=0x30c83e85)
03-27 20:05:56.662 I/PackageManager( 1565): Un-granting permission android.permission.SYSTEM_ALERT_WINDOW from package com.pl.premierleague (protectionLevel=1250 flags=0x30c83e44)
03-27 20:05:56.662 I/PackageManager( 1565): Un-granting permission android.permission.READ_SEARCH_INDEXABLES from package com.mi.globalbrowser (protectionLevel=18 flags=0x30d9bec5)
03-27 20:05:56.666 I/PackageManager( 1565): Un-granting permission android.permission.GET_ACCOUNTS_PRIVILEGED from package com.microsoft.skydrive (protectionLevel=18 flags=0x30d83e44)
03-27 20:05:56.666 I/PackageManager( 1565): Un-granting permission android.permission.WRITE_SETTINGS from package com.microsoft.skydrive (protectionLevel=1218 flags=0x30d83e44)
03-27 20:05:56.667 I/PackageManager( 1565): Un-granting permission android.permission.CHANGE_COMPONENT_ENABLED_STATE from package com.google.android.marvin.talkback (protectionLevel=18 flags=0x20cbbec5)
03-27 20:05:56.667 I/PackageManager( 1565): Un-granting permission android.permission.PACKAGE_USAGE_STATS from package com.reddit.frontpage (protectionLevel=114 flags=0x3098be44)
03-27 20:05:56.669 I/PackageManager( 1565): Un-granting permission com.google.android.googleapps.permission.GOOGLE_AUTH.mail from package com.android.contacts (protectionLevel=2 flags=0x38c9bec5)
03-27 20:05:56.669 I/PackageManager( 1565): Un-granting permission com.android.launcher.permission.READ_SETTINGS from package com.android.contacts (protectionLevel=18 flags=0x38c9bec5)
03-27 20:05:56.669 I/PackageManager( 1565): Un-granting permission com.android.launcher.permission.WRITE_SETTINGS from package com.android.contacts (protectionLevel=18 flags=0x38c9bec5)
03-27 20:05:56.669 I/PackageManager( 1565): Un-granting permission com.android.updater.permission.RECEIVE_BROADCAST from package com.android.contacts (protectionLevel=18 flags=0x38c9bec5)
03-27 20:05:56.669 I/PackageManager( 1565): Un-granting permission com.miui.virtualsim.permission.DIAG from package com.android.contacts (protectionLevel=18 flags=0x38c9bec5)
03-27 20:05:56.669 I/PackageManager( 1565): Un-granting permission android.provision.permission.SEND_PROVISION_COMPLETE_BROADCAST from package com.android.contacts (protectionLevel=18 flags=0x38c9bec5)
03-27 20:05:56.670 I/PackageManager( 1565): Un-granting permission com.xiaomi.permission.ACCESS_SECURITY_DEVICE_CREDENTIAL from package com.android.contacts (protectionLevel=18 flags=0x38c9bec5)
03-27 20:05:56.670 I/PackageManager( 1565): Un-granting permission com.miui.permission.ACCESS_ESE from package com.android.contacts (protectionLevel=18 flags=0x38c9bec5)
03-27 20:05:56.670 I/PackageManager( 1565): Un-granting permission com.miui.securitycenter.permission.SYSTEM_PERMISSION_DECLARE from package com.android.contacts (protectionLevel=18 flags=0x38c9bec5)
03-27 20:05:56.672 I/PackageManager( 1565): Un-granting permission android.permission.START_ACTIVITIES_FROM_BACKGROUND from package com.android.mms (protectionLevel=49682 flags=0x38c9bee5)
03-27 20:05:56.672 I/PackageManager( 1565): Un-granting permission com.xiaomi.simactivate.service.ACTIVATE_SIM from package com.android.mms (protectionLevel=2 flags=0x38c9bee5)
03-27 20:05:56.673 I/PackageManager( 1565): Un-granting permission android.permission.WRITE_APN_SETTINGS from package com.android.mms (protectionLevel=18 flags=0x38c9bee5)
03-27 20:05:56.673 I/PackageManager( 1565): Un-granting permission miui.permission.JOYOSE from package com.android.mms (protectionLevel=2 flags=0x38c9bee5)
03-27 20:05:56.674 I/PackageManager( 1565): Un-granting permission com.facebook.katana.provider.ACCESS from package com.instagram.android (protectionLevel=2 flags=0x34d9be64)
03-27 20:05:56.677 I/PackageManager( 1565): Un-granting permission android.permission.STATUS_BAR from package com.google.android.apps.tachyon (protectionLevel=18 flags=0x30c9be44)
03-27 20:05:56.677 I/PackageManager( 1565): Un-granting permission android.permission.STOP_APP_SWITCHES from package com.google.android.apps.tachyon (protectionLevel=18 flags=0x30c9be44)
03-27 20:05:56.678 I/PackageManager( 1565): Un-granting permission android.permission.INTERACT_ACROSS_PROFILES from package com.microsoft.office.outlook (protectionLevel=18 flags=0x30c83e44)
03-27 20:05:56.682 I/PackageManager( 1565): Un-granting permission android.permission.WRITE_SECURE_SETTINGS from package com.android.printspooler (protectionLevel=50 flags=0x38c8be45)
03-27 20:05:56.683 I/PackageManager( 1565): Un-granting permission android.permission.REQUEST_INSTALL_PACKAGES from package com.duokan.phone.remotecontroller (protectionLevel=66 flags=0x38983e44)
03-27 20:05:56.683 I/PackageManager( 1565): Un-granting permission android.permission.GET_ACCOUNTS_PRIVILEGED from package com.duokan.phone.remotecontroller (protectionLevel=18 flags=0x38983e44)
03-27 20:05:56.683 I/PackageManager( 1565): Un-granting permission android.permission.READ_PRIVILEGED_PHONE_STATE from package com.duokan.phone.remotecontroller (protectionLevel=18 flags=0x38983e44)
03-27 20:05:56.683 I/PackageManager( 1565): Un-granting permission android.permission.CHANGE_CONFIGURATION from package com.duokan.phone.remotecontroller (protectionLevel=50 flags=0x38983e44)
03-27 20:05:56.683 I/PackageManager( 1565): Un-granting permission android.permission.READ_LOGS from package com.duokan.phone.remotecontroller (protectionLevel=50 flags=0x38983e44)
03-27 20:05:56.683 I/PackageManager( 1565): Un-granting permission android.permission.CAPTURE_AUDIO_OUTPUT from package com.duokan.phone.remotecontroller (protectionLevel=18 flags=0x38983e44)
03-27 20:05:56.683 I/PackageManager( 1565): Un-granting permission com.xiaomi.permission.CLOUD_MANAGER from package com.duokan.phone.remotecontroller (protectionLevel=18 flags=0x38983e44)
03-27 20:05:56.683 I/PackageManager( 1565): Un-granting permission com.android.launcher.permission.READ_SETTINGS from package com.duokan.phone.remotecontroller (protectionLevel=18 flags=0x38983e44)
03-27 20:05:56.683 I/PackageManager( 1565): Un-granting permission android.permission.WRITE_SETTINGS from package com.duokan.phone.remotecontroller (protectionLevel=1218 flags=0x38983e44)
03-27 20:05:56.684 I/PackageManager( 1565): Un-granting permission android.permission.MOUNT_UNMOUNT_FILESYSTEMS from package com.duokan.phone.remotecontroller (protectionLevel=18 flags=0x38983e44)
03-27 20:05:56.685 I/PackageManager( 1565): Un-granting permission android.permission.REAL_GET_TASKS from package com.google.android.apps.wellbeing (protectionLevel=18 flags=0x20cbbec5)
03-27 20:05:56.685 I/PackageManager( 1565): Un-granting permission android.permission.START_TASKS_FROM_RECENTS from package com.google.android.apps.wellbeing (protectionLevel=18 flags=0x20cbbec5)
03-27 20:05:56.685 I/PackageManager( 1565): Un-granting permission android.permission.MODIFY_DAY_NIGHT_MODE from package com.google.android.apps.wellbeing (protectionLevel=18 flags=0x20cbbec5)
03-27 20:05:56.686 I/PackageManager( 1565): Un-granting permission android.permission.SYSTEM_ALERT_WINDOW from package com.lenovo.anyshare.gps (protectionLevel=1250 flags=0x20d83e44)
03-27 20:05:56.686 I/PackageManager( 1565): Un-granting permission android.permission.WRITE_MEDIA_STORAGE from package com.lenovo.anyshare.gps (protectionLevel=18 flags=0x20d83e44)
03-27 20:05:56.686 I/PackageManager( 1565): Un-granting permission android.permission.WRITE_SETTINGS from package com.lenovo.anyshare.gps (protectionLevel=1218 flags=0x20d83e44)
03-27 20:05:56.686 I/PackageManager( 1565): Un-granting permission android.permission.REQUEST_INSTALL_PACKAGES from package com.lenovo.anyshare.gps (protectionLevel=66 flags=0x20d83e44)
03-27 20:05:56.686 I/PackageManager( 1565): Un-granting permission android.permission.CLEAR_APP_CACHE from package com.lenovo.anyshare.gps (protectionLevel=18 flags=0x20d83e44)
03-27 20:05:56.686 I/PackageManager( 1565): Un-granting permission android.permission.PACKAGE_USAGE_STATS from package com.lenovo.anyshare.gps (protectionLevel=114 flags=0x20d83e44)
03-27 20:05:56.686 I/PackageManager( 1565): Un-granting permission com.android.launcher.permission.READ_SETTINGS from package com.lenovo.anyshare.gps (protectionLevel=18 flags=0x20d83e44)
03-27 20:05:56.686 I/PackageManager( 1565): Un-granting permission com.android.launcher.permission.WRITE_SETTINGS from package com.lenovo.anyshare.gps (protectionLevel=18 flags=0x20d83e44)
03-27 20:05:56.686 I/PackageManager( 1565): Un-granting permission com.google.android.launcher.permission.READ_SETTINGS from package com.lenovo.anyshare.gps (protectionLevel=18 flags=0x20d83e44)
03-27 20:05:56.686 I/PackageManager( 1565): Un-granting permission com.google.android.launcher.permission.WRITE_SETTINGS from package com.lenovo.anyshare.gps (protectionLevel=18 flags=0x20d83e44)
03-27 20:05:56.687 I/PackageManager( 1565): Un-granting permission android.permission.READ_PRIVILEGED_PHONE_STATE from package com.lenovo.anyshare.gps (protectionLevel=18 flags=0x20d83e44)
03-27 20:05:56.687 I/PackageManager( 1565): Un-granting permission android.permission.CHANGE_CONFIGURATION from package com.lenovo.anyshare.gps (protectionLevel=50 flags=0x20d83e44)
03-27 20:05:56.688 I/PackageManager( 1565): Un-granting permission android.permission.SYSTEM_ALERT_WINDOW from package com.ubercab.eats (protectionLevel=1250 flags=0x20c83e44)
03-27 20:05:56.688 I/PackageManager( 1565): Un-granting permission android.permission.SYSTEM_ALERT_WINDOW from package com.microsoft.office.word (protectionLevel=1250 flags=0x30d83e44)
03-27 20:05:56.689 I/PackageManager( 1565): Un-granting permission android.permission.SYSTEM_ALERT_WINDOW from package com.microsoft.windowsintune.companyportal (protectionLevel=1250 flags=0x20483e44)
03-27 20:05:56.689 I/PackageManager( 1565): Un-granting permission android.permission.REQUEST_INSTALL_PACKAGES from package com.microsoft.windowsintune.companyportal (protectionLevel=66 flags=0x20483e44)
03-27 20:05:56.691 I/PackageManager( 1565): Un-granting permission android.permission.REQUEST_INSTALL_PACKAGES from package com.opera.gx (protectionLevel=66 flags=0x20983e44)
03-27 20:05:56.692 I/PackageManager( 1565): Un-granting permission android.permission.MANAGE_USERS from package com.miui.mishare.connectivity (protectionLevel=18 flags=0x30c83ec5)
03-27 20:05:56.692 I/PackageManager( 1565): Un-granting permission android.permission.INTERACT_ACROSS_USERS from package com.miui.mishare.connectivity (protectionLevel=50 flags=0x30c83ec5)
03-27 20:05:56.692 I/PackageManager( 1565): Un-granting permission android.permission.MODIFY_DEFAULT_AUDIO_EFFECTS from package com.google.android.gms (protectionLevel=18 flags=0xa0cabec5)
03-27 20:05:56.693 I/PackageManager( 1565): Un-granting permission android.permission.MEDIA_CONTENT_CONTROL from package com.google.android.gms (protectionLevel=18 flags=0xa0cabec5)
03-27 20:05:56.695 I/PackageManager( 1565): Un-granting permission android.permission.SYSTEM_ALERT_WINDOW from package tv.twitch.android.app (protectionLevel=1250 flags=0x20d83e44)
03-27 20:05:56.696 I/PackageManager( 1565): Un-granting permission android.permission.REQUEST_INSTALL_PACKAGES from package org.torproject.torbrowser (protectionLevel=66 flags=0x30c83e44)
03-27 20:05:56.700 I/PackageManager( 1565): Un-granting permission android.permission.WRITE_SETTINGS from package com.google.android.apps.photos (protectionLevel=1218 flags=0x38d83e44)
03-27 20:05:56.701 I/PackageManager( 1565): Un-granting permission android.permission.WRITE_MEDIA_STORAGE from package com.google.android.apps.photos (protectionLevel=18 flags=0x38d83e44)
03-27 20:05:56.702 I/PackageManager( 1565): Un-granting permission android.permission.INTERACT_ACROSS_USERS from package com.google.android.documentsui (protectionLevel=50 flags=0x30c9bec5)
03-27 20:05:56.702 I/PackageManager( 1565): Un-granting permission android.permission.MODIFY_QUIET_MODE from package com.google.android.documentsui (protectionLevel=18 flags=0x30c9bec5)
03-27 20:05:56.704 I/PackageManager( 1565): Un-granting permission android.permission.BATTERY_STATS from package com.facebook.katana (protectionLevel=50 flags=0x30d83e44)
03-27 20:05:56.704 I/PackageManager( 1565): Un-granting permission android.permission.MOUNT_UNMOUNT_FILESYSTEMS from package com.thirtydegreesray.openhub (protectionLevel=18 flags=0x3088be44)
03-27 20:05:56.704 I/PackageManager( 1565): Un-granting permission android.permission.SYSTEM_ALERT_WINDOW from package com.gallinet.peoplehours.telme (protectionLevel=1250 flags=0x3898be44)
03-27 20:05:56.709 I/PackageManager( 1565): Un-granting permission com.google.android.finsky.permission.GEARHEAD_SERVICE from package com.google.android.projection.gearhead (protectionLevel=18 flags=0x388bbec5)
03-27 20:05:56.709 I/PackageManager( 1565): Un-granting permission android.permission.CHANGE_COMPONENT_ENABLED_STATE from package com.google.android.projection.gearhead (protectionLevel=18 flags=0x388bbec5)
03-27 20:05:56.709 I/PackageManager( 1565): Un-granting permission android.permission.UPDATE_APP_OPS_STATS from package com.google.android.projection.gearhead (protectionLevel=274 flags=0x388bbec5)
03-27 20:05:56.709 I/PackageManager( 1565): Un-granting permission android.permission.INTERACT_ACROSS_PROFILES from package com.google.android.projection.gearhead (protectionLevel=18 flags=0x388bbec5)
03-27 20:05:56.710 I/PackageManager( 1565): Un-granting permission com.google.android.googleapps.permission.GOOGLE_AUTH.mail from package com.xiaomi.calendar (protectionLevel=2 flags=0x38c9bec5)
03-27 20:05:56.710 I/PackageManager( 1565): Un-granting permission android.permission.WRITE_SETTINGS from package com.p1.mobile.putong (protectionLevel=1218 flags=0x38983e44)
03-27 20:05:56.710 I/PackageManager( 1565): Un-granting permission com.android.launcher.permission.READ_SETTINGS from package com.p1.mobile.putong (protectionLevel=18 flags=0x38983e44)
03-27 20:05:56.710 I/PackageManager( 1565): Un-granting permission com.android.launcher.permission.WRITE_SETTINGS from package com.p1.mobile.putong (protectionLevel=18 flags=0x38983e44)
03-27 20:05:56.710 I/PackageManager( 1565): Un-granting permission android.permission.SYSTEM_ALERT_WINDOW from package com.p1.mobile.putong (protectionLevel=1250 flags=0x38983e44)
03-27 20:05:56.713 I/PackageManager( 1565): Un-granting permission android.permission.ACCESS_DOWNLOAD_MANAGER from package com.micredit.in (protectionLevel=18 flags=0x3848be44)
03-27 20:05:56.713 I/PackageManager( 1565): Un-granting permission com.xiaomi.permission.CLOUD_MANAGER from package com.micredit.in (protectionLevel=18 flags=0x3848be44)
03-27 20:05:56.713 I/PackageManager( 1565): Un-granting permission android.permission.REQUEST_INSTALL_PACKAGES from package com.micredit.in (protectionLevel=66 flags=0x3848be44)
03-27 20:05:56.716 I/PackageManager( 1565): Un-granting permission com.xiaomi.permission.CLOUD_MANAGER from package com.mipay.wallet.in (protectionLevel=18 flags=0x38483e45)
03-27 20:05:56.716 I/PackageManager( 1565): Un-granting permission android.permission.REQUEST_INSTALL_PACKAGES from package com.mipay.wallet.in (protectionLevel=66 flags=0x38483e45)
03-27 20:05:56.716 I/PackageManager( 1565): Un-granting permission android.permission.SYSTEM_ALERT_WINDOW from package com.apowersoft.letsview (protectionLevel=1250 flags=0x2888be44)
03-27 20:05:56.716 I/PackageManager( 1565): Un-granting permission android.permission.CAPTURE_AUDIO_OUTPUT from package com.apowersoft.letsview (protectionLevel=18 flags=0x2888be44)
03-27 20:05:56.717 I/PackageManager( 1565): Un-granting permission android.permission.SYSTEM_ALERT_WINDOW from package com.justeat.app.ie (protectionLevel=1250 flags=0x20c83e44)
03-27 20:05:56.718 I/PackageManager( 1565): Un-granting permission android.permission.SYSTEM_ALERT_WINDOW from package com.microsoft.teams (protectionLevel=1250 flags=0x20c83e44)
03-27 20:05:56.718 I/PackageManager( 1565): Un-granting permission android.permission.BLUETOOTH_PRIVILEGED from package com.microsoft.teams (protectionLevel=18 flags=0x20c83e44)
03-27 20:05:56.718 I/PackageManager( 1565): Un-granting permission android.permission.READ_PRIVILEGED_PHONE_STATE from package com.miui.core (protectionLevel=18 flags=0x28883e05)
03-27 20:05:56.925 I/keystore( 1084): clear_uid 10565
03-27 20:05:56.957 I/keystore( 1084): clear_uid 1110565
03-27 20:05:56.967 E/PermissionMonitor( 1565): unknown permission type: -1for uid: 10565
03-27 20:05:56.968 E/TrafficController(  650): Failed to clean up the permission for 10565: No such file or directory
03-27 20:05:56.969 I/netd    (  650): trafficSetNetPermForUids(-1, [10565]) <0.22ms>
03-27 20:05:56.978 E/TaskPersister( 1565): File error accessing recents directory (directory doesn't exist?).
03-27 20:05:57.278 I/system_server( 1565): Explicit concurrent copying GC freed 345988(15MB) AllocSpace objects, 52(1524KB) LOS objects, 32% free, 50MB/74MB, paused 2.058ms total 308.243ms
03-27 20:05:57.283 I/hwservicemanager(  536): getTransport: Cannot find entry vendor.qti.hardware.iop@2.0::IIop/default in either framework or device manifest.
03-27 20:05:57.284 I/ActivityManager( 1565): Force stopping com.nfclab.e_leap_project appid=10565 user=0: pkg removed
03-27 20:05:57.284 I/AutoStartManagerService( 1565): MIUILOG- Reject RestartService packageName :com.nfclab.e_leap_project uid : 10565
03-27 20:05:57.286 W/BpBinder(19381): Slow Binder: BpBinder transact took 705 ms, interface=android.content.pm.IPackageManager, code=1598246212 oneway=false
03-27 20:05:57.290 E/HistoricalRegistry( 1565): Interaction before persistence initialized
03-27 20:05:57.318 I/RoleManagerService( 1565): Granting default permissions...
03-27 20:05:57.319 E/Recents ( 2147): packageMonitor   onPackageModified  packageName=com.nfclab.e_leap_project   mIsRecentsWithinLauncher=true
03-27 20:05:57.319 I/MiuiNetworkPolicy( 1565): ACTION_PACKAGE_REMOVED uid = 10565
03-27 20:05:57.320 E/InstallApkReceiver( 2394): uninstall:package:com.nfclab.e_leap_project
03-27 20:05:57.320 D/LockScreenMagazineController( 2147): received broadcast android.intent.action.PACKAGE_REMOVED
03-27 20:05:57.322 I/SuperWallpaperReceiver( 2941): onReceive: android.intent.action.PACKAGE_REMOVED
03-27 20:05:57.324 W/LocationProviderProxy( 1565): com.qualcomm.location resolves service com.android.location.service.v3.NetworkLocationProvider, but has wrong signature, ignoring
03-27 20:05:57.324 W/LocationProviderProxy( 1565): com.qualcomm.location resolves service com.android.location.service.v3.NetworkLocationProvider, but has wrong signature, ignoring
03-27 20:05:57.325 I/GsaVoiceInteractionSrv( 3980): (REDACTED) O received %s
03-27 20:05:57.325 D/Avrcp_ext( 9935): AvrcpServiceBroadcastReceiver-> Action: android.intent.action.PACKAGE_REMOVED
03-27 20:05:57.325 D/Avrcp_ext( 9935): packageName: com.nfclab.e_leap_project removed: true
03-27 20:05:57.325 V/Avrcp_ext( 9935): isBrowseSupported for com.nfclab.e_leap_project: false
03-27 20:05:57.325 D/Avrcp_ext( 9935): Exit handlePackageModified
03-27 20:05:57.326 D/AppInstalledReceiver( 4567): receive broadcast
03-27 20:05:57.326 D/BluetoothMapAppObserver( 9935): onReceive
03-27 20:05:57.326 D/BluetoothMapAppObserver( 9935): The removed package is: com.nfclab.e_leap_project
03-27 20:05:57.326 I/TrafficManageService( 4567): mina mPackageReceiver 0
03-27 20:05:57.326 I/InstalledAppMonitor( 4567): com.nfclab.e_leap_projectonReceive remove pkg=com.nfclab.e_leap_project
03-27 20:05:57.327 D/CarrierSvcBindHelper( 2653): No carrier app for: 0
03-27 20:05:57.328 W/BroadcastQueue( 1565): Background execution not allowed: receiving Intent { act=android.intent.action.PACKAGE_REMOVED dat=package:com.nfclab.e_leap_project flg=0x4000010 (has extras) } to com.lbe.security.miui/com.lbe.security.service.BootReceiver
03-27 20:05:57.329 D/AggregateListener(25721): notifyAction action:android.intent.action.PACKAGE_REMOVED
03-27 20:05:57.329 D/AggregateListener(25721): onPackageRemoved packageName:com.nfclab.e_leap_project
03-27 20:05:57.331 D/MiSpeedUtils( 4004): Calling service to removeAuthorizedUid: 10565 and result: 0
03-27 20:05:57.335 D/CarrierSvcBindHelper( 2653): No carrier app for: 1
03-27 20:05:57.337 I/abb     (16287): StartCommandInProcess(73657474696e67730067657400656e61 settings.get.ena [truncated])
03-27 20:05:57.337 E/SELinux (  536): avc:  denied  { find } for interface=vendor.qti.hardware.servicetracker::IServicetracker sid=u:r:system_server:s0 pid=1565 scontext=u:r:system_server:s0 tcontext=u:object_r:default_android_hwservice:s0 tclass=hwservice_manager permissive=0
03-27 20:05:57.341 I/WakelockPolicyManager( 6431): setWakelockPolicy
03-27 20:05:57.343 I/com.lbe.security.service.provider.WakePathDatabaseUtil(18118): onPackageRemoved
03-27 20:05:57.346 D/IdProviderImpl(25923): getOAID
03-27 20:05:57.352 I/com.lbe.security.service.provider.WakePathDatabaseUtil(18118): getWakePathWhiteList: whiteList.size=10
03-27 20:05:57.363 I/WakePathChecker( 1565): MIUILOG-WAKEPATH pushWakePathWhiteList: userId=0 size=10
03-27 20:05:57.365 I/com.lbe.security.service.provider.WakePathDatabaseUtil(18118): getWakePathRuleList: wakeType=17 wakePathRuleInfos.size=0
03-27 20:05:57.366 I/WakePathChecker( 1565): MIUILOG-WAKEPATH pushWakePathRuleInfos: wakeType=17 userId=0 size=0
03-27 20:05:57.367 D/CompatibilityInfo( 1565): mCompatibilityFlags - 0
03-27 20:05:57.367 D/CompatibilityInfo( 1565): applicationDensity - 480
03-27 20:05:57.367 D/CompatibilityInfo( 1565): applicationScale - 1.0
03-27 20:05:57.367 E/SELinux (  536): avc:  denied  { find } for interface=vendor.qti.hardware.servicetracker::IServicetracker sid=u:r:system_server:s0 pid=1565 scontext=u:r:system_server:s0 tcontext=u:object_r:default_android_hwservice:s0 tclass=hwservice_manager permissive=0
03-27 20:05:57.371 D/NtpTrustedTime( 1565): currentTimeMillis() cache hit
03-27 20:05:57.372 V/LocationPolicy( 1565): ACTION_UID_REMOVED for uid=10565
03-27 20:05:57.372 V/LocationPolicy( 1565): writePolicyLocked()
03-27 20:05:57.372 I/netd    (  650): trafficSwapActiveStatsMap() <0.67ms>
03-27 20:05:57.374 E/SELinux (  536): avc:  denied  { find } for interface=vendor.qti.hardware.servicetracker::IServicetracker sid=u:r:system_server:s0 pid=1565 scontext=u:r:system_server:s0 tcontext=u:object_r:default_android_hwservice:s0 tclass=hwservice_manager permissive=0
03-27 20:05:57.375 I/netd    (  650): tetherGetStats() <0.69ms>
03-27 20:05:57.371 W/Binder:1565_D( 1565): type=1400 audit(0.0:61023): avc: denied { getopt } for scontext=u:r:system_server:s0 tcontext=u:r:shell:s0 tclass=unix_stream_socket permissive=0
03-27 20:05:57.371 I/chatty  ( 1565): uid=1000 system_server identical 1 line
03-27 20:05:57.371 W/Binder:1565_D( 1565): type=1400 audit(0.0:61025): avc: denied { getopt } for scontext=u:r:system_server:s0 tcontext=u:r:shell:s0 tclass=unix_stream_socket permissive=0
03-27 20:05:57.379 I/MiuiNetworkPolicy( 1565): updateUidState uid = 1101000, uidState = 11
03-27 20:05:57.379 I/MiuiNetworkPolicy( 1565): updateUidState uid = 1000, uidState = 0
03-27 20:05:57.379 I/MiuiNetworkPolicy( 1565): updateUidState uid = 10262, uidState = 6
03-27 20:05:57.379 I/MiuiNetworkPolicy( 1565): updateMLUid uid:10262,old:20,new:6
03-27 20:05:57.379 I/MiuiNetworkPolicy( 1565): isMLEnabled state:20,uid:10262,connect:DISCONNECTED
03-27 20:05:57.379 I/MiuiNetworkPolicy( 1565): isMLEnabled state:6,uid:10262,connect:DISCONNECTED
03-27 20:05:57.384 W/SearchServiceCore(26186): Abort, client detached.
03-27 20:05:57.371 W/adbd    ( 1906): type=1400 audit(0.0:61026): avc: denied { shutdown } for scontext=u:r:adbd:s0 tcontext=u:r:shell:s0 tclass=unix_stream_socket permissive=0
03-27 20:05:57.389 D/CompatibilityInfo( 1565): mCompatibilityFlags - 0
03-27 20:05:57.389 D/CompatibilityInfo( 1565): applicationDensity - 480
03-27 20:05:57.389 D/CompatibilityInfo( 1565): applicationScale - 1.0
03-27 20:05:57.390 I/FireWallService( 4567): mina mPackageReceiver onReceive
03-27 20:05:57.392 E/SELinux (  536): avc:  denied  { find } for interface=vendor.qti.hardware.servicetracker::IServicetracker sid=u:r:system_server:s0 pid=1565 scontext=u:r:system_server:s0 tcontext=u:object_r:default_android_hwservice:s0 tclass=hwservice_manager permissive=0
03-27 20:05:57.399 I/abb     (16287): StartCommandInProcess(7061636b61676500696e7374616c6c00 package.install. [truncated])
03-27 20:05:57.403 W/PushService( 4861): [Tid:2] onStart() with intent.Action = com.xiaomi.xmsf.push.UNINSTALL, chid = null, pkg = null|null
03-27 20:05:57.404 W/PushService( 4861): [Tid:365] [Job] Handle intent action = com.xiaomi.xmsf.push.UNINSTALL
03-27 20:05:57.410 D/PackageManagerServiceInjector( 1565): MIUILOG- permission　denied android.permission.INSTALL_GRANT_RUNTIME_PERMISSIONS
03-27 20:05:57.411 D/Zygote  (  651): Forked child process 19394
03-27 20:05:57.401 W/Binder:1565_9( 1565): type=1400 audit(0.0:61027): avc: denied { getopt } for scontext=u:r:system_server:s0 tcontext=u:r:shell:s0 tclass=unix_stream_socket permissive=0
03-27 20:05:57.401 I/chatty  ( 1565): uid=1000 system_server identical 1 line
03-27 20:05:57.401 W/Binder:1565_9( 1565): type=1400 audit(0.0:61029): avc: denied { getopt } for scontext=u:r:system_server:s0 tcontext=u:r:shell:s0 tclass=unix_stream_socket permissive=0
03-27 20:05:57.414 W/ActivityManager( 1565): Sending non-protected broadcast com.miui.gamebooster.UNINSTALLAPP from system 4567:com.miui.securitycenter.remote/1000 pkg com.miui.securitycenter. Callers=
03-27 20:05:57.414 I/netd    (  650): firewallSetUidRule(2, 10565, 1) <0.02ms>
03-27 20:05:57.414 D/Boost   ( 1565): hostingType=broadcast, hostingName={com.android.settings/com.android.settings.search.provider.UpdateReceiver}, callerPackage=null, isSystem=true, isBoostNeeded=false.
03-27 20:05:57.414 D/com.miui.gamebooster.provider.GameBoosterProvider( 4567): delete
03-27 20:05:57.416 D/OemNetd (  650): setPidForPackage: packageName=com.android.settings, pid=19394, pid=1000
03-27 20:05:57.416 I/ActivityManager( 1565): Start proc 19394:com.android.settings/1000 for broadcast {com.android.settings/com.android.settings.search.provider.UpdateReceiver} caller=null
03-27 20:05:57.420 E/OverviewComponentObserver( 2394): updateOverviewTargets: defaultHome=ComponentInfo{com.miui.home/com.miui.home.launcher.Launcher}
03-27 20:05:57.420 W/RecentsImpl( 2394): setIsUseMiuiHomeAsDefaultHome    isUseMiuiHomeAsDefaultHome=true   mIsUseMiuiHomeAsDefaultHome=true
03-27 20:05:57.447 I/Finsky  (18160): [2] uxj.g(0): uxj - Received: android.intent.action.PACKAGE_REMOVED, [EP92ZuLDIRsJXwyTBLwx2s9kOsNcmQhQAhyr3wqikZY]
03-27 20:05:57.448 E/ndroid.setting(19394): Not starting debugger since process cannot load the jdwp agent.
03-27 20:05:57.450 D/CompatibilityInfo( 1565): mCompatibilityFlags - 0
03-27 20:05:57.450 D/CompatibilityInfo( 1565): applicationDensity - 480
03-27 20:05:57.450 D/CompatibilityInfo( 1565): applicationScale - 1.0
03-27 20:05:57.450 E/PackageUtils( 4567): package not install, pkg=com.miui.cleaner
