03-27 20:05:59.032 W/PushService( 6636): [Tid:2] this sbn is not at my space
03-27 20:05:59.035 I/DropBoxManagerService( 1565): add tag=system_server_wtf isTagEnabled=true flags=0x2
03-27 20:05:59.045 D/Launcher.Workspace( 2394): Start filling empty cell auto.
03-27 20:05:59.045 D/Launcher.CellLayout( 2394): Start filling empty cell auto on cellX=2,cellY=5 with mHCells=4,mVCells=6
03-27 20:05:59.046 D/Launcher.Workspace( 2394): Start filling empty cell auto.
03-27 20:05:59.046 D/Launcher.CellLayout( 2394): Start filling empty cell auto on cellX=1,cellY=5 with mHCells=4,mVCells=6
03-27 20:05:59.047 D/Launcher.CellLayout( 2394): requestLayout after has recalculated item position
03-27 20:05:59.047 D/Launcher.CellLayout( 2394): requestLayout after has recalculated item position
03-27 20:05:59.049 D/StatusBar( 2147): No peeking: unimportant notification: 0|com.google.android.gms|2131362205|null|10066
03-27 20:05:59.050 D/StatusBar( 2147): onNotificationRemoved key=0|com.google.android.gms|2131362205|null|10066 reason=8
03-27 20:05:59.050 W/StatusBar( 2147): removeNotification for unknown key: 0|com.google.android.gms|2131362205|null|10066
03-27 20:05:59.050 D/StatusBar( 2147): removeNotification null
03-27 20:05:59.062 W/app_process(19500): JNI RegisterNativeMethods: attempt to register 0 native methods for android.media.AudioAttributes
03-27 20:05:59.065 E/SELinux (  536): avc:  denied  { find } for interface=vendor.qti.hardware.servicetracker::IServicetracker sid=u:r:system_server:s0 pid=1565 scontext=u:r:system_server:s0 tcontext=u:object_r:default_android_hwservice:s0 tclass=hwservice_manager permissive=0
03-27 20:05:59.069 D/CompatibilityInfo( 1565): mCompatibilityFlags - 0
03-27 20:05:59.069 D/CompatibilityInfo( 1565): applicationDensity - 480
03-27 20:05:59.069 D/CompatibilityInfo( 1565): applicationScale - 1.0
03-27 20:05:59.070 E/SELinux (  536): avc:  denied  { find } for interface=vendor.qti.hardware.servicetracker::IServicetracker sid=u:r:system_server:s0 pid=1565 scontext=u:r:system_server:s0 tcontext=u:object_r:default_android_hwservice:s0 tclass=hwservice_manager permissive=0
03-27 20:05:59.074 E/libc    (19500): Access denied finding property "persist.vendor.qti.debug.atlogs_enable"
03-27 20:05:59.077 E/SELinux (  536): avc:  denied  { find } for interface=vendor.qti.hardware.servicetracker::IServicetracker sid=u:r:system_server:s0 pid=1565 scontext=u:r:system_server:s0 tcontext=u:object_r:default_android_hwservice:s0 tclass=hwservice_manager permissive=0
03-27 20:05:59.078 E/SELinux (  536): avc:  denied  { find } for interface=vendor.qti.hardware.servicetracker::IServicetracker sid=u:r:system_server:s0 pid=1565 scontext=u:r:system_server:s0 tcontext=u:object_r:default_android_hwservice:s0 tclass=hwservice_manager permissive=0
03-27 20:05:59.079 I/hwservicemanager(  536): getTransport: Cannot find entry vendor.qti.hardware.iop@2.0::IIop/default in either framework or device manifest.
03-27 20:05:59.084 E/Perf    (19568): Fail to get file list com.android.providers.media
03-27 20:05:59.085 E/Perf    (19568): getFolderSize() : Exception_1 = java.lang.NullPointerException: Attempt to get length of null array
03-27 20:05:59.085 E/Perf    (19568): Fail to get file list com.android.providers.media
03-27 20:05:59.085 E/Perf    (19568): getFolderSize() : Exception_1 = java.lang.NullPointerException: Attempt to get length of null array
03-27 20:05:59.086 D/CompatibilityInfo( 1565): mCompatibilityFlags - 0
03-27 20:05:59.087 D/CompatibilityInfo( 1565): applicationDensity - 480
03-27 20:05:59.087 D/CompatibilityInfo( 1565): applicationScale - 1.0
03-27 20:05:59.087 E/SELinux (  536): avc:  denied  { find } for interface=vendor.qti.hardware.servicetracker::IServicetracker sid=u:r:system_server:s0 pid=1565 scontext=u:r:system_server:s0 tcontext=u:object_r:default_android_hwservice:s0 tclass=hwservice_manager permissive=0
03-27 20:05:59.088 I/MiuiNetworkPolicy( 1565): updateUidState uid = 10059, uidState = 11
03-27 20:05:59.089 I/MiuiNetworkPolicy( 1565): updateMLUid uid:10059,old:12,new:11
03-27 20:05:59.089 I/MiuiNetworkPolicy( 1565): isMLEnabled state:12,uid:10059,connect:DISCONNECTED
03-27 20:05:59.089 I/MiuiNetworkPolicy( 1565): isMLEnabled state:11,uid:10059,connect:DISCONNECTED
03-27 20:05:59.089 D/CompatibilityInfo( 1565): mCompatibilityFlags - 0
03-27 20:05:59.089 D/CompatibilityInfo( 1565): applicationDensity - 480
03-27 20:05:59.089 D/CompatibilityInfo( 1565): applicationScale - 1.0
03-27 20:05:59.089 D/AndroidRuntime(19500): Calling main entry com.android.commands.am.Am
03-27 20:05:59.093 D/CompatibilityInfo( 1565): mCompatibilityFlags - 0
03-27 20:05:59.093 D/CompatibilityInfo( 1565): applicationDensity - 480
03-27 20:05:59.093 D/CompatibilityInfo( 1565): applicationScale - 1.0
03-27 20:05:59.093 I/MediaProvider(19568): Begin android.intent.action.PACKAGE_FULLY_REMOVED
03-27 20:05:59.095 I/MiuiNetworkPolicy( 1565): updateUidState uid = 10074, uidState = 12
03-27 20:05:59.095 I/MiuiNetworkPolicy( 1565): updateMLUid uid:10074,old:20,new:12
03-27 20:05:59.095 I/MiuiNetworkPolicy( 1565): isMLEnabled state:20,uid:10074,connect:DISCONNECTED
03-27 20:05:59.095 I/MiuiNetworkPolicy( 1565): isMLEnabled state:12,uid:10074,connect:DISCONNECTED
03-27 20:05:59.098 I/Finsky  (18160): [2] uxj.g(0): uxj - Received: android.intent.action.PACKAGE_FULLY_REMOVED, [EP92ZuLDIRsJXwyTBLwx2s9kOsNcmQhQAhyr3wqikZY]
03-27 20:05:59.100 I/Finsky  (18160): [2] uyb.s(5): Package no longer installed: com.nfclab.e_leap_project
03-27 20:05:59.107 I/Finsky  (18160): [16137] ndw.run(3): Frosting DB delete succeeded: false
03-27 20:05:59.157 W/ActivityManager( 1565): Unable to find instrumentation info for: ComponentInfo{androidx.test.tools.crawler/androidx.test.runner.AndroidJUnitRunner}
03-27 20:05:59.161 V/SettingsProvider( 1565): Notifying for 0: content://settings/global/window_animation_scale
03-27 20:05:59.161 V/SettingsProvider( 1565): Notifying for 11: content://settings/global/window_animation_scale
03-27 20:05:59.163 V/SettingsProvider( 1565): Notifying for 0: content://settings/global/transition_animation_scale
03-27 20:05:59.163 V/SettingsProvider( 1565): Notifying for 11: content://settings/global/transition_animation_scale
03-27 20:05:59.165 V/SettingsProvider( 1565): Notifying for 0: content://settings/global/animator_duration_scale
03-27 20:05:59.166 V/SettingsProvider( 1565): Notifying for 11: content://settings/global/animator_duration_scale
03-27 20:05:59.166 W/Binder  ( 1565): Outgoing transactions from this process must be FLAG_ONEWAY
03-27 20:05:59.166 W/Binder  ( 1565): java.lang.Throwable
03-27 20:05:59.166 W/Binder  ( 1565): 	at android.os.BinderProxy.transact(BinderProxy.java:481)
03-27 20:05:59.166 W/Binder  ( 1565): 	at android.app.IInstrumentationWatcher$Stub$Proxy.instrumentationStatus(IInstrumentationWatcher.java:172)
03-27 20:05:59.166 W/Binder  ( 1565): 	at com.android.server.am.InstrumentationReporter$MyThread.run(InstrumentationReporter.java:80)
03-27 20:05:59.167 I/app_process(19500): System.exit called, status: 1
03-27 20:05:59.167 I/AndroidRuntime(19500): VM exiting with result code 1.
03-27 20:05:59.169 V/SettingsProvider( 1565): Notifying for 0: content://settings/global/window_animation_scale
03-27 20:05:59.169 V/SettingsProvider( 1565): Notifying for 11: content://settings/global/window_animation_scale
03-27 20:05:59.170 V/SettingsProvider( 1565): Notifying for 0: content://settings/global/transition_animation_scale
03-27 20:05:59.171 V/SettingsProvider( 1565): Notifying for 11: content://settings/global/transition_animation_scale
03-27 20:05:59.172 V/SettingsProvider( 1565): Notifying for 0: content://settings/global/animator_duration_scale
03-27 20:05:59.172 V/SettingsProvider( 1565): Notifying for 11: content://settings/global/animator_duration_scale
03-27 20:05:59.173 I/Finsky  (18160): [2] uxj.g(0): uxj - Deduping intent android.intent.action.PACKAGE_FULLY_REMOVED
03-27 20:05:59.175 D/CompatibilityInfo( 1565): mCompatibilityFlags - 0
03-27 20:05:59.175 D/CompatibilityInfo( 1565): applicationDensity - 480
03-27 20:05:59.175 D/CompatibilityInfo( 1565): applicationScale - 1.0
03-27 20:05:59.200 D/CompatibilityInfo( 1565): mCompatibilityFlags - 0
03-27 20:05:59.200 D/CompatibilityInfo( 1565): applicationDensity - 480
03-27 20:05:59.200 D/CompatibilityInfo( 1565): applicationScale - 1.0
03-27 20:05:59.223 I/system_server( 1565): Background concurrent copying GC freed 277437(26MB) AllocSpace objects, 18(1124KB) LOS objects, 31% free, 52MB/76MB, paused 229us total 312.219ms
03-27 20:05:59.241 W/ding:backgroun(18282): Accessing hidden field Ljava/util/Collections$SynchronizedCollection;->mutex:Ljava/lang/Object; (greylist-max-o, reflection, denied)
03-27 20:05:59.242 W/ding:backgroun(18282): Accessing hidden method Ljava/util/Collections$SynchronizedSet;-><init>(Ljava/util/Set;Ljava/lang/Object;)V (greylist-max-o, reflection, denied)
03-27 20:05:59.242 W/ding:backgroun(18282): Accessing hidden method Ljava/util/Collections$SynchronizedCollection;-><init>(Ljava/util/Collection;Ljava/lang/Object;)V (greylist-max-o, reflection, denied)
03-27 20:05:59.286 E/SELinux (  536): avc:  denied  { find } for interface=vendor.qti.hardware.servicetracker::IServicetracker sid=u:r:system_server:s0 pid=1565 scontext=u:r:system_server:s0 tcontext=u:object_r:default_android_hwservice:s0 tclass=hwservice_manager permissive=0
03-27 20:05:59.299 D/CompatibilityInfo( 1565): mCompatibilityFlags - 0
03-27 20:05:59.300 D/CompatibilityInfo( 1565): applicationDensity - 480
03-27 20:05:59.300 D/CompatibilityInfo( 1565): applicationScale - 1.0
03-27 20:05:59.303 I/MiuiNetworkPolicy( 1565): updateUidState uid = 10156, uidState = 20
03-27 20:05:59.303 I/MiuiNetworkPolicy( 1565): updateUidState uid = 10074, uidState = 20
03-27 20:05:59.303 I/MiuiNetworkPolicy( 1565): updateMLUid uid:10074,old:12,new:20
03-27 20:05:59.303 I/MiuiNetworkPolicy( 1565): isMLEnabled state:12,uid:10074,connect:DISCONNECTED
03-27 20:05:59.303 E/SELinux (  536): avc:  denied  { find } for interface=vendor.qti.hardware.servicetracker::IServicetracker sid=u:r:system_server:s0 pid=1565 scontext=u:r:system_server:s0 tcontext=u:object_r:default_android_hwservice:s0 tclass=hwservice_manager permissive=0
03-27 20:05:59.303 I/MiuiNetworkPolicy( 1565): isMLEnabled state:20,uid:10074,connect:DISCONNECTED
03-27 20:05:59.313 E/SELinux (  536): avc:  denied  { find } for interface=vendor.qti.hardware.servicetracker::IServicetracker sid=u:r:system_server:s0 pid=1565 scontext=u:r:system_server:s0 tcontext=u:object_r:default_android_hwservice:s0 tclass=hwservice_manager permissive=0
03-27 20:05:59.314 E/SELinux (  536): avc:  denied  { find } for interface=vendor.qti.hardware.servicetracker::IServicetracker sid=u:r:system_server:s0 pid=1565 scontext=u:r:system_server:s0 tcontext=u:object_r:default_android_hwservice:s0 tclass=hwservice_manager permissive=0
03-27 20:05:59.321 D/Zygote  (  651): Forked child process 19632
03-27 20:05:59.322 D/Boost   ( 1565): hostingType=broadcast, hostingName={com.facebook.appmanager/com.facebook.oxygen.common.packages.event.manifest.ManifestPackageEventReceiver}, callerPackage=null, isSystem=true, isBoostNeeded=false.
03-27 20:05:59.323 D/OemNetd (  650): setPidForPackage: packageName=com.facebook.appmanager, pid=19632, pid=10156
03-27 20:05:59.323 I/ActivityManager( 1565): Start proc 19632:com.facebook.appmanager/u0a156 for broadcast {com.facebook.appmanager/com.facebook.oxygen.common.packages.event.manifest.ManifestPackageEventReceiver} caller=null
03-27 20:05:59.338 E/book.appmanage(19632): Not starting debugger since process cannot load the jdwp agent.
03-27 20:05:59.352 D/CompatibilityInfo( 1565): mCompatibilityFlags - 0
03-27 20:05:59.352 D/CompatibilityInfo( 1565): applicationDensity - 480
03-27 20:05:59.352 D/CompatibilityInfo( 1565): applicationScale - 1.0
03-27 20:05:59.359 D/CompatibilityInfo( 1565): mCompatibilityFlags - 0
03-27 20:05:59.359 D/CompatibilityInfo( 1565): applicationDensity - 480
03-27 20:05:59.359 D/CompatibilityInfo( 1565): applicationScale - 1.0
03-27 20:05:59.362 E/SELinux (  536): avc:  denied  { find } for interface=vendor.qti.hardware.servicetracker::IServicetracker sid=u:r:system_server:s0 pid=1565 scontext=u:r:system_server:s0 tcontext=u:object_r:default_android_hwservice:s0 tclass=hwservice_manager permissive=0
03-27 20:05:59.366 D/CompatibilityInfo( 1565): mCompatibilityFlags - 0
03-27 20:05:59.366 D/CompatibilityInfo( 1565): applicationDensity - 480
03-27 20:05:59.366 D/CompatibilityInfo( 1565): applicationScale - 1.0
03-27 20:05:59.367 E/SELinux (  536): avc:  denied  { find } for interface=vendor.qti.hardware.servicetracker::IServicetracker sid=u:r:system_server:s0 pid=1565 scontext=u:r:system_server:s0 tcontext=u:object_r:default_android_hwservice:s0 tclass=hwservice_manager permissive=0
03-27 20:05:59.371 I/MiuiNetworkPolicy( 1565): updateUidState uid = 10156, uidState = 12
03-27 20:05:59.371 I/MiuiNetworkPolicy( 1565): updateMLUid uid:10156,old:20,new:12
03-27 20:05:59.371 I/MiuiNetworkPolicy( 1565): isMLEnabled state:20,uid:10156,connect:DISCONNECTED
03-27 20:05:59.371 I/MiuiNetworkPolicy( 1565): isMLEnabled state:12,uid:10156,connect:DISCONNECTED
03-27 20:05:59.375 I/MediaProvider(19568): End android.intent.action.PACKAGE_FULLY_REMOVED
03-27 20:05:59.378 E/SELinux (  536): avc:  denied  { find } for interface=vendor.qti.hardware.servicetracker::IServicetracker sid=u:r:system_server:s0 pid=1565 scontext=u:r:system_server:s0 tcontext=u:object_r:default_android_hwservice:s0 tclass=hwservice_manager permissive=0
03-27 20:05:59.383 I/MiuiNetworkPolicy( 1565): updateUidState uid = 10059, uidState = 20
03-27 20:05:59.383 I/MiuiNetworkPolicy( 1565): updateMLUid uid:10059,old:11,new:20
03-27 20:05:59.383 I/MiuiNetworkPolicy( 1565): isMLEnabled state:11,uid:10059,connect:DISCONNECTED
03-27 20:05:59.383 I/MiuiNetworkPolicy( 1565): isMLEnabled state:20,uid:10059,connect:DISCONNECTED
03-27 20:05:59.440 I/Perf    (19632): Connecting to perf service.
03-27 20:05:59.468 D/AndroidRuntime(19629): >>>>>> START com.android.internal.os.RuntimeInit uid 2000 <<<<<<
03-27 20:05:59.471 E/libc    (19629): Access denied finding property "persist.device_config.runtime_native_boot.enable_apex_image"
03-27 20:05:59.461 W/app_process(19629): type=1400 audit(0.0:61060): avc: denied { read } for name="u:object_r:device_config_runtime_native_boot_prop:s0" dev="tmpfs" ino=20130 scontext=u:r:shell:s0 tcontext=u:object_r:device_config_runtime_native_boot_prop:s0 tclass=file permissive=0
03-27 20:05:59.471 I/AndroidRuntime(19629): Using default boot image
03-27 20:05:59.471 E/libc    (19629): Access denied finding property "persist.device_config.runtime_native_boot.disable_lock_profiling"
03-27 20:05:59.471 I/AndroidRuntime(19629): Leaving lock profiling enabled
03-27 20:05:59.472 E/libc    (19629): Access denied finding property "persist.device_config.runtime_native_boot.enable_generational_cc"
03-27 20:05:59.461 W/app_process(19629): type=1400 audit(0.0:61062): avc: denied { read } for name="u:object_r:device_config_runtime_native_boot_prop:s0" dev="tmpfs" ino=20130 scontext=u:r:shell:s0 tcontext=u:object_r:device_config_runtime_native_boot_prop:s0 tclass=file permissive=0
03-27 20:05:59.504 D/b       (19632): ExceptionHandlerManager not explicitly initialized, using default mode
03-27 20:05:59.504 D/b       (19632): initializing exception handler manager, prioritized=true
03-27 20:05:59.519 W/SoLoader(19632): context.getApplicationContext returned null, holding reference to original context.ApplicationSoSource fallbacks to: /data/app/com.facebook.appmanager-5-c1yT-_7joH24mSwfj-tQ==/lib/arm64
03-27 20:05:59.550 I/FeatureParser(19632): can't find grus.xml in assets/device_features/,it may be in /system/etc/device_features
03-27 20:05:59.552 D/ICU     (19629): Time zone APEX file found: /apex/com.android.tzdata/etc/icu/icu_tzdata.dat
03-27 20:05:59.541 W/book.appmanager(19632): type=1400 audit(0.0:61063): avc: denied { read } for name="u:object_r:vendor_displayfeature_prop:s0" dev="tmpfs" ino=20246 scontext=u:r:untrusted_app:s0:c156,c256,c512,c768 tcontext=u:object_r:vendor_displayfeature_prop:s0 tclass=file permissive=0
03-27 20:05:59.554 E/libc    (19632): Access denied finding property "ro.vendor.df.effect.conflict"
03-27 20:05:59.577 E/SQLiteLog(19632): (14) cannot open file at line 36683 of [68b898381a]
03-27 20:05:59.577 E/SQLiteLog(19632): (14) os_unix.c:36683: (2) open(/data/user/0/com.facebook.appmanager/databases/androidx.work.workdb) - 
03-27 20:05:59.579 W/app_process(19629): JNI RegisterNativeMethods: attempt to register 0 native methods for android.media.AudioAttributes
03-27 20:05:59.580 E/SQLiteDatabase(19632): Failed to open database '/data/user/0/com.facebook.appmanager/databases/androidx.work.workdb'.
03-27 20:05:59.580 E/SQLiteDatabase(19632): android.database.sqlite.SQLiteCantOpenDatabaseException: unknown error (code 14 SQLITE_CANTOPEN): Could not open database
03-27 20:05:59.580 E/SQLiteDatabase(19632): 	at android.database.sqlite.SQLiteConnection.nativeOpen(Native Method)
03-27 20:05:59.580 E/SQLiteDatabase(19632): 	at android.database.sqlite.SQLiteConnection.open(SQLiteConnection.java:215)
03-27 20:05:59.580 E/SQLiteDatabase(19632): 	at android.database.sqlite.SQLiteConnection.open(SQLiteConnection.java:197)
03-27 20:05:59.580 E/SQLiteDatabase(19632): 	at android.database.sqlite.SQLiteConnectionPool.openConnectionLocked(SQLiteConnectionPool.java:505)
03-27 20:05:59.580 E/SQLiteDatabase(19632): 	at android.database.sqlite.SQLiteConnectionPool.open(SQLiteConnectionPool.java:206)
03-27 20:05:59.580 E/SQLiteDatabase(19632): 	at android.database.sqlite.SQLiteConnectionPool.open(SQLiteConnectionPool.java:198)
03-27 20:05:59.580 E/SQLiteDatabase(19632): 	at android.database.sqlite.SQLiteDatabase.openInner(SQLiteDatabase.java:915)
03-27 20:05:59.580 E/SQLiteDatabase(19632): 	at android.database.sqlite.SQLiteDatabase.open(SQLiteDatabase.java:895)
03-27 20:05:59.580 E/SQLiteDatabase(19632): 	at android.database.sqlite.SQLiteDatabase.openDatabase(SQLiteDatabase.java:786)
03-27 20:05:59.580 E/SQLiteDatabase(19632): 	at android.database.sqlite.SQLiteDatabase.openDatabase(SQLiteDatabase.java:733)
03-27 20:05:59.580 E/SQLiteDatabase(19632): 	at com.facebook.oxygen.common.androidx.workmanager.initializer.b.a(WorkManagerDatabase.java:20)
03-27 20:05:59.580 E/SQLiteDatabase(19632): 	at com.facebook.oxygen.appmanager.app.c.a(AppManagerApplicationImpl.java:19)
03-27 20:05:59.580 E/SQLiteDatabase(19632): 	at com.facebook.oxygen.common.d.b.d.onCreate(OxpDelegatingApplication.java:75)
03-27 20:05:59.580 E/SQLiteDatabase(19632): 	at android.app.Instrumentation.callApplicationOnCreate(Instrumentation.java:1190)
03-27 20:05:59.580 E/SQLiteDatabase(19632): 	at android.app.ActivityThread.handleBindApplication(ActivityThread.java:6582)
03-27 20:05:59.580 E/SQLiteDatabase(19632): 	at android.app.ActivityThread.access$1400(ActivityThread.java:224)
03-27 20:05:59.580 E/SQLiteDatabase(19632): 	at android.app.ActivityThread$H.handleMessage(ActivityThread.java:1887)
03-27 20:05:59.580 E/SQLiteDatabase(19632): 	at android.os.Handler.dispatchMessage(Handler.java:107)
03-27 20:05:59.580 E/SQLiteDatabase(19632): 	at android.os.Looper.loop(Looper.java:224)
03-27 20:05:59.580 E/SQLiteDatabase(19632): 	at android.app.ActivityThread.main(ActivityThread.java:7562)
03-27 20:05:59.580 E/SQLiteDatabase(19632): 	at java.lang.reflect.Method.invoke(Native Method)
03-27 20:05:59.580 E/SQLiteDatabase(19632): 	at com.android.internal.os.RuntimeInit$MethodAndArgsCaller.run(RuntimeInit.java:539)
03-27 20:05:59.580 E/SQLiteDatabase(19632): 	at com.android.internal.os.ZygoteInit.main(ZygoteInit.java:950)
03-27 20:05:59.582 I/hwservicemanager(  536): getTransport: Cannot find entry vendor.qti.hardware.iop@2.0::IIop/default in either framework or device manifest.
03-27 20:05:59.571 W/main    (19629): type=1400 audit(0.0:61064): avc: denied { read } for name="u:object_r:vendor_mpctl_prop:s0" dev="tmpfs" ino=20260 scontext=u:r:shell:s0 tcontext=u:object_r:vendor_mpctl_prop:s0 tclass=file permissive=0
03-27 20:05:59.582 E/libc    (19629): Access denied finding property "persist.vendor.qti.debug.atlogs_enable"
03-27 20:05:59.587 E/Perf    (19632): Fail to get file list lib
03-27 20:05:59.587 D/AndroidRuntime(19629): Calling main entry com.android.commands.am.Am
03-27 20:05:59.587 E/Perf    (19632): getFolderSize() : Exception_1 = java.lang.NullPointerException: Attempt to get length of null array
03-27 20:05:59.595 W/ActivityManager( 1565): Unable to find instrumentation info for: ComponentInfo{androidx.test.tools.crawler/androidx.test.tools.crawler.CrawlMonitor}
03-27 20:05:59.596 W/Binder  ( 1565): Outgoing transactions from this process must be FLAG_ONEWAY
03-27 20:05:59.596 W/Binder  ( 1565): java.lang.Throwable
03-27 20:05:59.596 W/Binder  ( 1565): 	at android.os.BinderProxy.transact(BinderProxy.java:481)
03-27 20:05:59.596 W/Binder  ( 1565): 	at android.app.IInstrumentationWatcher$Stub$Proxy.instrumentationStatus(IInstrumentationWatcher.java:172)
03-27 20:05:59.596 W/Binder  ( 1565): 	at com.android.server.am.InstrumentationReporter$MyThread.run(InstrumentationReporter.java:80)
03-27 20:05:59.597 I/MiuiNetworkPolicy( 1565): updateUidState uid = 10156, uidState = 20
03-27 20:05:59.597 I/MiuiNetworkPolicy( 1565): updateMLUid uid:10156,old:12,new:20
03-27 20:05:59.597 I/MiuiNetworkPolicy( 1565): isMLEnabled state:12,uid:10156,connect:DISCONNECTED
03-27 20:05:59.597 I/MiuiNetworkPolicy( 1565): isMLEnabled state:20,uid:10156,connect:DISCONNECTED
03-27 20:05:59.597 I/app_process(19629): System.exit called, status: 1
03-27 20:05:59.597 I/MiuiNetworkPolicy( 1565): updateUidState uid = 10127, uidState = 20
03-27 20:05:59.597 I/AndroidRuntime(19629): VM exiting with result code 1.
03-27 20:05:59.601 D/AlarmManagerServiceInjector( 1565): adjustAlarmLocked, alarm is not restricted!
03-27 20:05:59.609 I/chatty  ( 1565): uid=1000(system) Binder:1565_C identical 98 lines
03-27 20:05:59.609 D/AlarmManagerServiceInjector( 1565): adjustAlarmLocked, alarm is not restricted!
03-27 20:05:59.609 D/AlarmManagerServiceInjector( 1565): adjustAlarmLocked, is pending alarm: com.instagram.android, tag: *walarm*:action_batch_upload, whenElapsed: 369335091, now: 110135091
03-27 20:05:59.609 D/AlarmManagerServiceInjector( 1565): adjustAlarmLocked, is pending alarm: com.android.providers.calendar, tag: *walarm*:com.android.providers.calendar.intent.CalendarProvider2, whenElapsed: 369335091, now: 110135091
03-27 20:05:59.609 D/AlarmManagerServiceInjector( 1565): adjustAlarmLocked, is pending alarm: com.android.providers.calendar, tag: *walarm*:com.android.providers.calendar.intent.CalendarProvider2, whenElapsed: 369335091, now: 110135091
03-27 20:05:59.609 D/AlarmManagerServiceInjector( 1565): adjustAlarmLocked, is pending alarm: android, tag: *walarm*:*job.delay*, whenElapsed: 369348323, now: 110135091
03-27 20:05:59.609 D/AlarmManagerServiceInjector( 1565): adjustAlarmLocked, is pending alarm: android, tag: *walarm*:*job.deadline*, whenElapsed: 369921521, now: 110135091
03-27 20:05:59.609 D/AlarmManagerServiceInjector( 1565): adjustAlarmLocked, is pending alarm: com.google.android.googlequicksearchbox, tag: *alarm*:com.google.android.libraries.notifications.SYSTEM_TRAY_EVENT, whenElapsed: 376372482, now: 110135091
03-27 20:05:59.609 D/AlarmManagerServiceInjector( 1565): adjustAlarmLocked, is pending alarm: com.google.android.apps.maps, tag: *alarm*:com.google.android.apps.gmm.plugins.serverrecovery.SCHEDULED_CHECK, whenElapsed: 382862820, now: 110135091
03-27 20:05:59.609 D/AlarmManagerServiceInjector( 1565): adjustAlarmLocked, is pending alarm: com.google.android.calendar, tag: *alarm*:com.google.android.calendar.intent.action.MIDNIGHT, whenElapsed: 383845346, now: 110135091
03-27 20:05:59.609 D/AlarmManagerServiceInjector( 1565): adjustAlarmLocked, is pending alarm: com.lenovo.anyshare.gps, tag: *walarm*:com.ushareit.adcs.action.ADCS_ALARM, whenElapsed: 401516200, now: 110135091
03-27 20:05:59.609 D/AlarmManagerServiceInjector( 1565): adjustAlarmLocked, is pending alarm: com.google.android.googlequicksearchbox, tag: *alarm*:com.google.android.libraries.notifications.SYSTEM_TRAY_EVENT, whenElapsed: 444097482, now: 110135091
03-27 20:05:59.609 D/AlarmManagerServiceInjector( 1565): adjustAlarmLocked, is pending alarm: com.facebook.orca, tag: *alarm*:com.facebook.intent.action.prod.FOR_DELAYED_WORKER_SERVICE, whenElapsed: 448914602, now: 110135091
03-27 20:05:59.609 D/AlarmManagerServiceInjector( 1565): adjustAlarmLocked, is pending alarm: com.facebook.appmanager, tag: *alarm*:com.facebook.oxygen.appmanager.periodicwork.GUARD_BATTERY_CALLBACK, whenElapsed: 608013472, now: 110135091
03-27 20:05:59.609 D/AlarmManagerServiceInjector( 1565): adjustAlarmLocked, alarm is not restricted!
03-27 20:05:59.611 I/chatty  ( 1565): uid=1000(system) Binder:1565_C identical 74 lines
03-27 20:05:59.611 D/AlarmManagerServiceInjector( 1565): adjustAlarmLocked, alarm is not restricted!
03-27 20:05:59.611 D/AlarmManagerServiceInjector( 1565): adjustAlarmLocked, is pending alarm: com.facebook.appmanager, tag: *alarm*:backupJobSchedulerCheck, whenElapsed: 628535071, now: 110135093
03-27 20:05:59.616 E/SELinux (  536): avc:  denied  { find } for interface=vendor.qti.hardware.servicetracker::IServicetracker sid=u:r:system_server:s0 pid=1565 scontext=u:r:system_server:s0 tcontext=u:object_r:default_android_hwservice:s0 tclass=hwservice_manager permissive=0
03-27 20:05:59.619 D/Zygote  (  651): Forked child process 19671
03-27 20:05:59.620 D/Boost   ( 1565): hostingType=broadcast, hostingName={com.google.android.apps.maps/com.google.android.libraries.social.peoplekit.thirdparty.viewcontrollers.ThirdPartyReceiver}, callerPackage=null, isSystem=true, isBoostNeeded=false.
03-27 20:05:59.621 D/OemNetd (  650): setPidForPackage: packageName=com.google.android.apps.maps, pid=19671, pid=10127
03-27 20:05:59.621 I/ActivityManager( 1565): Start proc 19671:com.google.android.apps.maps/u0a127 for broadcast {com.google.android.apps.maps/com.google.android.libraries.social.peoplekit.thirdparty.viewcontrollers.ThirdPartyReceiver} caller=null
03-27 20:05:59.624 E/SELinux (  536): avc:  denied  { find } for interface=vendor.qti.hardware.servicetracker::IServicetracker sid=u:r:system_server:s0 pid=1565 scontext=u:r:system_server:s0 tcontext=u:object_r:default_android_hwservice:s0 tclass=hwservice_manager permissive=0
03-27 20:05:59.625 E/droid.apps.map(19671): Unknown bits set in runtime_flags: 0x8000
